*** 2024-08-12 11:40:38.901 idempiere Log (CLogFile) ***
11:40:38.900 Adempiere.startup: iDempiere(r) Release 11_2023-12-24 -Smart Suite ERP, CRM and SCM- (c) 1999-2024 iDempiere(r); Implementation: iDempiere - Supported by iDempiere community [24]
11:40:38.902 Ini.loadProperties: /opt/idempiere/idempiere.properties #27 [24]
11:40:39.290-----------> Activator.createHazelCastInstance: Starting hazelcast with configuration from file hazelcast.xml [24]
11:40:39.822-----------> CPSubsystem: [172.18.0.4]:5701 [adempiere.idempiere/postgres:5679] [5.3.1] CP Subsystem is not enabled. CP data structures will operate in UNSAFE mode! Please note that UNSAFE mode will not provide strong consistency guarantees. [24]
11:40:43.774-----------> EMail.setFrom: you @ company.org: javax.mail.internet.AddressException: Local address contains control or whitespace in string ``you @ company.org'' [24]
11:40:43.777-----------> EMail.addTo: you @ company.org: javax.mail.internet.AddressException: Local address contains control or whitespace in string ``you @ company.org'' [24]
11:40:43.777-----------> EMail.isValid: From is invalid=null [24]
11:40:43.777-----------> EMail.isValid: From is invalid=null [24]
11:40:43.780-----------> MClient.sendEMail: Could NOT Send Email: Server started: iDempiere (0192cc785aad:172.18.0.4) to you @ company.org: Invalid Data (System) [24]
11:40:44.540           LoggedSessionListener.contextInitialized: context initialized for 9.6.4 [24]
11:40:44.929-----------> DefaultAnnotationProcessor.fallbackToManualAnnotatedClasses: Unable to detect annotations. Application may fail to deploy. [24]
11:41:24.263-----------> MClient.createEMail: From EMail incomplete: MUser[10,Name=System,EMailUserID=null] (System) [374]
11:41:24.290-----------> MClient.createEMail: From EMail incomplete: MUser[10,Name=System,EMailUserID=null] (System) [374]
11:41:25.545-----------> Fact.isAcctBalanced: NO - Diff=0.01 - Fact[MAllocationHdr[101-13208: Approval Amount=2.2 (#1)],AcctSchema[200000-Second Schema GardenWorld Euro],PostType=A] [362]
11:41:25.630-----------> Fact.isAcctBalanced: NO - Diff=-0.01 - Fact[X_C_BankStatement[100,Name=2002-02-22],AcctSchema[200000-Second Schema GardenWorld Euro],PostType=A] [362]
11:41:25.778-----------> FactLine.setAmtSource: Source DR Precision 15.7143 -> 15.71 [362]
11:41:25.780-----------> FactLine.setAmtSource: Source CR Precision 15.7143 -> 15.71 [362]
11:41:25.843-----------> FactLine.setAmtSource: Source DR Precision 13.3571 -> 13.36 [362]
11:41:25.844-----------> FactLine.setAmtSource: Source CR Precision 13.3571 -> 13.36 [362]
11:41:25.938-----------> Fact.isAcctBalanced: NO - Diff=-0.01 - Fact[MInvoice[103-200002,GrandTotal=161.12 (#3)],AcctSchema[200000-Second Schema GardenWorld Euro],PostType=A] [362]
11:41:27.379-----------> Fact.isAcctBalanced: NO - Diff=-0.01 - Fact[MInvoice[106-10000003,GrandTotal=3657.5 (#6)],AcctSchema[200000-Second Schema GardenWorld Euro],PostType=A] [362]
11:41:28.710-----------> FactLine.setAmtSource: Source DR Precision 201.8750 -> 201.88 [362]
11:41:28.712-----------> FactLine.setAmtSource: Source CR Precision 201.8750 -> 201.88 [362]
11:41:28.823-----------> FactLine.setAmtSource: Source CR Precision 208.3750 -> 208.38 [362]
11:41:28.824-----------> FactLine.setAmtSource: Source DR Precision 208.3750 -> 208.38 [362]
11:41:28.845-----------> FactLine.setAmtSource: Source CR Precision 177.1188 -> 177.12 [362]
11:41:28.845-----------> FactLine.setAmtSource: Source DR Precision 177.1188 -> 177.12 [362]
