*** 2024-07-16 12:30:29.673 idempiere Log (CLogFile) ***
12:30:29.672 Adempiere.startup: iDempiere(r) Release 11_2023-12-24 -Smart Suite ERP, CRM and SCM- (c) 1999-2024 iDempiere(r); Implementation: iDempiere - Supported by iDempiere community [18]
12:30:29.675 Ini.loadProperties: /opt/idempiere/idempiere.properties #27 [18]
12:30:29.689 AnnotationBasedModelFactory.lambda$0: AnnotationBasedModelFactory loaded 752 classes in 3.478s [34]
12:30:30.374-----------> Activator.createHazelCastInstance: Starting hazelcast with configuration from file hazelcast.xml [18]
12:30:31.173-----------> CPSubsystem: [172.23.0.4]:5701 [adempiere.idempiere/postgres:5679] [5.3.1] CP Subsystem is not enabled. CP data structures will operate in UNSAFE mode! Please note that UNSAFE mode will not provide strong consistency guarantees. [18]
12:30:35.821-----------> EMail.setFrom: you @ company.org: javax.mail.internet.AddressException: Local address contains control or whitespace in string ``you @ company.org'' [18]
12:30:35.824-----------> EMail.addTo: you @ company.org: javax.mail.internet.AddressException: Local address contains control or whitespace in string ``you @ company.org'' [18]
12:30:35.824-----------> EMail.isValid: From is invalid=null [18]
12:30:35.825-----------> EMail.isValid: From is invalid=null [18]
12:30:35.829-----------> MClient_BH.sendEMail: Could NOT Send Email: Server started: iDempiere (5edd645cfc8a:172.23.0.4) to you @ company.org: Invalid Data (System) [18]
12:30:36.539           LoggedSessionListener.contextInitialized: context initialized for 9.6.4 [18]
12:30:37.047-----------> DefaultAnnotationProcessor.fallbackToManualAnnotatedClasses: Unable to detect annotations. Application may fail to deploy. [18]
12:30:39.987-----------> ModelADServiceImpl.validateParameter: Web service type RunTests_GW: constant parameter AD_Process_ID changed to 999999 [283]
12:30:40.087-----------> DefaultProcessFactory.newProcessInstance: com.chuboe.test.process.DoChuBoePopulate [283]
java.lang.ClassNotFoundException: com.chuboe.test.process.DoChuBoePopulate cannot be found by org.adempiere.base_11.0.0.202402092117
	at org.eclipse.osgi.internal.loader.BundleLoader.generateException(BundleLoader.java:541)
	at org.eclipse.osgi.internal.loader.BundleLoader.findClass0(BundleLoader.java:536)
	at org.eclipse.osgi.internal.loader.BundleLoader.findClass(BundleLoader.java:416)
	at org.eclipse.osgi.internal.loader.ModuleClassLoader.loadClass(ModuleClassLoader.java:168)
	at java.base/java.lang.ClassLoader.loadClass(ClassLoader.java:525)
	at org.adempiere.base.DefaultProcessFactory.newProcessInstance(DefaultProcessFactory.java:65)
	at org.adempiere.base.Core.getProcess(Core.java:190)
	at org.adempiere.util.ProcessUtil.startJavaProcess(ProcessUtil.java:162)
	at org.adempiere.util.ProcessUtil.startJavaProcess(ProcessUtil.java:142)
	at org.compiere.model.MProcess.startClass(MProcess.java:480)
	at org.compiere.model.MProcess.processIt(MProcess.java:389)
	at org.idempiere.adinterface.Process.runProcess(Process.java:363)
	at org.idempiere.adinterface.ModelADServiceImpl.runProcess(ModelADServiceImpl.java:442)
	at java.base/jdk.internal.reflect.NativeMethodAccessorImpl.invoke0(Native Method)
	at java.base/jdk.internal.reflect.NativeMethodAccessorImpl.invoke(NativeMethodAccessorImpl.java:77)
	at java.base/jdk.internal.reflect.DelegatingMethodAccessorImpl.invoke(DelegatingMethodAccessorImpl.java:43)
	at java.base/java.lang.reflect.Method.invoke(Method.java:568)
	at org.apache.cxf.service.invoker.AbstractInvoker.performInvocation(AbstractInvoker.java:179)
	at org.apache.cxf.jaxws.JAXWSMethodInvoker.performInvocation(JAXWSMethodInvoker.java:66)
	at org.apache.cxf.service.invoker.AbstractInvoker.invoke(AbstractInvoker.java:96)
	at org.apache.cxf.jaxws.AbstractJAXWSMethodInvoker.invoke(AbstractJAXWSMethodInvoker.java:232)

12:30:40.090-----------> ModelADServiceImpl.runProcess: Error running webservice RunTests_GW -> Failed to create new process instance for com.chuboe.test.process.DoChuBoePopulate [283]
12:30:58.525-----------> ModelADServiceImpl.validateParameter: Web service type RunTests_GW: constant parameter AD_Process_ID changed to 999999 [263]
12:30:58.558-----------> DefaultProcessFactory.newProcessInstance: com.chuboe.test.process.DoChuBoePopulate [263]
java.lang.ClassNotFoundException: com.chuboe.test.process.DoChuBoePopulate cannot be found by org.adempiere.base_11.0.0.202402092117
	at org.eclipse.osgi.internal.loader.BundleLoader.generateException(BundleLoader.java:541)
	at org.eclipse.osgi.internal.loader.BundleLoader.findClass0(BundleLoader.java:536)
	at org.eclipse.osgi.internal.loader.BundleLoader.findClass(BundleLoader.java:416)
	at org.eclipse.osgi.internal.loader.ModuleClassLoader.loadClass(ModuleClassLoader.java:168)
	at java.base/java.lang.ClassLoader.loadClass(ClassLoader.java:525)
	at org.adempiere.base.DefaultProcessFactory.newProcessInstance(DefaultProcessFactory.java:65)
	at org.adempiere.base.Core.getProcess(Core.java:190)
	at org.adempiere.util.ProcessUtil.startJavaProcess(ProcessUtil.java:162)
	at org.adempiere.util.ProcessUtil.startJavaProcess(ProcessUtil.java:142)
	at org.compiere.model.MProcess.startClass(MProcess.java:480)
	at org.compiere.model.MProcess.processIt(MProcess.java:389)
	at org.idempiere.adinterface.Process.runProcess(Process.java:363)
	at org.idempiere.adinterface.ModelADServiceImpl.runProcess(ModelADServiceImpl.java:442)
	at java.base/jdk.internal.reflect.NativeMethodAccessorImpl.invoke0(Native Method)
	at java.base/jdk.internal.reflect.NativeMethodAccessorImpl.invoke(NativeMethodAccessorImpl.java:77)
	at java.base/jdk.internal.reflect.DelegatingMethodAccessorImpl.invoke(DelegatingMethodAccessorImpl.java:43)
	at java.base/java.lang.reflect.Method.invoke(Method.java:568)
	at org.apache.cxf.service.invoker.AbstractInvoker.performInvocation(AbstractInvoker.java:179)
	at org.apache.cxf.jaxws.JAXWSMethodInvoker.performInvocation(JAXWSMethodInvoker.java:66)
	at org.apache.cxf.service.invoker.AbstractInvoker.invoke(AbstractInvoker.java:96)
	at org.apache.cxf.jaxws.AbstractJAXWSMethodInvoker.invoke(AbstractJAXWSMethodInvoker.java:232)

12:30:58.560-----------> ModelADServiceImpl.runProcess: Error running webservice RunTests_GW -> Failed to create new process instance for com.chuboe.test.process.DoChuBoePopulate [263]
12:31:04.799-----------> SchemaClassScanner.handleNewType: Cannot find definition for field 'bh_window_id: BigDecimal' on input type 'BH_Voided_ReasonInput' -> org.bandahealth.idempiere.graphql.model.input.I_BH_Voided_ReasonInput. Try adding it manually to the dictionary [18]
12:31:05.623-----------> SchemaClassScanner.handleNewType: Cannot find definition for field 'bh_nextappointmentdate: Date' on input type 'C_BPartnerInput' -> org.bandahealth.idempiere.graphql.model.input.I_C_BPartnerInput. Try adding it manually to the dictionary [18]
12:31:12.993-----------> SchemaClassScanner.handleNewType: Cannot find definition for field 'ad_user_created: Date' on input type 'RV_BPartnerInput' -> org.bandahealth.idempiere.graphql.model.input.I_RV_BPartnerInput. Try adding it manually to the dictionary [18]
12:31:12.993-----------> SchemaClassScanner.handleNewType: Cannot find definition for field 'ad_user_updated: Date' on input type 'RV_BPartnerInput' -> org.bandahealth.idempiere.graphql.model.input.I_RV_BPartnerInput. Try adding it manually to the dictionary [18]
12:31:12.994-----------> SchemaClassScanner.handleNewType: Cannot find definition for field 'c_bp_dunninggrace: Date' on input type 'RV_BPartnerInput' -> org.bandahealth.idempiere.graphql.model.input.I_RV_BPartnerInput. Try adding it manually to the dictionary [18]
12:31:12.994-----------> SchemaClassScanner.handleNewType: Cannot find definition for field 'c_bp_location_created: Date' on input type 'RV_BPartnerInput' -> org.bandahealth.idempiere.graphql.model.input.I_RV_BPartnerInput. Try adding it manually to the dictionary [18]
12:31:12.995-----------> SchemaClassScanner.handleNewType: Cannot find definition for field 'c_bp_location_updated: Date' on input type 'RV_BPartnerInput' -> org.bandahealth.idempiere.graphql.model.input.I_RV_BPartnerInput. Try adding it manually to the dictionary [18]
12:31:12.996-----------> SchemaClassScanner.handleNewType: Cannot find definition for field 'c_location_created: Date' on input type 'RV_BPartnerInput' -> org.bandahealth.idempiere.graphql.model.input.I_RV_BPartnerInput. Try adding it manually to the dictionary [18]
12:31:12.996-----------> SchemaClassScanner.handleNewType: Cannot find definition for field 'c_location_updated: Date' on input type 'RV_BPartnerInput' -> org.bandahealth.idempiere.graphql.model.input.I_RV_BPartnerInput. Try adding it manually to the dictionary [18]
12:31:33.577-----------> AdempiereActivator.installPackage: Installing org.bandahealth.idempiere.base 11.0.0 ... [313]
12:31:33.578-----------> AdempiereActivator.installPackage: org.bandahealth.idempiere.base 11.0.0 installed. [313]
12:31:33.580-----------> AdempiereActivator.installPackage: Installing com.chuboe.test.populate 11.0.0 ... [357]
12:31:33.580-----------> AdempiereActivator.installPackage: com.chuboe.test.populate 11.0.0 installed. [357]
12:31:33.582-----------> AdempiereActivator.installPackage: Installing org.bandahealth.idempiere.rest.test 11.0.0 ... [323]
12:31:33.582-----------> AdempiereActivator.installPackage: org.bandahealth.idempiere.rest.test 11.0.0 installed. [323]
12:31:33.584-----------> AdempiereActivator.installPackage: Installing org.bandahealth.idempiere.graphql.test 11.0.0 ... [319]
12:31:33.584-----------> AdempiereActivator.installPackage: org.bandahealth.idempiere.graphql.test 11.0.0 installed. [319]
12:31:33.586-----------> AdempiereActivator.installPackage: Installing org.bandahealth.idempiere.report.test 11.0.0 ... [321]
12:31:33.586-----------> AdempiereActivator.installPackage: org.bandahealth.idempiere.report.test 11.0.0 installed. [321]
12:31:33.588-----------> AdempiereActivator.installPackage: Installing org.bandahealth.idempiere.base.test 11.0.0 ... [317]
12:31:33.588-----------> AdempiereActivator.installPackage: org.bandahealth.idempiere.base.test 11.0.0 installed. [317]
12:31:44.433-----------> ModelADServiceImpl.validateParameter: Web service type RunTests_GW: constant parameter AD_Process_ID changed to 999999 [259]
12:31:44.515-----------> MChuBoePopulateResponse.set_Value: Classname - Value too long - truncated to length=60 [259]
12:31:45.023-----------> MChuBoePopulateResponse.set_Value: Classname - Value too long - truncated to length=60 [259]
12:31:46.436-----------> MChuBoePopulateResponse.set_Value: Classname - Value too long - truncated to length=60 [259]
12:31:47.778-----------> MCharge_BH.set_Value: Name - Value too long - truncated to length=60 [259]
12:31:49.651-----------> MCharge_BH.set_Value: Name - Value too long - truncated to length=60 [259]
12:31:50.731-----------> MChuBoePopulateResponse.set_Value: Classname - Value too long - truncated to length=60 [259]
12:31:53.237-----------> MChuBoePopulateResponse.set_Value: Classname - Value too long - truncated to length=60 [259]
12:31:53.335-----------> MChuBoePopulateResponse.set_Value: Classname - Value too long - truncated to length=60 [259]
12:31:53.455-----------> MChuBoePopulateResponse.set_Value: Classname - Value too long - truncated to length=60 [259]
12:31:53.887===========> ImportCSVProcess.process: org.adempiere.exceptions.AdempiereException: Field bh_gender not found in tab Business Partner [259]
org.adempiere.exceptions.AdempiereException: Field bh_gender not found in tab Business Partner
	at org.adempiere.impexp.GridTabCSVImporter.throwAdempiereException(GridTabCSVImporter.java:791)
	at org.adempiere.impexp.GridTabCSVImporter.mapCSVHeader(GridTabCSVImporter.java:379)
	at org.adempiere.impexp.GridTabCSVImporter.fileImport(GridTabCSVImporter.java:153)
	at org.idempiere.process.ImportCSVProcess.importFile(ImportCSVProcess.java:150)
	at org.idempiere.process.ImportCSVProcess.doIt(ImportCSVProcess.java:91)
	at org.compiere.process.SvrProcess.process(SvrProcess.java:256)
	at org.compiere.process.SvrProcess.startProcess(SvrProcess.java:164)
	at com.chuboe.test.populate.ChuBoeCreateEntity.runProcess(ChuBoeCreateEntity.java:1003)
	at org.bandahealth.idempiere.base.test.process.ImportBusinessPartnersProcessTest.businessPartnerIsImportedProperly(ImportBusinessPartnersProcessTest.java:133)
	at java.base/jdk.internal.reflect.NativeMethodAccessorImpl.invoke0(Native Method)
	at java.base/jdk.internal.reflect.NativeMethodAccessorImpl.invoke(NativeMethodAccessorImpl.java:77)
	at java.base/jdk.internal.reflect.DelegatingMethodAccessorImpl.invoke(DelegatingMethodAccessorImpl.java:43)
	at java.base/java.lang.reflect.Method.invoke(Method.java:568)
	at com.chuboe.test.process.DoChuBoePopulate.doIt(DoChuBoePopulate.java:245)
	at org.compiere.process.SvrProcess.process(SvrProcess.java:256)
	at org.compiere.process.SvrProcess.startProcess(SvrProcess.java:164)
	at org.adempiere.util.ProcessUtil.startJavaProcess(ProcessUtil.java:175)
	at org.adempiere.util.ProcessUtil.startJavaProcess(ProcessUtil.java:142)
	at org.compiere.model.MProcess.startClass(MProcess.java:480)
	at org.compiere.model.MProcess.processIt(MProcess.java:389)
	at org.idempiere.adinterface.Process.runProcess(Process.java:363)

12:31:53.955-----------> MChuBoePopulateResponse.set_Value: Classname - Value too long - truncated to length=60 [259]
12:31:54.023-----------> X_BH_I_Product_Quantity.set_Value: Name - Value too long - truncated to length=60 [259]
12:31:54.167===========> DB.executeUpdate: INSERT INTO M_Cost (AD_Client_ID,AD_Org_ID,M_Product_ID,M_CostType_ID,C_AcctSchema_ID,IsActive,Created,CreatedBy,Updated,UpdatedBy,CurrentCostPrice,FutureCostPrice,M_AttributeSetInstance_ID,CumulatedAmt,CumulatedQty,CurrentQty,M_Cost_UU) VALUES (?,?,?,?,?,?,?,?,?,?,?,?,?,?,?,?,?) [SvrProcess_30e36691-e24a-4a9e-ac7c-1ee5ba6bccd8] [259]
org.postgresql.util.PSQLException: ERROR: null value in column "m_costelement_id" of relation "m_cost" violates not-null constraint
  Detail: Failing row contains (11, 0, 1000574, 100, 101, null, 1000059, Y, 2024-07-16 12:31:54.164, 100, 2024-07-16 12:31:54.164, 100, 2000, 9999999, 19999998000, 9999999, 0.0, null, 0, 0, null, N, fcc6725e-4ec4-48d7-87a5-2b5b10c993be).; State=23502; ErrorCode=0
	at org.postgresql.core.v3.QueryExecutorImpl.receiveErrorResponse(QueryExecutorImpl.java:2712)
	at org.postgresql.core.v3.QueryExecutorImpl.processResults(QueryExecutorImpl.java:2400)
	at org.postgresql.core.v3.QueryExecutorImpl.execute(QueryExecutorImpl.java:367)
	at org.postgresql.jdbc.PgStatement.executeInternal(PgStatement.java:498)
	at org.postgresql.jdbc.PgStatement.execute(PgStatement.java:415)
	at org.postgresql.jdbc.PgPreparedStatement.executeWithFlags(PgPreparedStatement.java:190)
	at org.postgresql.jdbc.PgPreparedStatement.executeUpdate(PgPreparedStatement.java:152)
	at com.zaxxer.hikari.pool.ProxyPreparedStatement.executeUpdate(ProxyPreparedStatement.java:61)
	at com.zaxxer.hikari.pool.HikariProxyPreparedStatement.executeUpdate(HikariProxyPreparedStatement.java)
	at jdk.internal.reflect.GeneratedMethodAccessor126.invoke(Unknown Source)
	at java.base/jdk.internal.reflect.DelegatingMethodAccessorImpl.invoke(DelegatingMethodAccessorImpl.java:43)
	at java.base/java.lang.reflect.Method.invoke(Method.java:568)
	at org.compiere.db.StatementProxy.invoke(StatementProxy.java:138)
	at jdk.proxy2/jdk.proxy2.$Proxy17.executeUpdate(Unknown Source)
	at org.compiere.util.DB.executeUpdate(DB.java:1045)
	at org.compiere.util.DB.executeUpdate(DB.java:1013)
	at org.compiere.model.PO.doInsert(PO.java:3395)
	at org.compiere.model.PO.saveNew(PO.java:3374)
	at org.compiere.model.PO.save(PO.java:2490)
	at org.bandahealth.idempiere.base.process.ImportProductsProcess.createLotAndCost(ImportProductsProcess.java:596)
	at org.bandahealth.idempiere.base.process.ImportProductsProcess.doIt(ImportProductsProcess.java:429)
	at org.compiere.process.SvrProcess.process(SvrProcess.java:256)
	at org.compiere.process.SvrProcess.startProcess(SvrProcess.java:164)

12:31:54.169===========> DB.saveError: DBExecuteError - ERROR: null value in column "m_costelement_id" of relation "m_cost" violates not-null constraint
  Detail: Failing row contains (11, 0, 1000574, 100, 101, null, 1000059, Y, 2024-07-16 12:31:54.164, 100, 2024-07-16 12:31:54.164, 100, 2000, 9999999, 19999998000, 9999999, 0.0, null, 0, 0, null, N, fcc6725e-4ec4-48d7-87a5-2b5b10c993be). [259]
12:31:54.169-----------> MCost.doInsert: [SvrProcess_30e36691-e24a-4a9e-ac7c-1ee5ba6bccd8]Not inserted - M_Cost [259]
12:31:54.169===========> MCost.saveError: DBExecuteError - DBExecuteError:ERROR: null value in column "m_costelement_id" of relation "m_cost" violates not-null constraint
  Detail: Failing row contains (11, 0, 1000574, 100, 101, null, 1000059, Y, 2024-07-16 12:31:54.164, 100, 2024-07-16 12:31:54.164, 100, 2000, 9999999, 19999998000, 9999999, 0.0, null, 0, 0, null, N, fcc6725e-4ec4-48d7-87a5-2b5b10c993be). [259]
12:31:54.488-----------> ImportProductsProcess.doIt: Set Duplicate Product Names=2 [259]
12:31:54.490-----------> ImportProductsProcess.doIt: Invalid Expiration Lot 1=1 [259]
12:31:54.582-----------> MChuBoePopulateResponse.set_Value: Classname - Value too long - truncated to length=60 [259]
12:31:57.882-----------> BandaGraphQLContextBuilder.<init>: Constructing GraphQL Context [258]
12:31:58.100-----------> BandaGraphQLContextBuilder.buildDataLoaderRegistry: building data registry [258]
12:31:58.381-----------> BandaGraphQLContextBuilder.<init>: Constructing GraphQL Context [282]
12:31:58.384-----------> BandaGraphQLContextBuilder.buildDataLoaderRegistry: building data registry [282]
12:31:58.633-----------> BandaGraphQLContextBuilder.<init>: Constructing GraphQL Context [280]
12:31:58.635-----------> BandaGraphQLContextBuilder.buildDataLoaderRegistry: building data registry [280]
12:31:58.724-----------> BandaGraphQLContextBuilder.<init>: Constructing GraphQL Context [282]
12:31:58.728-----------> BandaGraphQLContextBuilder.buildDataLoaderRegistry: building data registry [282]
12:31:58.976-----------> BandaGraphQLContextBuilder.<init>: Constructing GraphQL Context [280]
12:31:58.980-----------> BandaGraphQLContextBuilder.buildDataLoaderRegistry: building data registry [280]
12:32:14.122===========> MProcessPara.validateUnknownParameter: Process InitialBandaClientSetup - Unknown Parameter: CoAFile= [259]
12:32:14.124===========> MProcessPara.validateUnknownParameter: Process InitialBandaClientSetup - Unknown Parameter: UseDefaultCoA= [259]
12:32:14.129===========> MProcessPara.validateUnknownParameter: Process InitialBandaClientSetup - Unknown Parameter: OrgName= [259]
12:32:14.195===========> MProcessPara.validateUnknownParameter: Process InitialBandaClientSetup - Unknown Parameter: AdminUserName= [259]
12:32:14.201===========> MProcessPara.validateUnknownParameter: Process InitialBandaClientSetup - Unknown Parameter: NormalUserName= [259]
12:32:14.205===========> MProcessPara.validateUnknownParameter: Process InitialBandaClientSetup - Unknown Parameter: AdminUserEmail= [259]
12:32:14.217===========> MProcessPara.validateUnknownParameter: Process InitialBandaClientSetup - Unknown Parameter: NormalUserEmail= [259]
12:32:15.184-----------> Trx.start: Trx in progress Setup_8f96968a-0167-448f-bf38-e0ac7c9961c6 [259]
12:32:17.991-----------> MAttributeSet_BH.afterSave: Reset Instance Attribute [259]
12:32:19.396-----------> MChuBoePopulateResponse.set_Value: Classname - Value too long - truncated to length=60 [259]
12:32:27.492===========> DoChuBoePopulate.process:  Loops attempted: 1, Total Classes: 12, Total Methods: 21, Total Errors: 1. [259]
org.adempiere.exceptions.AdempiereException:  Loops attempted: 1, Total Classes: 12, Total Methods: 21, Total Errors: 1.
	at com.chuboe.test.process.DoChuBoePopulate.doIt(DoChuBoePopulate.java:323)
	at org.compiere.process.SvrProcess.process(SvrProcess.java:256)
	at org.compiere.process.SvrProcess.startProcess(SvrProcess.java:164)
	at org.adempiere.util.ProcessUtil.startJavaProcess(ProcessUtil.java:175)
	at org.adempiere.util.ProcessUtil.startJavaProcess(ProcessUtil.java:142)
	at org.compiere.model.MProcess.startClass(MProcess.java:480)
	at org.compiere.model.MProcess.processIt(MProcess.java:389)
	at org.idempiere.adinterface.Process.runProcess(Process.java:363)
	at org.idempiere.adinterface.ModelADServiceImpl.runProcess(ModelADServiceImpl.java:442)
	at java.base/jdk.internal.reflect.NativeMethodAccessorImpl.invoke0(Native Method)
	at java.base/jdk.internal.reflect.NativeMethodAccessorImpl.invoke(NativeMethodAccessorImpl.java:77)
	at java.base/jdk.internal.reflect.DelegatingMethodAccessorImpl.invoke(DelegatingMethodAccessorImpl.java:43)
	at java.base/java.lang.reflect.Method.invoke(Method.java:568)
	at org.apache.cxf.service.invoker.AbstractInvoker.performInvocation(AbstractInvoker.java:179)
	at org.apache.cxf.jaxws.JAXWSMethodInvoker.performInvocation(JAXWSMethodInvoker.java:66)
	at org.apache.cxf.service.invoker.AbstractInvoker.invoke(AbstractInvoker.java:96)
	at org.apache.cxf.jaxws.AbstractJAXWSMethodInvoker.invoke(AbstractJAXWSMethodInvoker.java:232)
	at org.apache.cxf.jaxws.JAXWSMethodInvoker.invoke(JAXWSMethodInvoker.java:85)
	at org.apache.cxf.service.invoker.AbstractInvoker.invoke(AbstractInvoker.java:74)
	at org.apache.cxf.interceptor.ServiceInvokerInterceptor$1.run(ServiceInvokerInterceptor.java:59)
	at java.base/java.util.concurrent.Executors$RunnableAdapter.call(Executors.java:539)

12:32:27.529-----------> ModelADServiceImpl.runProcess: Error running webservice RunTests_GW ->  Loops attempted: 1, Total Classes: 12, Total Methods: 21, Total Errors: 1. [259]

*** 2024-07-17 07:21:21.192 idempiere Log (CLogFile) ***
