*** 2024-08-12 11:40:31.35 idempiere Log (CLogFile) ***
11:40:31.349 Adempiere.startup: iDempiere(r) Release 11_2023-12-24 -Smart Suite ERP, CRM and SCM- (c) 1999-2024 iDempiere(r); Implementation: iDempiere - Supported by iDempiere community [1]
11:40:31.351 Ini.loadProperties: /opt/idempiere/idempiere.properties #27 [1]
11:40:31.876-----------> DB.isBuildOK: Build Version Error 

The program assumes build version 11.0.0.202402092117, but database has build version ${env.ADEMPIERE_VERSION} 20080428-1232. 
This is likely to cause hard to fix errors. 
Please contact administrator. [1]
11:40:31.982-----------> DB.isBuildOK: Build Version Error 

The program assumes build version 11.0.0.202402092117, but database has build version ${env.ADEMPIERE_VERSION} 20080428-1232. 
This is likely to cause hard to fix errors. 
Please contact administrator. [1]
11:40:31.988 SignDatabaseBuildApplication.start: Sign Database Build [1]
11:40:31.989 SignDatabaseBuildApplication.start: ------------------- [1]
11:40:31.990 SignDatabaseBuildApplication.start: Version = 11.0.0.202402092117 [1]
11:40:31.991 SignDatabaseBuildApplication.start: UPDATE AD_System SET LastBuildInfo = ? [1]
11:40:32.001     HikariPool.call: HikariPool-1 - Added connection org.postgresql.jdbc.PgConnection@2ae3a29a [189]
11:40:32.003     PreparedStatementProxy.invoke: Aug 12, 2024, 11:40:31 AM UTC,Update,AD_SYSTEM, (begin) [1]
11:40:32.006     PreparedStatementProxy.invoke: Aug 12, 2024, 11:40:32 AM UTC,Update,AD_SYSTEM, (end) [1]
11:40:32.032     HikariPool.logPoolState: HikariPool-1 - After adding stats (total=6, active=0, idle=6, waiting=0) [189]
11:40:32.032     Driver.connect: Connecting with URL: {0} (jdbc:postgresql://postgres:5679/idempiere?encoding=UNICODE&ApplicationName=iDempiere) [189]
11:40:32.033     PgConnection.<init>: PostgreSQL JDBC Driver 42.7.1 [189]
11:40:32.033     PgConnection.setDefaultFetchSize:   setDefaultFetchSize = {0} (0) [189]
11:40:32.033     PgConnection.setPrepareThreshold:   setPrepareThreshold = {0} (5) [189]
11:40:32.034     ConnectionFactoryImpl.openConnectionImpl: Trying to establish a protocol version 3 connection to {0} (postgres:5679) [189]
11:40:32.035     ConnectionFactoryImpl.tryConnect: Receive Buffer Size is {0} (65536) [189]
11:40:32.035     ConnectionFactoryImpl.tryConnect: Send Buffer Size is {0} (43520) [189]
11:40:32.049     HikariPool.call: HikariPool-1 - Added connection org.postgresql.jdbc.PgConnection@68415fff [189]
11:40:32.080     HikariPool.logPoolState: HikariPool-1 - After adding stats (total=7, active=0, idle=7, waiting=0) [189]
11:40:32.080     Driver.connect: Connecting with URL: {0} (jdbc:postgresql://postgres:5679/idempiere?encoding=UNICODE&ApplicationName=iDempiere) [189]
11:40:32.080     PgConnection.<init>: PostgreSQL JDBC Driver 42.7.1 [189]
11:40:32.081     PgConnection.setDefaultFetchSize:   setDefaultFetchSize = {0} (0) [189]
11:40:32.081     PgConnection.setPrepareThreshold:   setPrepareThreshold = {0} (5) [189]
11:40:32.081     ConnectionFactoryImpl.openConnectionImpl: Trying to establish a protocol version 3 connection to {0} (postgres:5679) [189]
11:40:32.082     ConnectionFactoryImpl.tryConnect: Receive Buffer Size is {0} (65536) [189]
11:40:32.082     ConnectionFactoryImpl.tryConnect: Send Buffer Size is {0} (43520) [189]
11:40:32.096     HikariPool.call: HikariPool-1 - Added connection org.postgresql.jdbc.PgConnection@7fd31c35 [189]
11:40:32.126     HikariPool.logPoolState: HikariPool-1 - After adding stats (total=8, active=0, idle=8, waiting=0) [189]
11:40:32.127     Driver.connect: Connecting with URL: {0} (jdbc:postgresql://postgres:5679/idempiere?encoding=UNICODE&ApplicationName=iDempiere) [189]
11:40:32.127     PgConnection.<init>: PostgreSQL JDBC Driver 42.7.1 [189]
11:40:32.127     PgConnection.setDefaultFetchSize:   setDefaultFetchSize = {0} (0) [189]
11:40:32.127     PgConnection.setPrepareThreshold:   setPrepareThreshold = {0} (5) [189]
11:40:32.128     ConnectionFactoryImpl.openConnectionImpl: Trying to establish a protocol version 3 connection to {0} (postgres:5679) [189]
11:40:32.128     ConnectionFactoryImpl.tryConnect: Receive Buffer Size is {0} (65536) [189]
11:40:32.129     ConnectionFactoryImpl.tryConnect: Send Buffer Size is {0} (43520) [189]
11:40:32.141     HikariPool.call: HikariPool-1 - Added connection org.postgresql.jdbc.PgConnection@791ffab1 [189]

*** 2024-08-12 11:40:32.15 idempiere Log (CLogFile) ***
