*** 2024-07-17 07:21:21.239 idempiere Log (CLogFile) ***
07:21:21.181-----------> InvocationMonitor: [172.23.0.4]:5701 [adempiere.idempiere/postgres:5679] [5.3.1] MonitorInvocationsTask delayed 38653645 ms [241]
07:21:21.293-----------> ClusterHeartbeatManager: [172.23.0.4]:5701 [adempiere.idempiere/postgres:5679] [5.3.1] Resetting heartbeat timestamps because of huge system clock jump! Clock-Jump: 38649777 ms, Heartbeat-Timeout: 60000 ms [1475]
07:21:25.363-----------> InvocationMonitor: [172.23.0.4]:5701 [adempiere.idempiere/postgres:5679] [5.3.1] BroadcastOperationControlTask delayed 38648869 ms [241]
07:55:44.593-----------> InvocationMonitor: [172.23.0.4]:5701 [adempiere.idempiere/postgres:5679] [5.3.1] MonitorInvocationsTask delayed 14231 ms [241]
07:55:54.594-----------> InvocationMonitor: [172.23.0.4]:5701 [adempiere.idempiere/postgres:5679] [5.3.1] BroadcastOperationControlTask delayed 14231 ms [241]
14:34:00.729===========> DB.getSQLValueTS: SELECT CURRENT_TIMESTAMP FROM DUAL [389]
java.lang.IllegalStateException: DB.createConnection - @NoDBConnection@
	at org.compiere.util.DB.createConnection(DB.java:453)
	at org.compiere.util.DB.getSQLValueTSEx(DB.java:1627)
	at org.compiere.util.DB.getSQLValueTS(DB.java:1696)
	at org.compiere.server.AcctProcessor.postSession(AcctProcessor.java:139)
	at org.compiere.server.AcctProcessor.doWork(AcctProcessor.java:105)
	at org.compiere.server.AdempiereServer.doRun(AdempiereServer.java:292)
	at org.compiere.server.AdempiereServer.run(AdempiereServer.java:271)
	at org.compiere.server.AdempiereServerMgr$LocalServerController.run(AdempiereServerMgr.java:780)
	at java.base/java.util.concurrent.Executors$RunnableAdapter.call(Executors.java:539)
	at java.base/java.util.concurrent.FutureTask.run(FutureTask.java:264)
	at java.base/java.util.concurrent.ScheduledThreadPoolExecutor$ScheduledFutureTask.run(ScheduledThreadPoolExecutor.java:304)
	at java.base/java.util.concurrent.ThreadPoolExecutor.runWorker(ThreadPoolExecutor.java:1136)
	at java.base/java.util.concurrent.ThreadPoolExecutor$Worker.run(ThreadPoolExecutor.java:635)
	at java.base/java.lang.Thread.run(Thread.java:840)

14:34:00.729===========> DB.getSQLValueTS: SELECT CURRENT_TIMESTAMP FROM DUAL [446]
java.lang.IllegalStateException: DB.createConnection - @NoDBConnection@
	at org.compiere.util.DB.createConnection(DB.java:453)
	at org.compiere.util.DB.getSQLValueTSEx(DB.java:1627)
	at org.compiere.util.DB.getSQLValueTS(DB.java:1696)
	at org.compiere.server.AcctProcessor.postSession(AcctProcessor.java:139)
	at org.compiere.server.AcctProcessor.doWork(AcctProcessor.java:105)
	at org.compiere.server.AdempiereServer.doRun(AdempiereServer.java:292)
	at org.compiere.server.AdempiereServer.run(AdempiereServer.java:271)
	at org.compiere.server.AdempiereServerMgr$LocalServerController.run(AdempiereServerMgr.java:780)
	at java.base/java.util.concurrent.Executors$RunnableAdapter.call(Executors.java:539)
	at java.base/java.util.concurrent.FutureTask.run(FutureTask.java:264)
	at java.base/java.util.concurrent.ScheduledThreadPoolExecutor$ScheduledFutureTask.run(ScheduledThreadPoolExecutor.java:304)
	at java.base/java.util.concurrent.ThreadPoolExecutor.runWorker(ThreadPoolExecutor.java:1136)
	at java.base/java.util.concurrent.ThreadPoolExecutor$Worker.run(ThreadPoolExecutor.java:635)
	at java.base/java.lang.Thread.run(Thread.java:840)

14:34:00.731===========> DB.getSQLValueTS: SELECT CURRENT_TIMESTAMP FROM DUAL [299]
java.lang.IllegalStateException: DB.createConnection - @NoDBConnection@
	at org.compiere.util.DB.createConnection(DB.java:453)
	at org.compiere.util.DB.getSQLValueTSEx(DB.java:1627)
	at org.compiere.util.DB.getSQLValueTS(DB.java:1696)
	at org.compiere.server.AcctProcessor.postSession(AcctProcessor.java:139)
	at org.compiere.server.AcctProcessor.doWork(AcctProcessor.java:105)
	at org.compiere.server.AdempiereServer.doRun(AdempiereServer.java:292)
	at org.compiere.server.AdempiereServer.run(AdempiereServer.java:271)
	at org.compiere.server.AdempiereServerMgr$LocalServerController.run(AdempiereServerMgr.java:780)
	at java.base/java.util.concurrent.Executors$RunnableAdapter.call(Executors.java:539)
	at java.base/java.util.concurrent.FutureTask.run(FutureTask.java:264)
	at java.base/java.util.concurrent.ScheduledThreadPoolExecutor$ScheduledFutureTask.run(ScheduledThreadPoolExecutor.java:304)
	at java.base/java.util.concurrent.ThreadPoolExecutor.runWorker(ThreadPoolExecutor.java:1136)
	at java.base/java.util.concurrent.ThreadPoolExecutor$Worker.run(ThreadPoolExecutor.java:635)
	at java.base/java.lang.Thread.run(Thread.java:840)

14:34:00.731===========> DB.getSQLValueTS: SELECT CURRENT_TIMESTAMP FROM DUAL [434]
java.lang.IllegalStateException: DB.createConnection - @NoDBConnection@
	at org.compiere.util.DB.createConnection(DB.java:453)
	at org.compiere.util.DB.getSQLValueTSEx(DB.java:1627)
	at org.compiere.util.DB.getSQLValueTS(DB.java:1696)
	at org.compiere.server.AcctProcessor.postSession(AcctProcessor.java:139)
	at org.compiere.server.AcctProcessor.doWork(AcctProcessor.java:105)
	at org.compiere.server.AdempiereServer.doRun(AdempiereServer.java:292)
	at org.compiere.server.AdempiereServer.run(AdempiereServer.java:271)
	at org.compiere.server.AdempiereServerMgr$LocalServerController.run(AdempiereServerMgr.java:780)
	at java.base/java.util.concurrent.Executors$RunnableAdapter.call(Executors.java:539)
	at java.base/java.util.concurrent.FutureTask.run(FutureTask.java:264)
	at java.base/java.util.concurrent.ScheduledThreadPoolExecutor$ScheduledFutureTask.run(ScheduledThreadPoolExecutor.java:304)
	at java.base/java.util.concurrent.ThreadPoolExecutor.runWorker(ThreadPoolExecutor.java:1136)
	at java.base/java.util.concurrent.ThreadPoolExecutor$Worker.run(ThreadPoolExecutor.java:635)
	at java.base/java.lang.Thread.run(Thread.java:840)

14:34:00.744===========> PreparedStatementProxy.init: SELECT * FROM R_Request WHERE AD_Client_ID=? AND SalesRep_ID=0 AND Processed='N' [444]
java.lang.IllegalStateException: DB.createConnection - @NoDBConnection@
	at org.compiere.util.DB.createConnection(DB.java:453)
	at org.idempiere.db.util.AutoCommitConnectionBroker.getConnection(AutoCommitConnectionBroker.java:49)
	at org.compiere.db.PreparedStatementProxy.init(PreparedStatementProxy.java:91)
	at org.compiere.db.PreparedStatementProxy.<init>(PreparedStatementProxy.java:52)
	at org.compiere.db.ProxyFactory.newCPreparedStatement(ProxyFactory.java:54)
	at org.compiere.util.DB.prepareStatement(DB.java:750)
	at org.compiere.util.DB.prepareStatement(DB.java:708)
	at org.compiere.server.RequestProcessor.findSalesRep(RequestProcessor.java:574)
	at org.compiere.server.RequestProcessor.doWork(RequestProcessor.java:74)
	at org.compiere.server.AdempiereServer.doRun(AdempiereServer.java:292)
	at org.compiere.server.AdempiereServer.run(AdempiereServer.java:271)
	at org.compiere.server.AdempiereServerMgr$LocalServerController.run(AdempiereServerMgr.java:780)

14:34:00.731===========> DB.getSQLValueTS: SELECT CURRENT_TIMESTAMP FROM DUAL [355]
java.lang.IllegalStateException: DB.createConnection - @NoDBConnection@
	at org.compiere.util.DB.createConnection(DB.java:453)
	at org.compiere.util.DB.getSQLValueTSEx(DB.java:1627)
	at org.compiere.util.DB.getSQLValueTS(DB.java:1696)
	at org.compiere.server.AcctProcessor.postSession(AcctProcessor.java:139)
	at org.compiere.server.AcctProcessor.doWork(AcctProcessor.java:105)
	at org.compiere.server.AdempiereServer.doRun(AdempiereServer.java:292)
	at org.compiere.server.AdempiereServer.run(AdempiereServer.java:271)
	at org.compiere.server.AdempiereServerMgr$LocalServerController.run(AdempiereServerMgr.java:780)
	at java.base/java.util.concurrent.Executors$RunnableAdapter.call(Executors.java:539)
	at java.base/java.util.concurrent.FutureTask.run(FutureTask.java:264)
	at java.base/java.util.concurrent.ScheduledThreadPoolExecutor$ScheduledFutureTask.run(ScheduledThreadPoolExecutor.java:304)
	at java.base/java.util.concurrent.ThreadPoolExecutor.runWorker(ThreadPoolExecutor.java:1136)
	at java.base/java.util.concurrent.ThreadPoolExecutor$Worker.run(ThreadPoolExecutor.java:635)
	at java.base/java.lang.Thread.run(Thread.java:840)

14:34:00.729===========> DB.getSQLValueTS: SELECT CURRENT_TIMESTAMP FROM DUAL [346]
java.lang.IllegalStateException: DB.createConnection - @NoDBConnection@
	at org.compiere.util.DB.createConnection(DB.java:453)
	at org.compiere.util.DB.getSQLValueTSEx(DB.java:1627)
	at org.compiere.util.DB.getSQLValueTS(DB.java:1696)
	at org.compiere.server.AcctProcessor.postSession(AcctProcessor.java:139)
	at org.compiere.server.AcctProcessor.doWork(AcctProcessor.java:105)
	at org.compiere.server.AdempiereServer.doRun(AdempiereServer.java:292)
	at org.compiere.server.AdempiereServer.run(AdempiereServer.java:271)
	at org.compiere.server.AdempiereServerMgr$LocalServerController.run(AdempiereServerMgr.java:780)
	at java.base/java.util.concurrent.Executors$RunnableAdapter.call(Executors.java:539)
	at java.base/java.util.concurrent.FutureTask.run(FutureTask.java:264)
	at java.base/java.util.concurrent.ScheduledThreadPoolExecutor$ScheduledFutureTask.run(ScheduledThreadPoolExecutor.java:304)
	at java.base/java.util.concurrent.ThreadPoolExecutor.runWorker(ThreadPoolExecutor.java:1136)
	at java.base/java.util.concurrent.ThreadPoolExecutor$Worker.run(ThreadPoolExecutor.java:635)
	at java.base/java.lang.Thread.run(Thread.java:840)

14:34:00.733===========> DB.getSQLValueTS: SELECT CURRENT_TIMESTAMP FROM DUAL [410]
java.lang.IllegalStateException: DB.createConnection - @NoDBConnection@
	at org.compiere.util.DB.createConnection(DB.java:453)
	at org.compiere.util.DB.getSQLValueTSEx(DB.java:1627)
	at org.compiere.util.DB.getSQLValueTS(DB.java:1696)
	at org.compiere.server.AcctProcessor.postSession(AcctProcessor.java:139)
	at org.compiere.server.AcctProcessor.doWork(AcctProcessor.java:105)
	at org.compiere.server.AdempiereServer.doRun(AdempiereServer.java:292)
	at org.compiere.server.AdempiereServer.run(AdempiereServer.java:271)
	at org.compiere.server.AdempiereServerMgr$LocalServerController.run(AdempiereServerMgr.java:780)
	at java.base/java.util.concurrent.Executors$RunnableAdapter.call(Executors.java:539)
	at java.base/java.util.concurrent.FutureTask.run(FutureTask.java:264)
	at java.base/java.util.concurrent.ScheduledThreadPoolExecutor$ScheduledFutureTask.run(ScheduledThreadPoolExecutor.java:304)
	at java.base/java.util.concurrent.ThreadPoolExecutor.runWorker(ThreadPoolExecutor.java:1136)
	at java.base/java.util.concurrent.ThreadPoolExecutor$Worker.run(ThreadPoolExecutor.java:635)
	at java.base/java.lang.Thread.run(Thread.java:840)

14:34:00.731===========> DB.getSQLValueTS: SELECT CURRENT_TIMESTAMP FROM DUAL [349]
java.lang.IllegalStateException: DB.createConnection - @NoDBConnection@
	at org.compiere.util.DB.createConnection(DB.java:453)
	at org.compiere.util.DB.getSQLValueTSEx(DB.java:1627)
	at org.compiere.util.DB.getSQLValueTS(DB.java:1696)
	at org.compiere.server.AcctProcessor.postSession(AcctProcessor.java:139)
	at org.compiere.server.AcctProcessor.doWork(AcctProcessor.java:105)
	at org.compiere.server.AdempiereServer.doRun(AdempiereServer.java:292)
	at org.compiere.server.AdempiereServer.run(AdempiereServer.java:271)
	at org.compiere.server.AdempiereServerMgr$LocalServerController.run(AdempiereServerMgr.java:780)
	at java.base/java.util.concurrent.Executors$RunnableAdapter.call(Executors.java:539)
	at java.base/java.util.concurrent.FutureTask.run(FutureTask.java:264)
	at java.base/java.util.concurrent.ScheduledThreadPoolExecutor$ScheduledFutureTask.run(ScheduledThreadPoolExecutor.java:304)
	at java.base/java.util.concurrent.ThreadPoolExecutor.runWorker(ThreadPoolExecutor.java:1136)
	at java.base/java.util.concurrent.ThreadPoolExecutor$Worker.run(ThreadPoolExecutor.java:635)
	at java.base/java.lang.Thread.run(Thread.java:840)

14:34:00.731===========> PreparedStatementProxy.init: SELECT * FROM R_Request WHERE AD_Client_ID=? AND SalesRep_ID=0 AND Processed='N' [442]
java.lang.IllegalStateException: DB.createConnection - @NoDBConnection@
	at org.compiere.util.DB.createConnection(DB.java:453)
	at org.idempiere.db.util.AutoCommitConnectionBroker.getConnection(AutoCommitConnectionBroker.java:49)
	at org.compiere.db.PreparedStatementProxy.init(PreparedStatementProxy.java:91)
	at org.compiere.db.PreparedStatementProxy.<init>(PreparedStatementProxy.java:52)
	at org.compiere.db.ProxyFactory.newCPreparedStatement(ProxyFactory.java:54)
	at org.compiere.util.DB.prepareStatement(DB.java:750)
	at org.compiere.util.DB.prepareStatement(DB.java:708)
	at org.compiere.server.RequestProcessor.findSalesRep(RequestProcessor.java:574)
	at org.compiere.server.RequestProcessor.doWork(RequestProcessor.java:74)
	at org.compiere.server.AdempiereServer.doRun(AdempiereServer.java:292)
	at org.compiere.server.AdempiereServer.run(AdempiereServer.java:271)
	at org.compiere.server.AdempiereServerMgr$LocalServerController.run(AdempiereServerMgr.java:780)

14:34:00.732===========> PreparedStatementProxy.init: SELECT * FROM R_Request WHERE AD_Client_ID=? AND SalesRep_ID=0 AND Processed='N' [51]
java.lang.IllegalStateException: DB.createConnection - @NoDBConnection@
	at org.compiere.util.DB.createConnection(DB.java:453)
	at org.idempiere.db.util.AutoCommitConnectionBroker.getConnection(AutoCommitConnectionBroker.java:49)
	at org.compiere.db.PreparedStatementProxy.init(PreparedStatementProxy.java:91)
	at org.compiere.db.PreparedStatementProxy.<init>(PreparedStatementProxy.java:52)
	at org.compiere.db.ProxyFactory.newCPreparedStatement(ProxyFactory.java:54)
	at org.compiere.util.DB.prepareStatement(DB.java:750)
	at org.compiere.util.DB.prepareStatement(DB.java:708)
	at org.compiere.server.RequestProcessor.findSalesRep(RequestProcessor.java:574)
	at org.compiere.server.RequestProcessor.doWork(RequestProcessor.java:74)
	at org.compiere.server.AdempiereServer.doRun(AdempiereServer.java:292)
	at org.compiere.server.AdempiereServer.run(AdempiereServer.java:271)
	at org.compiere.server.AdempiereServerMgr$LocalServerController.run(AdempiereServerMgr.java:780)

16:53:47.202-----------> InvocationMonitor: [172.23.0.4]:5701 [adempiere.idempiere/postgres:5679] [5.3.1] MonitorInvocationsTask delayed 6576605 ms [241]
16:53:47.245-----------> ClusterHeartbeatManager: [172.23.0.4]:5701 [adempiere.idempiere/postgres:5679] [5.3.1] Resetting heartbeat timestamps because of huge system clock jump! Clock-Jump: 6572636 ms, Heartbeat-Timeout: 60000 ms [2485]
16:53:57.100-----------> InvocationMonitor: [172.23.0.4]:5701 [adempiere.idempiere/postgres:5679] [5.3.1] BroadcastOperationControlTask delayed 6572506 ms [241]

*** 2024-07-18 05:35:05.168 idempiere Log (CLogFile) ***
