*** 2024-07-16 12:25:47.837 idempiere Log (CLogFile) ***
12:25:47.833 Adempiere.startup: iDempiere(r) Release 11_2023-12-24 -Smart Suite ERP, CRM and SCM- (c) 1999-2024 iDempiere(r); Implementation: iDempiere - Supported by iDempiere community [18]
12:25:47.840 Ini.loadProperties: /opt/idempiere/idempiere.properties #27 [18]
12:25:48.481-----------> Activator.createHazelCastInstance: Starting hazelcast with configuration from file hazelcast.xml [18]
12:25:49.076-----------> CPSubsystem: [172.23.0.4]:5701 [adempiere.idempiere/postgres:5679] [5.3.1] CP Subsystem is not enabled. CP data structures will operate in UNSAFE mode! Please note that UNSAFE mode will not provide strong consistency guarantees. [18]
12:25:53.492-----------> EMail.setFrom: you @ company.org: javax.mail.internet.AddressException: Local address contains control or whitespace in string ``you @ company.org'' [18]
12:25:53.494-----------> EMail.addTo: you @ company.org: javax.mail.internet.AddressException: Local address contains control or whitespace in string ``you @ company.org'' [18]
12:25:53.494-----------> EMail.isValid: From is invalid=null [18]
12:25:53.495-----------> EMail.isValid: From is invalid=null [18]
12:25:53.498-----------> MClient_BH.sendEMail: Could NOT Send Email: Server started: iDempiere (5edd645cfc8a:172.23.0.4) to you @ company.org: Invalid Data (System) [18]
12:25:54.229           LoggedSessionListener.contextInitialized: context initialized for 9.6.4 [18]
12:25:54.766-----------> DefaultAnnotationProcessor.fallbackToManualAnnotatedClasses: Unable to detect annotations. Application may fail to deploy. [18]
12:26:17.590-----------> SchemaClassScanner.handleNewType: Cannot find definition for field 'bh_window_id: BigDecimal' on input type 'BH_Voided_ReasonInput' -> org.bandahealth.idempiere.graphql.model.input.I_BH_Voided_ReasonInput. Try adding it manually to the dictionary [18]
12:26:18.325-----------> SchemaClassScanner.handleNewType: Cannot find definition for field 'bh_nextappointmentdate: Date' on input type 'C_BPartnerInput' -> org.bandahealth.idempiere.graphql.model.input.I_C_BPartnerInput. Try adding it manually to the dictionary [18]
12:26:24.892-----------> SchemaClassScanner.handleNewType: Cannot find definition for field 'ad_user_created: Date' on input type 'RV_BPartnerInput' -> org.bandahealth.idempiere.graphql.model.input.I_RV_BPartnerInput. Try adding it manually to the dictionary [18]
12:26:24.893-----------> SchemaClassScanner.handleNewType: Cannot find definition for field 'ad_user_updated: Date' on input type 'RV_BPartnerInput' -> org.bandahealth.idempiere.graphql.model.input.I_RV_BPartnerInput. Try adding it manually to the dictionary [18]
12:26:24.894-----------> SchemaClassScanner.handleNewType: Cannot find definition for field 'c_bp_dunninggrace: Date' on input type 'RV_BPartnerInput' -> org.bandahealth.idempiere.graphql.model.input.I_RV_BPartnerInput. Try adding it manually to the dictionary [18]
12:26:24.894-----------> SchemaClassScanner.handleNewType: Cannot find definition for field 'c_bp_location_created: Date' on input type 'RV_BPartnerInput' -> org.bandahealth.idempiere.graphql.model.input.I_RV_BPartnerInput. Try adding it manually to the dictionary [18]
12:26:24.894-----------> SchemaClassScanner.handleNewType: Cannot find definition for field 'c_bp_location_updated: Date' on input type 'RV_BPartnerInput' -> org.bandahealth.idempiere.graphql.model.input.I_RV_BPartnerInput. Try adding it manually to the dictionary [18]
12:26:24.895-----------> SchemaClassScanner.handleNewType: Cannot find definition for field 'c_location_created: Date' on input type 'RV_BPartnerInput' -> org.bandahealth.idempiere.graphql.model.input.I_RV_BPartnerInput. Try adding it manually to the dictionary [18]
12:26:24.895-----------> SchemaClassScanner.handleNewType: Cannot find definition for field 'c_location_updated: Date' on input type 'RV_BPartnerInput' -> org.bandahealth.idempiere.graphql.model.input.I_RV_BPartnerInput. Try adding it manually to the dictionary [18]
12:26:46.183-----------> AdempiereActivator.installPackage: Installing com.chuboe.test.populate 11.0.0 ... [332]
12:26:46.184-----------> AdempiereActivator.installPackage: com.chuboe.test.populate 11.0.0 installed. [332]
12:26:46.186-----------> AdempiereActivator.installPackage: Installing org.bandahealth.idempiere.graphql.test 11.0.0 ... [336]
12:26:46.186-----------> AdempiereActivator.installPackage: org.bandahealth.idempiere.graphql.test 11.0.0 installed. [336]
12:26:46.188-----------> AdempiereActivator.installPackage: Installing org.bandahealth.idempiere.base 11.0.0 ... [330]
12:26:46.188-----------> AdempiereActivator.installPackage: org.bandahealth.idempiere.base 11.0.0 installed. [330]
12:26:46.190-----------> AdempiereActivator.installPackage: Installing org.bandahealth.idempiere.rest.test 11.0.0 ... [340]
12:26:46.190-----------> AdempiereActivator.installPackage: org.bandahealth.idempiere.rest.test 11.0.0 installed. [340]
12:26:46.192-----------> AdempiereActivator.installPackage: Installing org.bandahealth.idempiere.base.test 11.0.0 ... [334]
12:26:46.192-----------> AdempiereActivator.installPackage: org.bandahealth.idempiere.base.test 11.0.0 installed. [334]
12:26:46.194-----------> AdempiereActivator.installPackage: Installing org.bandahealth.idempiere.report.test 11.0.0 ... [338]
12:26:46.194-----------> AdempiereActivator.installPackage: org.bandahealth.idempiere.report.test 11.0.0 installed. [338]
12:28:23.190-----------> ModelADServiceImpl.validateParameter: Web service type RunTests_GW: constant parameter AD_Process_ID changed to 999999 [293]
12:28:23.312-----------> MChuBoePopulateResponse.set_Value: Classname - Value too long - truncated to length=60 [293]
12:28:23.819-----------> MChuBoePopulateResponse.set_Value: Classname - Value too long - truncated to length=60 [293]
12:28:25.268-----------> MChuBoePopulateResponse.set_Value: Classname - Value too long - truncated to length=60 [293]
12:28:26.645-----------> MCharge_BH.set_Value: Name - Value too long - truncated to length=60 [293]
12:28:28.366-----------> MCharge_BH.set_Value: Name - Value too long - truncated to length=60 [293]
12:28:29.307-----------> MChuBoePopulateResponse.set_Value: Classname - Value too long - truncated to length=60 [293]
12:28:31.468-----------> MChuBoePopulateResponse.set_Value: Classname - Value too long - truncated to length=60 [293]
12:28:31.544-----------> MChuBoePopulateResponse.set_Value: Classname - Value too long - truncated to length=60 [293]
12:28:31.642-----------> MChuBoePopulateResponse.set_Value: Classname - Value too long - truncated to length=60 [293]
12:28:32.087===========> ImportCSVProcess.process: org.adempiere.exceptions.AdempiereException: Field bh_gender not found in tab Business Partner [293]
org.adempiere.exceptions.AdempiereException: Field bh_gender not found in tab Business Partner
	at org.adempiere.impexp.GridTabCSVImporter.throwAdempiereException(GridTabCSVImporter.java:791)
	at org.adempiere.impexp.GridTabCSVImporter.mapCSVHeader(GridTabCSVImporter.java:379)
	at org.adempiere.impexp.GridTabCSVImporter.fileImport(GridTabCSVImporter.java:153)
	at org.idempiere.process.ImportCSVProcess.importFile(ImportCSVProcess.java:150)
	at org.idempiere.process.ImportCSVProcess.doIt(ImportCSVProcess.java:91)
	at org.compiere.process.SvrProcess.process(SvrProcess.java:256)
	at org.compiere.process.SvrProcess.startProcess(SvrProcess.java:164)
	at com.chuboe.test.populate.ChuBoeCreateEntity.runProcess(ChuBoeCreateEntity.java:1003)
	at org.bandahealth.idempiere.base.test.process.ImportBusinessPartnersProcessTest.businessPartnerIsImportedProperly(ImportBusinessPartnersProcessTest.java:133)
	at java.base/jdk.internal.reflect.NativeMethodAccessorImpl.invoke0(Native Method)
	at java.base/jdk.internal.reflect.NativeMethodAccessorImpl.invoke(NativeMethodAccessorImpl.java:77)
	at java.base/jdk.internal.reflect.DelegatingMethodAccessorImpl.invoke(DelegatingMethodAccessorImpl.java:43)
	at java.base/java.lang.reflect.Method.invoke(Method.java:568)
	at com.chuboe.test.process.DoChuBoePopulate.doIt(DoChuBoePopulate.java:245)
	at org.compiere.process.SvrProcess.process(SvrProcess.java:256)
	at org.compiere.process.SvrProcess.startProcess(SvrProcess.java:164)
	at org.adempiere.util.ProcessUtil.startJavaProcess(ProcessUtil.java:175)
	at org.adempiere.util.ProcessUtil.startJavaProcess(ProcessUtil.java:142)
	at org.compiere.model.MProcess.startClass(MProcess.java:480)
	at org.compiere.model.MProcess.processIt(MProcess.java:389)
	at org.idempiere.adinterface.Process.runProcess(Process.java:363)

12:28:32.142-----------> MChuBoePopulateResponse.set_Value: Classname - Value too long - truncated to length=60 [293]
12:28:32.241-----------> ImportProductsProcess.doIt: Set Duplicate Product Names=2 [293]
12:28:32.243-----------> ImportProductsProcess.doIt: Invalid Expiration Lot 1=1 [293]
12:28:32.412-----------> X_BH_I_Product_Quantity.set_Value: Name - Value too long - truncated to length=60 [293]
12:28:32.551===========> DB.executeUpdate: INSERT INTO M_Cost (AD_Client_ID,AD_Org_ID,M_Product_ID,M_CostType_ID,C_AcctSchema_ID,IsActive,Created,CreatedBy,Updated,UpdatedBy,CurrentCostPrice,FutureCostPrice,M_AttributeSetInstance_ID,CumulatedAmt,CumulatedQty,CurrentQty,M_Cost_UU) VALUES (?,?,?,?,?,?,?,?,?,?,?,?,?,?,?,?,?) [SvrProcess_15c0d225-31cb-4a57-a274-08f766f746bf] [293]
org.postgresql.util.PSQLException: ERROR: null value in column "m_costelement_id" of relation "m_cost" violates not-null constraint
  Detail: Failing row contains (11, 0, 1000558, 100, 101, null, 1000057, Y, 2024-07-16 12:28:32.549, 100, 2024-07-16 12:28:32.549, 100, 2000, 9999999, 19999998000, 9999999, 0.0, null, 0, 0, null, N, bd9175b1-9f53-407c-94b3-4a6551e88007).; State=23502; ErrorCode=0
	at org.postgresql.core.v3.QueryExecutorImpl.receiveErrorResponse(QueryExecutorImpl.java:2712)
	at org.postgresql.core.v3.QueryExecutorImpl.processResults(QueryExecutorImpl.java:2400)
	at org.postgresql.core.v3.QueryExecutorImpl.execute(QueryExecutorImpl.java:367)
	at org.postgresql.jdbc.PgStatement.executeInternal(PgStatement.java:498)
	at org.postgresql.jdbc.PgStatement.execute(PgStatement.java:415)
	at org.postgresql.jdbc.PgPreparedStatement.executeWithFlags(PgPreparedStatement.java:190)
	at org.postgresql.jdbc.PgPreparedStatement.executeUpdate(PgPreparedStatement.java:152)
	at com.zaxxer.hikari.pool.ProxyPreparedStatement.executeUpdate(ProxyPreparedStatement.java:61)
	at com.zaxxer.hikari.pool.HikariProxyPreparedStatement.executeUpdate(HikariProxyPreparedStatement.java)
	at jdk.internal.reflect.GeneratedMethodAccessor170.invoke(Unknown Source)
	at java.base/jdk.internal.reflect.DelegatingMethodAccessorImpl.invoke(DelegatingMethodAccessorImpl.java:43)
	at java.base/java.lang.reflect.Method.invoke(Method.java:568)
	at org.compiere.db.StatementProxy.invoke(StatementProxy.java:138)
	at jdk.proxy2/jdk.proxy2.$Proxy17.executeUpdate(Unknown Source)
	at org.compiere.util.DB.executeUpdate(DB.java:1045)
	at org.compiere.util.DB.executeUpdate(DB.java:1013)
	at org.compiere.model.PO.doInsert(PO.java:3395)
	at org.compiere.model.PO.saveNew(PO.java:3374)
	at org.compiere.model.PO.save(PO.java:2490)
	at org.bandahealth.idempiere.base.process.ImportProductsProcess.createLotAndCost(ImportProductsProcess.java:596)
	at org.bandahealth.idempiere.base.process.ImportProductsProcess.doIt(ImportProductsProcess.java:429)
	at org.compiere.process.SvrProcess.process(SvrProcess.java:256)
	at org.compiere.process.SvrProcess.startProcess(SvrProcess.java:164)

12:28:32.552===========> DB.saveError: DBExecuteError - ERROR: null value in column "m_costelement_id" of relation "m_cost" violates not-null constraint
  Detail: Failing row contains (11, 0, 1000558, 100, 101, null, 1000057, Y, 2024-07-16 12:28:32.549, 100, 2024-07-16 12:28:32.549, 100, 2000, 9999999, 19999998000, 9999999, 0.0, null, 0, 0, null, N, bd9175b1-9f53-407c-94b3-4a6551e88007). [293]
12:28:32.553-----------> MCost.doInsert: [SvrProcess_15c0d225-31cb-4a57-a274-08f766f746bf]Not inserted - M_Cost [293]
12:28:32.553===========> MCost.saveError: DBExecuteError - DBExecuteError:ERROR: null value in column "m_costelement_id" of relation "m_cost" violates not-null constraint
  Detail: Failing row contains (11, 0, 1000558, 100, 101, null, 1000057, Y, 2024-07-16 12:28:32.549, 100, 2024-07-16 12:28:32.549, 100, 2000, 9999999, 19999998000, 9999999, 0.0, null, 0, 0, null, N, bd9175b1-9f53-407c-94b3-4a6551e88007). [293]
12:28:32.703-----------> MChuBoePopulateResponse.set_Value: Classname - Value too long - truncated to length=60 [293]
12:28:50.736===========> MProcessPara.validateUnknownParameter: Process InitialBandaClientSetup - Unknown Parameter: CoAFile= [293]
12:28:50.737===========> MProcessPara.validateUnknownParameter: Process InitialBandaClientSetup - Unknown Parameter: UseDefaultCoA= [293]
12:28:50.738===========> MProcessPara.validateUnknownParameter: Process InitialBandaClientSetup - Unknown Parameter: OrgName= [293]
12:28:50.738===========> MProcessPara.validateUnknownParameter: Process InitialBandaClientSetup - Unknown Parameter: AdminUserName= [293]
12:28:50.739===========> MProcessPara.validateUnknownParameter: Process InitialBandaClientSetup - Unknown Parameter: NormalUserName= [293]
12:28:50.739===========> MProcessPara.validateUnknownParameter: Process InitialBandaClientSetup - Unknown Parameter: AdminUserEmail= [293]
12:28:50.740===========> MProcessPara.validateUnknownParameter: Process InitialBandaClientSetup - Unknown Parameter: NormalUserEmail= [293]
12:28:51.772-----------> Trx.start: Trx in progress Setup_bf177224-932c-4d4d-86df-daa2a1a28ec0 [293]
12:28:54.701-----------> MAttributeSet_BH.afterSave: Reset Instance Attribute [293]
12:28:55.989-----------> MChuBoePopulateResponse.set_Value: Classname - Value too long - truncated to length=60 [293]
12:29:02.658===========> DoChuBoePopulate.process:  Loops attempted: 1, Total Classes: 12, Total Methods: 21, Total Errors: 1. [293]
org.adempiere.exceptions.AdempiereException:  Loops attempted: 1, Total Classes: 12, Total Methods: 21, Total Errors: 1.
	at com.chuboe.test.process.DoChuBoePopulate.doIt(DoChuBoePopulate.java:323)
	at org.compiere.process.SvrProcess.process(SvrProcess.java:256)
	at org.compiere.process.SvrProcess.startProcess(SvrProcess.java:164)
	at org.adempiere.util.ProcessUtil.startJavaProcess(ProcessUtil.java:175)
	at org.adempiere.util.ProcessUtil.startJavaProcess(ProcessUtil.java:142)
	at org.compiere.model.MProcess.startClass(MProcess.java:480)
	at org.compiere.model.MProcess.processIt(MProcess.java:389)
	at org.idempiere.adinterface.Process.runProcess(Process.java:363)
	at org.idempiere.adinterface.ModelADServiceImpl.runProcess(ModelADServiceImpl.java:442)
	at java.base/jdk.internal.reflect.NativeMethodAccessorImpl.invoke0(Native Method)
	at java.base/jdk.internal.reflect.NativeMethodAccessorImpl.invoke(NativeMethodAccessorImpl.java:77)
	at java.base/jdk.internal.reflect.DelegatingMethodAccessorImpl.invoke(DelegatingMethodAccessorImpl.java:43)
	at java.base/java.lang.reflect.Method.invoke(Method.java:568)
	at org.apache.cxf.service.invoker.AbstractInvoker.performInvocation(AbstractInvoker.java:179)
	at org.apache.cxf.jaxws.JAXWSMethodInvoker.performInvocation(JAXWSMethodInvoker.java:66)
	at org.apache.cxf.service.invoker.AbstractInvoker.invoke(AbstractInvoker.java:96)
	at org.apache.cxf.jaxws.AbstractJAXWSMethodInvoker.invoke(AbstractJAXWSMethodInvoker.java:232)
	at org.apache.cxf.jaxws.JAXWSMethodInvoker.invoke(JAXWSMethodInvoker.java:85)
	at org.apache.cxf.service.invoker.AbstractInvoker.invoke(AbstractInvoker.java:74)
	at org.apache.cxf.interceptor.ServiceInvokerInterceptor$1.run(ServiceInvokerInterceptor.java:59)
	at java.base/java.util.concurrent.Executors$RunnableAdapter.call(Executors.java:539)

12:29:02.668-----------> ModelADServiceImpl.runProcess: Error running webservice RunTests_GW ->  Loops attempted: 1, Total Classes: 12, Total Methods: 21, Total Errors: 1. [293]
