*** 2024-07-16 11:27:30.145 idempiere Log (CLogFile) ***
11:27:30.142 Adempiere.startup: iDempiere(r) Release 11_2023-12-24 -Smart Suite ERP, CRM and SCM- (c) 1999-2024 iDempiere(r); Implementation: iDempiere - Supported by iDempiere community [18]
11:27:30.147 Ini.loadProperties: /opt/idempiere/idempiere.properties #27 [18]
11:27:31.096-----------> Activator.createHazelCastInstance: Starting hazelcast with configuration from file hazelcast.xml [18]
11:27:32.087-----------> CPSubsystem: [172.23.0.4]:5701 [adempiere.idempiere/postgres:5679] [5.3.1] CP Subsystem is not enabled. CP data structures will operate in UNSAFE mode! Please note that UNSAFE mode will not provide strong consistency guarantees. [18]
11:27:37.532-----------> EMail.setFrom: you @ company.org: javax.mail.internet.AddressException: Local address contains control or whitespace in string ``you @ company.org'' [18]
11:27:37.540-----------> EMail.addTo: you @ company.org: javax.mail.internet.AddressException: Local address contains control or whitespace in string ``you @ company.org'' [18]
11:27:37.541-----------> EMail.isValid: From is invalid=null [18]
11:27:37.542-----------> EMail.isValid: From is invalid=null [18]
11:27:37.558-----------> MClient_BH.sendEMail: Could NOT Send Email: Server started: iDempiere (5edd645cfc8a:172.23.0.4) to you @ company.org: Invalid Data (System) [18]
11:27:38.606           LoggedSessionListener.contextInitialized: context initialized for 9.6.4 [18]
11:27:39.320-----------> DefaultAnnotationProcessor.fallbackToManualAnnotatedClasses: Unable to detect annotations. Application may fail to deploy. [18]
11:28:03.747-----------> SchemaClassScanner.handleNewType: Cannot find definition for field 'bh_window_id: BigDecimal' on input type 'BH_Voided_ReasonInput' -> org.bandahealth.idempiere.graphql.model.input.I_BH_Voided_ReasonInput. Try adding it manually to the dictionary [18]
11:28:04.414-----------> SchemaClassScanner.handleNewType: Cannot find definition for field 'bh_nextappointmentdate: Date' on input type 'C_BPartnerInput' -> org.bandahealth.idempiere.graphql.model.input.I_C_BPartnerInput. Try adding it manually to the dictionary [18]
11:28:10.520-----------> SchemaClassScanner.handleNewType: Cannot find definition for field 'ad_user_created: Date' on input type 'RV_BPartnerInput' -> org.bandahealth.idempiere.graphql.model.input.I_RV_BPartnerInput. Try adding it manually to the dictionary [18]
11:28:10.521-----------> SchemaClassScanner.handleNewType: Cannot find definition for field 'ad_user_updated: Date' on input type 'RV_BPartnerInput' -> org.bandahealth.idempiere.graphql.model.input.I_RV_BPartnerInput. Try adding it manually to the dictionary [18]
11:28:10.522-----------> SchemaClassScanner.handleNewType: Cannot find definition for field 'c_bp_dunninggrace: Date' on input type 'RV_BPartnerInput' -> org.bandahealth.idempiere.graphql.model.input.I_RV_BPartnerInput. Try adding it manually to the dictionary [18]
11:28:10.522-----------> SchemaClassScanner.handleNewType: Cannot find definition for field 'c_bp_location_created: Date' on input type 'RV_BPartnerInput' -> org.bandahealth.idempiere.graphql.model.input.I_RV_BPartnerInput. Try adding it manually to the dictionary [18]
11:28:10.523-----------> SchemaClassScanner.handleNewType: Cannot find definition for field 'c_bp_location_updated: Date' on input type 'RV_BPartnerInput' -> org.bandahealth.idempiere.graphql.model.input.I_RV_BPartnerInput. Try adding it manually to the dictionary [18]
11:28:10.524-----------> SchemaClassScanner.handleNewType: Cannot find definition for field 'c_location_created: Date' on input type 'RV_BPartnerInput' -> org.bandahealth.idempiere.graphql.model.input.I_RV_BPartnerInput. Try adding it manually to the dictionary [18]
11:28:10.524-----------> SchemaClassScanner.handleNewType: Cannot find definition for field 'c_location_updated: Date' on input type 'RV_BPartnerInput' -> org.bandahealth.idempiere.graphql.model.input.I_RV_BPartnerInput. Try adding it manually to the dictionary [18]
11:28:29.251-----------> AdempiereActivator.installPackage: Installing org.bandahealth.idempiere.rest.test 11.0.0 ... [403]
11:28:29.252-----------> AdempiereActivator.installPackage: org.bandahealth.idempiere.rest.test 11.0.0 installed. [403]
11:28:29.254-----------> AdempiereActivator.installPackage: Installing org.bandahealth.idempiere.base.test 11.0.0 ... [397]
11:28:29.255-----------> AdempiereActivator.installPackage: org.bandahealth.idempiere.base.test 11.0.0 installed. [397]
11:28:29.257-----------> AdempiereActivator.installPackage: Installing org.bandahealth.idempiere.report.test 11.0.0 ... [401]
11:28:29.257-----------> AdempiereActivator.installPackage: org.bandahealth.idempiere.report.test 11.0.0 installed. [401]
11:28:29.259-----------> AdempiereActivator.installPackage: Installing org.bandahealth.idempiere.base 11.0.0 ... [393]
11:28:29.259-----------> AdempiereActivator.installPackage: org.bandahealth.idempiere.base 11.0.0 installed. [393]
11:28:29.261-----------> AdempiereActivator.installPackage: Installing org.bandahealth.idempiere.graphql.test 11.0.0 ... [399]
11:28:29.261-----------> AdempiereActivator.installPackage: org.bandahealth.idempiere.graphql.test 11.0.0 installed. [399]
11:28:29.264-----------> AdempiereActivator.installPackage: Installing com.chuboe.test.populate 11.0.0 ... [395]
11:28:29.264-----------> AdempiereActivator.installPackage: com.chuboe.test.populate 11.0.0 installed. [395]
11:28:44.602-----------> ModelADServiceImpl.validateParameter: Web service type RunTests_GW: constant parameter AD_Process_ID changed to 999999 [363]
11:28:44.728-----------> MChuBoePopulateResponse.set_Value: Classname - Value too long - truncated to length=60 [363]
11:28:45.280-----------> MChuBoePopulateResponse.set_Value: Classname - Value too long - truncated to length=60 [363]
11:28:46.970-----------> MChuBoePopulateResponse.set_Value: Classname - Value too long - truncated to length=60 [363]
11:28:48.488-----------> MCharge_BH.set_Value: Name - Value too long - truncated to length=60 [363]
11:28:50.257-----------> MCharge_BH.set_Value: Name - Value too long - truncated to length=60 [363]
11:28:51.285-----------> MChuBoePopulateResponse.set_Value: Classname - Value too long - truncated to length=60 [363]
11:28:53.266-----------> MChuBoePopulateResponse.set_Value: Classname - Value too long - truncated to length=60 [363]
11:28:53.345-----------> MChuBoePopulateResponse.set_Value: Classname - Value too long - truncated to length=60 [363]
11:28:53.454-----------> MChuBoePopulateResponse.set_Value: Classname - Value too long - truncated to length=60 [363]
11:28:53.877===========> ImportCSVProcess.process: org.adempiere.exceptions.AdempiereException: Field bh_gender not found in tab Business Partner [363]
org.adempiere.exceptions.AdempiereException: Field bh_gender not found in tab Business Partner
	at org.adempiere.impexp.GridTabCSVImporter.throwAdempiereException(GridTabCSVImporter.java:791)
	at org.adempiere.impexp.GridTabCSVImporter.mapCSVHeader(GridTabCSVImporter.java:379)
	at org.adempiere.impexp.GridTabCSVImporter.fileImport(GridTabCSVImporter.java:153)
	at org.idempiere.process.ImportCSVProcess.importFile(ImportCSVProcess.java:150)
	at org.idempiere.process.ImportCSVProcess.doIt(ImportCSVProcess.java:91)
	at org.compiere.process.SvrProcess.process(SvrProcess.java:256)
	at org.compiere.process.SvrProcess.startProcess(SvrProcess.java:164)
	at com.chuboe.test.populate.ChuBoeCreateEntity.runProcess(ChuBoeCreateEntity.java:1003)
	at org.bandahealth.idempiere.base.test.process.ImportBusinessPartnersProcessTest.businessPartnerIsImportedProperly(ImportBusinessPartnersProcessTest.java:133)
	at java.base/jdk.internal.reflect.NativeMethodAccessorImpl.invoke0(Native Method)
	at java.base/jdk.internal.reflect.NativeMethodAccessorImpl.invoke(NativeMethodAccessorImpl.java:77)
	at java.base/jdk.internal.reflect.DelegatingMethodAccessorImpl.invoke(DelegatingMethodAccessorImpl.java:43)
	at java.base/java.lang.reflect.Method.invoke(Method.java:568)
	at com.chuboe.test.process.DoChuBoePopulate.doIt(DoChuBoePopulate.java:245)
	at org.compiere.process.SvrProcess.process(SvrProcess.java:256)
	at org.compiere.process.SvrProcess.startProcess(SvrProcess.java:164)
	at org.adempiere.util.ProcessUtil.startJavaProcess(ProcessUtil.java:175)
	at org.adempiere.util.ProcessUtil.startJavaProcess(ProcessUtil.java:142)
	at org.compiere.model.MProcess.startClass(MProcess.java:480)
	at org.compiere.model.MProcess.processIt(MProcess.java:389)
	at org.idempiere.adinterface.Process.runProcess(Process.java:363)

11:28:53.927-----------> MChuBoePopulateResponse.set_Value: Classname - Value too long - truncated to length=60 [363]
11:28:54.027-----------> ImportProductsProcess.doIt: Set Duplicate Product Names=2 [363]
11:28:54.029-----------> ImportProductsProcess.doIt: Invalid Expiration Lot 1=1 [363]
11:28:54.202-----------> X_BH_I_Product_Quantity.set_Value: Name - Value too long - truncated to length=60 [363]
11:28:54.311===========> DB.executeUpdate: INSERT INTO M_Cost (AD_Client_ID,AD_Org_ID,M_Product_ID,M_CostType_ID,C_AcctSchema_ID,IsActive,Created,CreatedBy,Updated,UpdatedBy,CurrentCostPrice,FutureCostPrice,M_AttributeSetInstance_ID,CumulatedAmt,CumulatedQty,CurrentQty,M_Cost_UU) VALUES (?,?,?,?,?,?,?,?,?,?,?,?,?,?,?,?,?) [SvrProcess_12d10a31-cbdb-42d2-8b2f-e73a1df3e7f7] [363]
org.postgresql.util.PSQLException: ERROR: null value in column "m_costelement_id" of relation "m_cost" violates not-null constraint
  Detail: Failing row contains (11, 0, 1000479, 100, 101, null, 1000047, Y, 2024-07-16 11:28:54.309, 100, 2024-07-16 11:28:54.309, 100, 2000, 9999999, 19999998000, 9999999, 0.0, null, 0, 0, null, N, 33d247d6-e402-4be4-bdd2-224ba1d37986).; State=23502; ErrorCode=0
	at org.postgresql.core.v3.QueryExecutorImpl.receiveErrorResponse(QueryExecutorImpl.java:2712)
	at org.postgresql.core.v3.QueryExecutorImpl.processResults(QueryExecutorImpl.java:2400)
	at org.postgresql.core.v3.QueryExecutorImpl.execute(QueryExecutorImpl.java:367)
	at org.postgresql.jdbc.PgStatement.executeInternal(PgStatement.java:498)
	at org.postgresql.jdbc.PgStatement.execute(PgStatement.java:415)
	at org.postgresql.jdbc.PgPreparedStatement.executeWithFlags(PgPreparedStatement.java:190)
	at org.postgresql.jdbc.PgPreparedStatement.executeUpdate(PgPreparedStatement.java:152)
	at com.zaxxer.hikari.pool.ProxyPreparedStatement.executeUpdate(ProxyPreparedStatement.java:61)
	at com.zaxxer.hikari.pool.HikariProxyPreparedStatement.executeUpdate(HikariProxyPreparedStatement.java)
	at jdk.internal.reflect.GeneratedMethodAccessor100.invoke(Unknown Source)
	at java.base/jdk.internal.reflect.DelegatingMethodAccessorImpl.invoke(DelegatingMethodAccessorImpl.java:43)
	at java.base/java.lang.reflect.Method.invoke(Method.java:568)
	at org.compiere.db.StatementProxy.invoke(StatementProxy.java:138)
	at jdk.proxy2/jdk.proxy2.$Proxy17.executeUpdate(Unknown Source)
	at org.compiere.util.DB.executeUpdate(DB.java:1045)
	at org.compiere.util.DB.executeUpdate(DB.java:1013)
	at org.compiere.model.PO.doInsert(PO.java:3395)
	at org.compiere.model.PO.saveNew(PO.java:3374)
	at org.compiere.model.PO.save(PO.java:2490)
	at org.bandahealth.idempiere.base.process.ImportProductsProcess.createLotAndCost(ImportProductsProcess.java:596)
	at org.bandahealth.idempiere.base.process.ImportProductsProcess.doIt(ImportProductsProcess.java:429)
	at org.compiere.process.SvrProcess.process(SvrProcess.java:256)
	at org.compiere.process.SvrProcess.startProcess(SvrProcess.java:164)

11:28:54.313===========> DB.saveError: DBExecuteError - ERROR: null value in column "m_costelement_id" of relation "m_cost" violates not-null constraint
  Detail: Failing row contains (11, 0, 1000479, 100, 101, null, 1000047, Y, 2024-07-16 11:28:54.309, 100, 2024-07-16 11:28:54.309, 100, 2000, 9999999, 19999998000, 9999999, 0.0, null, 0, 0, null, N, 33d247d6-e402-4be4-bdd2-224ba1d37986). [363]
11:28:54.313-----------> MCost.doInsert: [SvrProcess_12d10a31-cbdb-42d2-8b2f-e73a1df3e7f7]Not inserted - M_Cost [363]
11:28:54.313===========> MCost.saveError: DBExecuteError - DBExecuteError:ERROR: null value in column "m_costelement_id" of relation "m_cost" violates not-null constraint
  Detail: Failing row contains (11, 0, 1000479, 100, 101, null, 1000047, Y, 2024-07-16 11:28:54.309, 100, 2024-07-16 11:28:54.309, 100, 2000, 9999999, 19999998000, 9999999, 0.0, null, 0, 0, null, N, 33d247d6-e402-4be4-bdd2-224ba1d37986). [363]
11:28:54.447-----------> MChuBoePopulateResponse.set_Value: Classname - Value too long - truncated to length=60 [363]
11:29:11.397===========> MProcessPara.validateUnknownParameter: Process InitialBandaClientSetup - Unknown Parameter: CoAFile= [363]
11:29:11.398===========> MProcessPara.validateUnknownParameter: Process InitialBandaClientSetup - Unknown Parameter: UseDefaultCoA= [363]
11:29:11.399===========> MProcessPara.validateUnknownParameter: Process InitialBandaClientSetup - Unknown Parameter: OrgName= [363]
11:29:11.400===========> MProcessPara.validateUnknownParameter: Process InitialBandaClientSetup - Unknown Parameter: AdminUserName= [363]
11:29:11.400===========> MProcessPara.validateUnknownParameter: Process InitialBandaClientSetup - Unknown Parameter: NormalUserName= [363]
11:29:11.401===========> MProcessPara.validateUnknownParameter: Process InitialBandaClientSetup - Unknown Parameter: AdminUserEmail= [363]
11:29:11.404===========> MProcessPara.validateUnknownParameter: Process InitialBandaClientSetup - Unknown Parameter: NormalUserEmail= [363]
11:29:12.260-----------> Trx.start: Trx in progress Setup_91031fb2-51d6-48d3-ba43-d97eeac201f7 [363]
11:29:14.775-----------> MAttributeSet_BH.afterSave: Reset Instance Attribute [363]
11:29:15.980-----------> MChuBoePopulateResponse.set_Value: Classname - Value too long - truncated to length=60 [363]
11:29:22.581===========> DoChuBoePopulate.process:  Loops attempted: 1, Total Classes: 12, Total Methods: 21, Total Errors: 1. [363]
org.adempiere.exceptions.AdempiereException:  Loops attempted: 1, Total Classes: 12, Total Methods: 21, Total Errors: 1.
	at com.chuboe.test.process.DoChuBoePopulate.doIt(DoChuBoePopulate.java:323)
	at org.compiere.process.SvrProcess.process(SvrProcess.java:256)
	at org.compiere.process.SvrProcess.startProcess(SvrProcess.java:164)
	at org.adempiere.util.ProcessUtil.startJavaProcess(ProcessUtil.java:175)
	at org.adempiere.util.ProcessUtil.startJavaProcess(ProcessUtil.java:142)
	at org.compiere.model.MProcess.startClass(MProcess.java:480)
	at org.compiere.model.MProcess.processIt(MProcess.java:389)
	at org.idempiere.adinterface.Process.runProcess(Process.java:363)
	at org.idempiere.adinterface.ModelADServiceImpl.runProcess(ModelADServiceImpl.java:442)
	at java.base/jdk.internal.reflect.NativeMethodAccessorImpl.invoke0(Native Method)
	at java.base/jdk.internal.reflect.NativeMethodAccessorImpl.invoke(NativeMethodAccessorImpl.java:77)
	at java.base/jdk.internal.reflect.DelegatingMethodAccessorImpl.invoke(DelegatingMethodAccessorImpl.java:43)
	at java.base/java.lang.reflect.Method.invoke(Method.java:568)
	at org.apache.cxf.service.invoker.AbstractInvoker.performInvocation(AbstractInvoker.java:179)
	at org.apache.cxf.jaxws.JAXWSMethodInvoker.performInvocation(JAXWSMethodInvoker.java:66)
	at org.apache.cxf.service.invoker.AbstractInvoker.invoke(AbstractInvoker.java:96)
	at org.apache.cxf.jaxws.AbstractJAXWSMethodInvoker.invoke(AbstractJAXWSMethodInvoker.java:232)
	at org.apache.cxf.jaxws.JAXWSMethodInvoker.invoke(JAXWSMethodInvoker.java:85)
	at org.apache.cxf.service.invoker.AbstractInvoker.invoke(AbstractInvoker.java:74)
	at org.apache.cxf.interceptor.ServiceInvokerInterceptor$1.run(ServiceInvokerInterceptor.java:59)
	at java.base/java.util.concurrent.Executors$RunnableAdapter.call(Executors.java:539)

11:29:22.583-----------> ModelADServiceImpl.runProcess: Error running webservice RunTests_GW ->  Loops attempted: 1, Total Classes: 12, Total Methods: 21, Total Errors: 1. [363]
11:30:27.694-----------> ModelADServiceImpl.validateParameter: Web service type RunTests_GW: constant parameter AD_Process_ID changed to 999999 [368]
11:30:27.719-----------> MChuBoePopulateResponse.set_Value: Classname - Value too long - truncated to length=60 [368]
11:30:27.787-----------> MChuBoePopulateResponse.set_Value: Classname - Value too long - truncated to length=60 [368]
11:30:28.608-----------> MChuBoePopulateResponse.set_Value: Classname - Value too long - truncated to length=60 [368]
11:30:29.825-----------> MCharge_BH.set_Value: Name - Value too long - truncated to length=60 [368]
11:30:31.229-----------> MCharge_BH.set_Value: Name - Value too long - truncated to length=60 [368]
11:30:32.037-----------> MChuBoePopulateResponse.set_Value: Classname - Value too long - truncated to length=60 [368]
11:30:34.423-----------> MChuBoePopulateResponse.set_Value: Classname - Value too long - truncated to length=60 [368]
11:30:34.478-----------> MChuBoePopulateResponse.set_Value: Classname - Value too long - truncated to length=60 [368]
11:30:34.556-----------> MChuBoePopulateResponse.set_Value: Classname - Value too long - truncated to length=60 [368]
11:30:34.785===========> ImportCSVProcess.process: org.adempiere.exceptions.AdempiereException: Field bh_gender not found in tab Business Partner [368]
org.adempiere.exceptions.AdempiereException: Field bh_gender not found in tab Business Partner
	at org.adempiere.impexp.GridTabCSVImporter.throwAdempiereException(GridTabCSVImporter.java:791)
	at org.adempiere.impexp.GridTabCSVImporter.mapCSVHeader(GridTabCSVImporter.java:379)
	at org.adempiere.impexp.GridTabCSVImporter.fileImport(GridTabCSVImporter.java:153)
	at org.idempiere.process.ImportCSVProcess.importFile(ImportCSVProcess.java:150)
	at org.idempiere.process.ImportCSVProcess.doIt(ImportCSVProcess.java:91)
	at org.compiere.process.SvrProcess.process(SvrProcess.java:256)
	at org.compiere.process.SvrProcess.startProcess(SvrProcess.java:164)
	at com.chuboe.test.populate.ChuBoeCreateEntity.runProcess(ChuBoeCreateEntity.java:1003)
	at org.bandahealth.idempiere.base.test.process.ImportBusinessPartnersProcessTest.businessPartnerIsImportedProperly(ImportBusinessPartnersProcessTest.java:133)
	at java.base/jdk.internal.reflect.NativeMethodAccessorImpl.invoke0(Native Method)
	at java.base/jdk.internal.reflect.NativeMethodAccessorImpl.invoke(NativeMethodAccessorImpl.java:77)
	at java.base/jdk.internal.reflect.DelegatingMethodAccessorImpl.invoke(DelegatingMethodAccessorImpl.java:43)
	at java.base/java.lang.reflect.Method.invoke(Method.java:568)
	at com.chuboe.test.process.DoChuBoePopulate.doIt(DoChuBoePopulate.java:245)
	at org.compiere.process.SvrProcess.process(SvrProcess.java:256)
	at org.compiere.process.SvrProcess.startProcess(SvrProcess.java:164)
	at org.adempiere.util.ProcessUtil.startJavaProcess(ProcessUtil.java:175)
	at org.adempiere.util.ProcessUtil.startJavaProcess(ProcessUtil.java:142)
	at org.compiere.model.MProcess.startClass(MProcess.java:480)
	at org.compiere.model.MProcess.processIt(MProcess.java:389)
	at org.idempiere.adinterface.Process.runProcess(Process.java:363)

11:30:34.800-----------> MChuBoePopulateResponse.set_Value: Classname - Value too long - truncated to length=60 [368]
11:30:34.879-----------> ImportProductsProcess.doIt: Set Duplicate Product Names=2 [368]
11:30:34.880-----------> ImportProductsProcess.doIt: Invalid Expiration Lot 1=1 [368]
11:30:35.008-----------> X_BH_I_Product_Quantity.set_Value: Name - Value too long - truncated to length=60 [368]
11:30:35.110===========> DB.executeUpdate: INSERT INTO M_Cost (AD_Client_ID,AD_Org_ID,M_Product_ID,M_CostType_ID,C_AcctSchema_ID,IsActive,Created,CreatedBy,Updated,UpdatedBy,CurrentCostPrice,FutureCostPrice,M_AttributeSetInstance_ID,CumulatedAmt,CumulatedQty,CurrentQty,M_Cost_UU) VALUES (?,?,?,?,?,?,?,?,?,?,?,?,?,?,?,?,?) [SvrProcess_cb901d95-5814-447f-b7a6-03455cf4f3f4] [368]
org.postgresql.util.PSQLException: ERROR: null value in column "m_costelement_id" of relation "m_cost" violates not-null constraint
  Detail: Failing row contains (11, 0, 1000495, 100, 101, null, 1000049, Y, 2024-07-16 11:30:35.108, 100, 2024-07-16 11:30:35.108, 100, 2000, 9999999, 19999998000, 9999999, 0.0, null, 0, 0, null, N, 42e618f1-f679-43d7-b4c6-0047b0f0976c).; State=23502; ErrorCode=0
	at org.postgresql.core.v3.QueryExecutorImpl.receiveErrorResponse(QueryExecutorImpl.java:2712)
	at org.postgresql.core.v3.QueryExecutorImpl.processResults(QueryExecutorImpl.java:2400)
	at org.postgresql.core.v3.QueryExecutorImpl.execute(QueryExecutorImpl.java:367)
	at org.postgresql.jdbc.PgStatement.executeInternal(PgStatement.java:498)
	at org.postgresql.jdbc.PgStatement.execute(PgStatement.java:415)
	at org.postgresql.jdbc.PgPreparedStatement.executeWithFlags(PgPreparedStatement.java:190)
	at org.postgresql.jdbc.PgPreparedStatement.executeUpdate(PgPreparedStatement.java:152)
	at com.zaxxer.hikari.pool.ProxyPreparedStatement.executeUpdate(ProxyPreparedStatement.java:61)
	at com.zaxxer.hikari.pool.HikariProxyPreparedStatement.executeUpdate(HikariProxyPreparedStatement.java)
	at jdk.internal.reflect.GeneratedMethodAccessor100.invoke(Unknown Source)
	at java.base/jdk.internal.reflect.DelegatingMethodAccessorImpl.invoke(DelegatingMethodAccessorImpl.java:43)
	at java.base/java.lang.reflect.Method.invoke(Method.java:568)
	at org.compiere.db.StatementProxy.invoke(StatementProxy.java:138)
	at jdk.proxy2/jdk.proxy2.$Proxy17.executeUpdate(Unknown Source)
	at org.compiere.util.DB.executeUpdate(DB.java:1045)
	at org.compiere.util.DB.executeUpdate(DB.java:1013)
	at org.compiere.model.PO.doInsert(PO.java:3395)
	at org.compiere.model.PO.saveNew(PO.java:3374)
	at org.compiere.model.PO.save(PO.java:2490)
	at org.bandahealth.idempiere.base.process.ImportProductsProcess.createLotAndCost(ImportProductsProcess.java:596)
	at org.bandahealth.idempiere.base.process.ImportProductsProcess.doIt(ImportProductsProcess.java:429)
	at org.compiere.process.SvrProcess.process(SvrProcess.java:256)
	at org.compiere.process.SvrProcess.startProcess(SvrProcess.java:164)

11:30:35.112===========> DB.saveError: DBExecuteError - ERROR: null value in column "m_costelement_id" of relation "m_cost" violates not-null constraint
  Detail: Failing row contains (11, 0, 1000495, 100, 101, null, 1000049, Y, 2024-07-16 11:30:35.108, 100, 2024-07-16 11:30:35.108, 100, 2000, 9999999, 19999998000, 9999999, 0.0, null, 0, 0, null, N, 42e618f1-f679-43d7-b4c6-0047b0f0976c). [368]
11:30:35.112-----------> MCost.doInsert: [SvrProcess_cb901d95-5814-447f-b7a6-03455cf4f3f4]Not inserted - M_Cost [368]
11:30:35.112===========> MCost.saveError: DBExecuteError - DBExecuteError:ERROR: null value in column "m_costelement_id" of relation "m_cost" violates not-null constraint
  Detail: Failing row contains (11, 0, 1000495, 100, 101, null, 1000049, Y, 2024-07-16 11:30:35.108, 100, 2024-07-16 11:30:35.108, 100, 2000, 9999999, 19999998000, 9999999, 0.0, null, 0, 0, null, N, 42e618f1-f679-43d7-b4c6-0047b0f0976c). [368]
11:30:35.216-----------> MChuBoePopulateResponse.set_Value: Classname - Value too long - truncated to length=60 [368]
11:30:51.385===========> MProcessPara.validateUnknownParameter: Process InitialBandaClientSetup - Unknown Parameter: CoAFile= [368]
11:30:51.386===========> MProcessPara.validateUnknownParameter: Process InitialBandaClientSetup - Unknown Parameter: UseDefaultCoA= [368]
11:30:51.387===========> MProcessPara.validateUnknownParameter: Process InitialBandaClientSetup - Unknown Parameter: OrgName= [368]
11:30:51.388===========> MProcessPara.validateUnknownParameter: Process InitialBandaClientSetup - Unknown Parameter: AdminUserName= [368]
11:30:51.393===========> MProcessPara.validateUnknownParameter: Process InitialBandaClientSetup - Unknown Parameter: NormalUserName= [368]
11:30:51.394===========> MProcessPara.validateUnknownParameter: Process InitialBandaClientSetup - Unknown Parameter: AdminUserEmail= [368]
11:30:51.394===========> MProcessPara.validateUnknownParameter: Process InitialBandaClientSetup - Unknown Parameter: NormalUserEmail= [368]
11:30:52.233-----------> Trx.start: Trx in progress Setup_cd77331e-715a-4b97-aaf4-3feb7f8c3b58 [368]
11:30:53.638-----------> BandaGraphQLContextBuilder.<init>: Constructing GraphQL Context [358]
11:30:53.857-----------> BandaGraphQLContextBuilder.buildDataLoaderRegistry: building data registry [358]
11:30:54.169-----------> BandaGraphQLContextBuilder.<init>: Constructing GraphQL Context [369]
11:30:54.173-----------> BandaGraphQLContextBuilder.buildDataLoaderRegistry: building data registry [369]
11:30:54.426-----------> BandaGraphQLContextBuilder.<init>: Constructing GraphQL Context [370]
11:30:54.430-----------> BandaGraphQLContextBuilder.buildDataLoaderRegistry: building data registry [370]
11:30:54.518-----------> BandaGraphQLContextBuilder.<init>: Constructing GraphQL Context [369]
11:30:54.523-----------> BandaGraphQLContextBuilder.buildDataLoaderRegistry: building data registry [369]
11:30:54.816-----------> BandaGraphQLContextBuilder.<init>: Constructing GraphQL Context [370]
11:30:54.821-----------> BandaGraphQLContextBuilder.buildDataLoaderRegistry: building data registry [370]
11:30:54.967-----------> MAttributeSet_BH.afterSave: Reset Instance Attribute [368]
11:30:56.193-----------> MChuBoePopulateResponse.set_Value: Classname - Value too long - truncated to length=60 [368]
11:30:56.959-----------> BandaGraphQLContextBuilder.<init>: Constructing GraphQL Context [369]
11:30:56.963-----------> BandaGraphQLContextBuilder.buildDataLoaderRegistry: building data registry [369]
11:30:56.979-----------> BandaGraphQLContextBuilder.<init>: Constructing GraphQL Context [351]
11:30:56.985-----------> BandaGraphQLContextBuilder.buildDataLoaderRegistry: building data registry [351]
11:30:57.059-----------> BandaGraphQLContextBuilder.<init>: Constructing GraphQL Context [370]
11:30:57.063-----------> BandaGraphQLContextBuilder.buildDataLoaderRegistry: building data registry [370]
11:30:57.247-----------> BandaGraphQLContextBuilder.<init>: Constructing GraphQL Context [369]
11:30:57.249-----------> BandaGraphQLContextBuilder.buildDataLoaderRegistry: building data registry [369]
11:31:02.128===========> DoChuBoePopulate.process:  Loops attempted: 1, Total Classes: 12, Total Methods: 21, Total Errors: 1. [368]
org.adempiere.exceptions.AdempiereException:  Loops attempted: 1, Total Classes: 12, Total Methods: 21, Total Errors: 1.
	at com.chuboe.test.process.DoChuBoePopulate.doIt(DoChuBoePopulate.java:323)
	at org.compiere.process.SvrProcess.process(SvrProcess.java:256)
	at org.compiere.process.SvrProcess.startProcess(SvrProcess.java:164)
	at org.adempiere.util.ProcessUtil.startJavaProcess(ProcessUtil.java:175)
	at org.adempiere.util.ProcessUtil.startJavaProcess(ProcessUtil.java:142)
	at org.compiere.model.MProcess.startClass(MProcess.java:480)
	at org.compiere.model.MProcess.processIt(MProcess.java:389)
	at org.idempiere.adinterface.Process.runProcess(Process.java:363)
	at org.idempiere.adinterface.ModelADServiceImpl.runProcess(ModelADServiceImpl.java:442)
	at java.base/jdk.internal.reflect.NativeMethodAccessorImpl.invoke0(Native Method)
	at java.base/jdk.internal.reflect.NativeMethodAccessorImpl.invoke(NativeMethodAccessorImpl.java:77)
	at java.base/jdk.internal.reflect.DelegatingMethodAccessorImpl.invoke(DelegatingMethodAccessorImpl.java:43)
	at java.base/java.lang.reflect.Method.invoke(Method.java:568)
	at org.apache.cxf.service.invoker.AbstractInvoker.performInvocation(AbstractInvoker.java:179)
	at org.apache.cxf.jaxws.JAXWSMethodInvoker.performInvocation(JAXWSMethodInvoker.java:66)
	at org.apache.cxf.service.invoker.AbstractInvoker.invoke(AbstractInvoker.java:96)
	at org.apache.cxf.jaxws.AbstractJAXWSMethodInvoker.invoke(AbstractJAXWSMethodInvoker.java:232)
	at org.apache.cxf.jaxws.JAXWSMethodInvoker.invoke(JAXWSMethodInvoker.java:85)
	at org.apache.cxf.service.invoker.AbstractInvoker.invoke(AbstractInvoker.java:74)
	at org.apache.cxf.interceptor.ServiceInvokerInterceptor$1.run(ServiceInvokerInterceptor.java:59)
	at java.base/java.util.concurrent.Executors$RunnableAdapter.call(Executors.java:539)

11:31:02.130-----------> ModelADServiceImpl.runProcess: Error running webservice RunTests_GW ->  Loops attempted: 1, Total Classes: 12, Total Methods: 21, Total Errors: 1. [368]
