*** 2024-07-16 11:32:02.313 idempiere Log (CLogFile) ***
11:32:02.310 Adempiere.startup: iDempiere(r) Release 11_2023-12-24 -Smart Suite ERP, CRM and SCM- (c) 1999-2024 iDempiere(r); Implementation: iDempiere - Supported by iDempiere community [18]
11:32:02.315 Ini.loadProperties: /opt/idempiere/idempiere.properties #27 [18]
11:32:03.094-----------> Activator.createHazelCastInstance: Starting hazelcast with configuration from file hazelcast.xml [18]
11:32:03.742-----------> CPSubsystem: [172.23.0.4]:5701 [adempiere.idempiere/postgres:5679] [5.3.1] CP Subsystem is not enabled. CP data structures will operate in UNSAFE mode! Please note that UNSAFE mode will not provide strong consistency guarantees. [18]
11:32:08.613-----------> EMail.setFrom: you @ company.org: javax.mail.internet.AddressException: Local address contains control or whitespace in string ``you @ company.org'' [18]
11:32:08.616-----------> EMail.addTo: you @ company.org: javax.mail.internet.AddressException: Local address contains control or whitespace in string ``you @ company.org'' [18]
11:32:08.617-----------> EMail.isValid: From is invalid=null [18]
11:32:08.617-----------> EMail.isValid: From is invalid=null [18]
11:32:08.621-----------> MClient_BH.sendEMail: Could NOT Send Email: Server started: iDempiere (5edd645cfc8a:172.23.0.4) to you @ company.org: Invalid Data (System) [18]
11:32:09.475           LoggedSessionListener.contextInitialized: context initialized for 9.6.4 [18]
11:32:10.076-----------> DefaultAnnotationProcessor.fallbackToManualAnnotatedClasses: Unable to detect annotations. Application may fail to deploy. [18]
11:32:13.171-----------> ModelADServiceImpl.validateParameter: Web service type RunTests_GW: constant parameter AD_Process_ID changed to 999999 [272]
11:32:13.293-----------> DefaultProcessFactory.newProcessInstance: com.chuboe.test.process.DoChuBoePopulate [272]
java.lang.ClassNotFoundException: com.chuboe.test.process.DoChuBoePopulate cannot be found by org.adempiere.base_11.0.0.202402092117
	at org.eclipse.osgi.internal.loader.BundleLoader.generateException(BundleLoader.java:541)
	at org.eclipse.osgi.internal.loader.BundleLoader.findClass0(BundleLoader.java:536)
	at org.eclipse.osgi.internal.loader.BundleLoader.findClass(BundleLoader.java:416)
	at org.eclipse.osgi.internal.loader.ModuleClassLoader.loadClass(ModuleClassLoader.java:168)
	at java.base/java.lang.ClassLoader.loadClass(ClassLoader.java:525)
	at org.adempiere.base.DefaultProcessFactory.newProcessInstance(DefaultProcessFactory.java:65)
	at org.adempiere.base.Core.getProcess(Core.java:190)
	at org.adempiere.util.ProcessUtil.startJavaProcess(ProcessUtil.java:162)
	at org.adempiere.util.ProcessUtil.startJavaProcess(ProcessUtil.java:142)
	at org.compiere.model.MProcess.startClass(MProcess.java:480)
	at org.compiere.model.MProcess.processIt(MProcess.java:389)
	at org.idempiere.adinterface.Process.runProcess(Process.java:363)
	at org.idempiere.adinterface.ModelADServiceImpl.runProcess(ModelADServiceImpl.java:442)
	at java.base/jdk.internal.reflect.NativeMethodAccessorImpl.invoke0(Native Method)
	at java.base/jdk.internal.reflect.NativeMethodAccessorImpl.invoke(NativeMethodAccessorImpl.java:77)
	at java.base/jdk.internal.reflect.DelegatingMethodAccessorImpl.invoke(DelegatingMethodAccessorImpl.java:43)
	at java.base/java.lang.reflect.Method.invoke(Method.java:568)
	at org.apache.cxf.service.invoker.AbstractInvoker.performInvocation(AbstractInvoker.java:179)
	at org.apache.cxf.jaxws.JAXWSMethodInvoker.performInvocation(JAXWSMethodInvoker.java:66)
	at org.apache.cxf.service.invoker.AbstractInvoker.invoke(AbstractInvoker.java:96)
	at org.apache.cxf.jaxws.AbstractJAXWSMethodInvoker.invoke(AbstractJAXWSMethodInvoker.java:232)

11:32:13.296-----------> ModelADServiceImpl.runProcess: Error running webservice RunTests_GW -> Failed to create new process instance for com.chuboe.test.process.DoChuBoePopulate [272]
11:32:35.696-----------> SchemaClassScanner.handleNewType: Cannot find definition for field 'bh_window_id: BigDecimal' on input type 'BH_Voided_ReasonInput' -> org.bandahealth.idempiere.graphql.model.input.I_BH_Voided_ReasonInput. Try adding it manually to the dictionary [18]
11:32:36.468-----------> SchemaClassScanner.handleNewType: Cannot find definition for field 'bh_nextappointmentdate: Date' on input type 'C_BPartnerInput' -> org.bandahealth.idempiere.graphql.model.input.I_C_BPartnerInput. Try adding it manually to the dictionary [18]
11:32:42.959-----------> SchemaClassScanner.handleNewType: Cannot find definition for field 'ad_user_created: Date' on input type 'RV_BPartnerInput' -> org.bandahealth.idempiere.graphql.model.input.I_RV_BPartnerInput. Try adding it manually to the dictionary [18]
11:32:42.959-----------> SchemaClassScanner.handleNewType: Cannot find definition for field 'ad_user_updated: Date' on input type 'RV_BPartnerInput' -> org.bandahealth.idempiere.graphql.model.input.I_RV_BPartnerInput. Try adding it manually to the dictionary [18]
11:32:42.960-----------> SchemaClassScanner.handleNewType: Cannot find definition for field 'c_bp_dunninggrace: Date' on input type 'RV_BPartnerInput' -> org.bandahealth.idempiere.graphql.model.input.I_RV_BPartnerInput. Try adding it manually to the dictionary [18]
11:32:42.961-----------> SchemaClassScanner.handleNewType: Cannot find definition for field 'c_bp_location_created: Date' on input type 'RV_BPartnerInput' -> org.bandahealth.idempiere.graphql.model.input.I_RV_BPartnerInput. Try adding it manually to the dictionary [18]
11:32:42.962-----------> SchemaClassScanner.handleNewType: Cannot find definition for field 'c_bp_location_updated: Date' on input type 'RV_BPartnerInput' -> org.bandahealth.idempiere.graphql.model.input.I_RV_BPartnerInput. Try adding it manually to the dictionary [18]
11:32:42.962-----------> SchemaClassScanner.handleNewType: Cannot find definition for field 'c_location_created: Date' on input type 'RV_BPartnerInput' -> org.bandahealth.idempiere.graphql.model.input.I_RV_BPartnerInput. Try adding it manually to the dictionary [18]
11:32:42.963-----------> SchemaClassScanner.handleNewType: Cannot find definition for field 'c_location_updated: Date' on input type 'RV_BPartnerInput' -> org.bandahealth.idempiere.graphql.model.input.I_RV_BPartnerInput. Try adding it manually to the dictionary [18]
11:33:02.298-----------> AdempiereActivator.installPackage: Installing org.bandahealth.idempiere.graphql.test 11.0.0 ... [339]
11:33:02.299-----------> AdempiereActivator.installPackage: org.bandahealth.idempiere.graphql.test 11.0.0 installed. [339]
11:33:02.307-----------> AdempiereActivator.installPackage: Installing org.bandahealth.idempiere.base 11.0.0 ... [298]
11:33:02.307-----------> AdempiereActivator.installPackage: org.bandahealth.idempiere.base 11.0.0 installed. [298]
11:33:02.310-----------> AdempiereActivator.installPackage: Installing org.bandahealth.idempiere.base.test 11.0.0 ... [338]
11:33:02.310-----------> AdempiereActivator.installPackage: org.bandahealth.idempiere.base.test 11.0.0 installed. [338]
11:33:02.314-----------> AdempiereActivator.installPackage: Installing org.bandahealth.idempiere.rest.test 11.0.0 ... [307]
11:33:02.315-----------> AdempiereActivator.installPackage: org.bandahealth.idempiere.rest.test 11.0.0 installed. [307]
11:33:02.317-----------> AdempiereActivator.installPackage: Installing org.bandahealth.idempiere.report.test 11.0.0 ... [302]
11:33:02.317-----------> AdempiereActivator.installPackage: org.bandahealth.idempiere.report.test 11.0.0 installed. [302]
11:33:02.320-----------> AdempiereActivator.installPackage: Installing com.chuboe.test.populate 11.0.0 ... [337]
11:33:02.320-----------> AdempiereActivator.installPackage: com.chuboe.test.populate 11.0.0 installed. [337]
11:33:06.676-----------> ModelADServiceImpl.validateParameter: Web service type RunTests_GW: constant parameter AD_Process_ID changed to 999999 [258]
11:33:06.752-----------> MChuBoePopulateResponse.set_Value: Classname - Value too long - truncated to length=60 [258]
11:33:07.056-----------> MChuBoePopulateResponse.set_Value: Classname - Value too long - truncated to length=60 [258]
11:33:08.202-----------> MChuBoePopulateResponse.set_Value: Classname - Value too long - truncated to length=60 [258]
11:33:09.591-----------> MCharge_BH.set_Value: Name - Value too long - truncated to length=60 [258]
11:33:11.317-----------> MCharge_BH.set_Value: Name - Value too long - truncated to length=60 [258]
11:33:12.231-----------> MChuBoePopulateResponse.set_Value: Classname - Value too long - truncated to length=60 [258]
11:33:14.208-----------> MChuBoePopulateResponse.set_Value: Classname - Value too long - truncated to length=60 [258]
11:33:14.275-----------> MChuBoePopulateResponse.set_Value: Classname - Value too long - truncated to length=60 [258]
11:33:14.368-----------> MChuBoePopulateResponse.set_Value: Classname - Value too long - truncated to length=60 [258]
11:33:14.680===========> ImportCSVProcess.process: org.adempiere.exceptions.AdempiereException: Field bh_gender not found in tab Business Partner [258]
org.adempiere.exceptions.AdempiereException: Field bh_gender not found in tab Business Partner
	at org.adempiere.impexp.GridTabCSVImporter.throwAdempiereException(GridTabCSVImporter.java:791)
	at org.adempiere.impexp.GridTabCSVImporter.mapCSVHeader(GridTabCSVImporter.java:379)
	at org.adempiere.impexp.GridTabCSVImporter.fileImport(GridTabCSVImporter.java:153)
	at org.idempiere.process.ImportCSVProcess.importFile(ImportCSVProcess.java:150)
	at org.idempiere.process.ImportCSVProcess.doIt(ImportCSVProcess.java:91)
	at org.compiere.process.SvrProcess.process(SvrProcess.java:256)
	at org.compiere.process.SvrProcess.startProcess(SvrProcess.java:164)
	at com.chuboe.test.populate.ChuBoeCreateEntity.runProcess(ChuBoeCreateEntity.java:1003)
	at org.bandahealth.idempiere.base.test.process.ImportBusinessPartnersProcessTest.businessPartnerIsImportedProperly(ImportBusinessPartnersProcessTest.java:133)
	at java.base/jdk.internal.reflect.NativeMethodAccessorImpl.invoke0(Native Method)
	at java.base/jdk.internal.reflect.NativeMethodAccessorImpl.invoke(NativeMethodAccessorImpl.java:77)
	at java.base/jdk.internal.reflect.DelegatingMethodAccessorImpl.invoke(DelegatingMethodAccessorImpl.java:43)
	at java.base/java.lang.reflect.Method.invoke(Method.java:568)
	at com.chuboe.test.process.DoChuBoePopulate.doIt(DoChuBoePopulate.java:245)
	at org.compiere.process.SvrProcess.process(SvrProcess.java:256)
	at org.compiere.process.SvrProcess.startProcess(SvrProcess.java:164)
	at org.adempiere.util.ProcessUtil.startJavaProcess(ProcessUtil.java:175)
	at org.adempiere.util.ProcessUtil.startJavaProcess(ProcessUtil.java:142)
	at org.compiere.model.MProcess.startClass(MProcess.java:480)
	at org.compiere.model.MProcess.processIt(MProcess.java:389)
	at org.idempiere.adinterface.Process.runProcess(Process.java:363)

11:33:14.711-----------> MChuBoePopulateResponse.set_Value: Classname - Value too long - truncated to length=60 [258]
11:33:14.815-----------> ImportProductsProcess.doIt: Set Duplicate Product Names=2 [258]
11:33:14.816-----------> ImportProductsProcess.doIt: Invalid Expiration Lot 1=1 [258]
11:33:14.955-----------> X_BH_I_Product_Quantity.set_Value: Name - Value too long - truncated to length=60 [258]
11:33:15.054===========> DB.executeUpdate: INSERT INTO M_Cost (AD_Client_ID,AD_Org_ID,M_Product_ID,M_CostType_ID,C_AcctSchema_ID,IsActive,Created,CreatedBy,Updated,UpdatedBy,CurrentCostPrice,FutureCostPrice,M_AttributeSetInstance_ID,CumulatedAmt,CumulatedQty,CurrentQty,M_Cost_UU) VALUES (?,?,?,?,?,?,?,?,?,?,?,?,?,?,?,?,?) [SvrProcess_c756f653-49fb-4b08-aa55-88f2ebe9b740] [258]
org.postgresql.util.PSQLException: ERROR: null value in column "m_costelement_id" of relation "m_cost" violates not-null constraint
  Detail: Failing row contains (11, 0, 1000511, 100, 101, null, 1000051, Y, 2024-07-16 11:33:15.052, 100, 2024-07-16 11:33:15.052, 100, 2000, 9999999, 19999998000, 9999999, 0.0, null, 0, 0, null, N, 2aba4f94-ea97-4cf0-b001-dad36dfd4e90).; State=23502; ErrorCode=0
	at org.postgresql.core.v3.QueryExecutorImpl.receiveErrorResponse(QueryExecutorImpl.java:2712)
	at org.postgresql.core.v3.QueryExecutorImpl.processResults(QueryExecutorImpl.java:2400)
	at org.postgresql.core.v3.QueryExecutorImpl.execute(QueryExecutorImpl.java:367)
	at org.postgresql.jdbc.PgStatement.executeInternal(PgStatement.java:498)
	at org.postgresql.jdbc.PgStatement.execute(PgStatement.java:415)
	at org.postgresql.jdbc.PgPreparedStatement.executeWithFlags(PgPreparedStatement.java:190)
	at org.postgresql.jdbc.PgPreparedStatement.executeUpdate(PgPreparedStatement.java:152)
	at com.zaxxer.hikari.pool.ProxyPreparedStatement.executeUpdate(ProxyPreparedStatement.java:61)
	at com.zaxxer.hikari.pool.HikariProxyPreparedStatement.executeUpdate(HikariProxyPreparedStatement.java)
	at jdk.internal.reflect.GeneratedMethodAccessor116.invoke(Unknown Source)
	at java.base/jdk.internal.reflect.DelegatingMethodAccessorImpl.invoke(DelegatingMethodAccessorImpl.java:43)
	at java.base/java.lang.reflect.Method.invoke(Method.java:568)
	at org.compiere.db.StatementProxy.invoke(StatementProxy.java:138)
	at jdk.proxy2/jdk.proxy2.$Proxy17.executeUpdate(Unknown Source)
	at org.compiere.util.DB.executeUpdate(DB.java:1045)
	at org.compiere.util.DB.executeUpdate(DB.java:1013)
	at org.compiere.model.PO.doInsert(PO.java:3395)
	at org.compiere.model.PO.saveNew(PO.java:3374)
	at org.compiere.model.PO.save(PO.java:2490)
	at org.bandahealth.idempiere.base.process.ImportProductsProcess.createLotAndCost(ImportProductsProcess.java:596)
	at org.bandahealth.idempiere.base.process.ImportProductsProcess.doIt(ImportProductsProcess.java:429)
	at org.compiere.process.SvrProcess.process(SvrProcess.java:256)
	at org.compiere.process.SvrProcess.startProcess(SvrProcess.java:164)

11:33:15.056===========> DB.saveError: DBExecuteError - ERROR: null value in column "m_costelement_id" of relation "m_cost" violates not-null constraint
  Detail: Failing row contains (11, 0, 1000511, 100, 101, null, 1000051, Y, 2024-07-16 11:33:15.052, 100, 2024-07-16 11:33:15.052, 100, 2000, 9999999, 19999998000, 9999999, 0.0, null, 0, 0, null, N, 2aba4f94-ea97-4cf0-b001-dad36dfd4e90). [258]
11:33:15.056-----------> MCost.doInsert: [SvrProcess_c756f653-49fb-4b08-aa55-88f2ebe9b740]Not inserted - M_Cost [258]
11:33:15.056===========> MCost.saveError: DBExecuteError - DBExecuteError:ERROR: null value in column "m_costelement_id" of relation "m_cost" violates not-null constraint
  Detail: Failing row contains (11, 0, 1000511, 100, 101, null, 1000051, Y, 2024-07-16 11:33:15.052, 100, 2024-07-16 11:33:15.052, 100, 2000, 9999999, 19999998000, 9999999, 0.0, null, 0, 0, null, N, 2aba4f94-ea97-4cf0-b001-dad36dfd4e90). [258]
11:33:15.175-----------> MChuBoePopulateResponse.set_Value: Classname - Value too long - truncated to length=60 [258]
11:33:33.260===========> MProcessPara.validateUnknownParameter: Process InitialBandaClientSetup - Unknown Parameter: CoAFile= [258]
11:33:33.262===========> MProcessPara.validateUnknownParameter: Process InitialBandaClientSetup - Unknown Parameter: UseDefaultCoA= [258]
11:33:33.264===========> MProcessPara.validateUnknownParameter: Process InitialBandaClientSetup - Unknown Parameter: OrgName= [258]
11:33:33.266===========> MProcessPara.validateUnknownParameter: Process InitialBandaClientSetup - Unknown Parameter: AdminUserName= [258]
11:33:33.268===========> MProcessPara.validateUnknownParameter: Process InitialBandaClientSetup - Unknown Parameter: NormalUserName= [258]
11:33:33.269===========> MProcessPara.validateUnknownParameter: Process InitialBandaClientSetup - Unknown Parameter: AdminUserEmail= [258]
11:33:33.271===========> MProcessPara.validateUnknownParameter: Process InitialBandaClientSetup - Unknown Parameter: NormalUserEmail= [258]
11:33:34.388-----------> Trx.start: Trx in progress Setup_f5142ca8-1244-47ac-a80d-d79c2a8005a3 [258]
11:33:36.855-----------> MAttributeSet_BH.afterSave: Reset Instance Attribute [258]
11:33:38.231-----------> MChuBoePopulateResponse.set_Value: Classname - Value too long - truncated to length=60 [258]
11:33:44.765===========> DoChuBoePopulate.process:  Loops attempted: 1, Total Classes: 12, Total Methods: 21, Total Errors: 1. [258]
org.adempiere.exceptions.AdempiereException:  Loops attempted: 1, Total Classes: 12, Total Methods: 21, Total Errors: 1.
	at com.chuboe.test.process.DoChuBoePopulate.doIt(DoChuBoePopulate.java:323)
	at org.compiere.process.SvrProcess.process(SvrProcess.java:256)
	at org.compiere.process.SvrProcess.startProcess(SvrProcess.java:164)
	at org.adempiere.util.ProcessUtil.startJavaProcess(ProcessUtil.java:175)
	at org.adempiere.util.ProcessUtil.startJavaProcess(ProcessUtil.java:142)
	at org.compiere.model.MProcess.startClass(MProcess.java:480)
	at org.compiere.model.MProcess.processIt(MProcess.java:389)
	at org.idempiere.adinterface.Process.runProcess(Process.java:363)
	at org.idempiere.adinterface.ModelADServiceImpl.runProcess(ModelADServiceImpl.java:442)
	at java.base/jdk.internal.reflect.NativeMethodAccessorImpl.invoke0(Native Method)
	at java.base/jdk.internal.reflect.NativeMethodAccessorImpl.invoke(NativeMethodAccessorImpl.java:77)
	at java.base/jdk.internal.reflect.DelegatingMethodAccessorImpl.invoke(DelegatingMethodAccessorImpl.java:43)
	at java.base/java.lang.reflect.Method.invoke(Method.java:568)
	at org.apache.cxf.service.invoker.AbstractInvoker.performInvocation(AbstractInvoker.java:179)
	at org.apache.cxf.jaxws.JAXWSMethodInvoker.performInvocation(JAXWSMethodInvoker.java:66)
	at org.apache.cxf.service.invoker.AbstractInvoker.invoke(AbstractInvoker.java:96)
	at org.apache.cxf.jaxws.AbstractJAXWSMethodInvoker.invoke(AbstractJAXWSMethodInvoker.java:232)
	at org.apache.cxf.jaxws.JAXWSMethodInvoker.invoke(JAXWSMethodInvoker.java:85)
	at org.apache.cxf.service.invoker.AbstractInvoker.invoke(AbstractInvoker.java:74)
	at org.apache.cxf.interceptor.ServiceInvokerInterceptor$1.run(ServiceInvokerInterceptor.java:59)
	at java.base/java.util.concurrent.Executors$RunnableAdapter.call(Executors.java:539)

11:33:44.766-----------> ModelADServiceImpl.runProcess: Error running webservice RunTests_GW ->  Loops attempted: 1, Total Classes: 12, Total Methods: 21, Total Errors: 1. [258]
11:33:56.043-----------> ModelADServiceImpl.validateParameter: Web service type RunTests_GW: constant parameter AD_Process_ID changed to 999999 [254]
11:33:56.066-----------> MChuBoePopulateResponse.set_Value: Classname - Value too long - truncated to length=60 [254]
11:33:56.139-----------> MChuBoePopulateResponse.set_Value: Classname - Value too long - truncated to length=60 [254]
11:33:56.680-----------> MChuBoePopulateResponse.set_Value: Classname - Value too long - truncated to length=60 [254]
11:33:57.768-----------> MCharge_BH.set_Value: Name - Value too long - truncated to length=60 [254]
11:33:58.983-----------> MCharge_BH.set_Value: Name - Value too long - truncated to length=60 [254]
11:34:00.338-----------> MChuBoePopulateResponse.set_Value: Classname - Value too long - truncated to length=60 [254]
11:34:02.079-----------> MChuBoePopulateResponse.set_Value: Classname - Value too long - truncated to length=60 [254]
11:34:02.126-----------> MChuBoePopulateResponse.set_Value: Classname - Value too long - truncated to length=60 [254]
11:34:02.207-----------> MChuBoePopulateResponse.set_Value: Classname - Value too long - truncated to length=60 [254]
11:34:02.375===========> ImportCSVProcess.process: org.adempiere.exceptions.AdempiereException: Field bh_gender not found in tab Business Partner [254]
org.adempiere.exceptions.AdempiereException: Field bh_gender not found in tab Business Partner
	at org.adempiere.impexp.GridTabCSVImporter.throwAdempiereException(GridTabCSVImporter.java:791)
	at org.adempiere.impexp.GridTabCSVImporter.mapCSVHeader(GridTabCSVImporter.java:379)
	at org.adempiere.impexp.GridTabCSVImporter.fileImport(GridTabCSVImporter.java:153)
	at org.idempiere.process.ImportCSVProcess.importFile(ImportCSVProcess.java:150)
	at org.idempiere.process.ImportCSVProcess.doIt(ImportCSVProcess.java:91)
	at org.compiere.process.SvrProcess.process(SvrProcess.java:256)
	at org.compiere.process.SvrProcess.startProcess(SvrProcess.java:164)
	at com.chuboe.test.populate.ChuBoeCreateEntity.runProcess(ChuBoeCreateEntity.java:1003)
	at org.bandahealth.idempiere.base.test.process.ImportBusinessPartnersProcessTest.businessPartnerIsImportedProperly(ImportBusinessPartnersProcessTest.java:133)
	at java.base/jdk.internal.reflect.NativeMethodAccessorImpl.invoke0(Native Method)
	at java.base/jdk.internal.reflect.NativeMethodAccessorImpl.invoke(NativeMethodAccessorImpl.java:77)
	at java.base/jdk.internal.reflect.DelegatingMethodAccessorImpl.invoke(DelegatingMethodAccessorImpl.java:43)
	at java.base/java.lang.reflect.Method.invoke(Method.java:568)
	at com.chuboe.test.process.DoChuBoePopulate.doIt(DoChuBoePopulate.java:245)
	at org.compiere.process.SvrProcess.process(SvrProcess.java:256)
	at org.compiere.process.SvrProcess.startProcess(SvrProcess.java:164)
	at org.adempiere.util.ProcessUtil.startJavaProcess(ProcessUtil.java:175)
	at org.adempiere.util.ProcessUtil.startJavaProcess(ProcessUtil.java:142)
	at org.compiere.model.MProcess.startClass(MProcess.java:480)
	at org.compiere.model.MProcess.processIt(MProcess.java:389)
	at org.idempiere.adinterface.Process.runProcess(Process.java:363)

11:34:02.391-----------> MChuBoePopulateResponse.set_Value: Classname - Value too long - truncated to length=60 [254]
11:34:02.473-----------> ImportProductsProcess.doIt: Set Duplicate Product Names=2 [254]
11:34:02.474-----------> ImportProductsProcess.doIt: Invalid Expiration Lot 1=1 [254]
11:34:02.603-----------> X_BH_I_Product_Quantity.set_Value: Name - Value too long - truncated to length=60 [254]
11:34:02.691===========> DB.executeUpdate: INSERT INTO M_Cost (AD_Client_ID,AD_Org_ID,M_Product_ID,M_CostType_ID,C_AcctSchema_ID,IsActive,Created,CreatedBy,Updated,UpdatedBy,CurrentCostPrice,FutureCostPrice,M_AttributeSetInstance_ID,CumulatedAmt,CumulatedQty,CurrentQty,M_Cost_UU) VALUES (?,?,?,?,?,?,?,?,?,?,?,?,?,?,?,?,?) [SvrProcess_ef02a97d-3e0a-4727-b1c0-ab59516ab6a3] [254]
org.postgresql.util.PSQLException: ERROR: null value in column "m_costelement_id" of relation "m_cost" violates not-null constraint
  Detail: Failing row contains (11, 0, 1000527, 100, 101, null, 1000053, Y, 2024-07-16 11:34:02.69, 100, 2024-07-16 11:34:02.69, 100, 2000, 9999999, 19999998000, 9999999, 0.0, null, 0, 0, null, N, 0cf6dfd4-9db2-4a16-81b8-a6bd6f962644).; State=23502; ErrorCode=0
	at org.postgresql.core.v3.QueryExecutorImpl.receiveErrorResponse(QueryExecutorImpl.java:2712)
	at org.postgresql.core.v3.QueryExecutorImpl.processResults(QueryExecutorImpl.java:2400)
	at org.postgresql.core.v3.QueryExecutorImpl.execute(QueryExecutorImpl.java:367)
	at org.postgresql.jdbc.PgStatement.executeInternal(PgStatement.java:498)
	at org.postgresql.jdbc.PgStatement.execute(PgStatement.java:415)
	at org.postgresql.jdbc.PgPreparedStatement.executeWithFlags(PgPreparedStatement.java:190)
	at org.postgresql.jdbc.PgPreparedStatement.executeUpdate(PgPreparedStatement.java:152)
	at com.zaxxer.hikari.pool.ProxyPreparedStatement.executeUpdate(ProxyPreparedStatement.java:61)
	at com.zaxxer.hikari.pool.HikariProxyPreparedStatement.executeUpdate(HikariProxyPreparedStatement.java)
	at jdk.internal.reflect.GeneratedMethodAccessor116.invoke(Unknown Source)
	at java.base/jdk.internal.reflect.DelegatingMethodAccessorImpl.invoke(DelegatingMethodAccessorImpl.java:43)
	at java.base/java.lang.reflect.Method.invoke(Method.java:568)
	at org.compiere.db.StatementProxy.invoke(StatementProxy.java:138)
	at jdk.proxy2/jdk.proxy2.$Proxy17.executeUpdate(Unknown Source)
	at org.compiere.util.DB.executeUpdate(DB.java:1045)
	at org.compiere.util.DB.executeUpdate(DB.java:1013)
	at org.compiere.model.PO.doInsert(PO.java:3395)
	at org.compiere.model.PO.saveNew(PO.java:3374)
	at org.compiere.model.PO.save(PO.java:2490)
	at org.bandahealth.idempiere.base.process.ImportProductsProcess.createLotAndCost(ImportProductsProcess.java:596)
	at org.bandahealth.idempiere.base.process.ImportProductsProcess.doIt(ImportProductsProcess.java:429)
	at org.compiere.process.SvrProcess.process(SvrProcess.java:256)
	at org.compiere.process.SvrProcess.startProcess(SvrProcess.java:164)

11:34:02.692===========> DB.saveError: DBExecuteError - ERROR: null value in column "m_costelement_id" of relation "m_cost" violates not-null constraint
  Detail: Failing row contains (11, 0, 1000527, 100, 101, null, 1000053, Y, 2024-07-16 11:34:02.69, 100, 2024-07-16 11:34:02.69, 100, 2000, 9999999, 19999998000, 9999999, 0.0, null, 0, 0, null, N, 0cf6dfd4-9db2-4a16-81b8-a6bd6f962644). [254]
11:34:02.692-----------> MCost.doInsert: [SvrProcess_ef02a97d-3e0a-4727-b1c0-ab59516ab6a3]Not inserted - M_Cost [254]
11:34:02.693===========> MCost.saveError: DBExecuteError - DBExecuteError:ERROR: null value in column "m_costelement_id" of relation "m_cost" violates not-null constraint
  Detail: Failing row contains (11, 0, 1000527, 100, 101, null, 1000053, Y, 2024-07-16 11:34:02.69, 100, 2024-07-16 11:34:02.69, 100, 2000, 9999999, 19999998000, 9999999, 0.0, null, 0, 0, null, N, 0cf6dfd4-9db2-4a16-81b8-a6bd6f962644). [254]
11:34:02.785-----------> MChuBoePopulateResponse.set_Value: Classname - Value too long - truncated to length=60 [254]
11:34:19.622===========> MProcessPara.validateUnknownParameter: Process InitialBandaClientSetup - Unknown Parameter: CoAFile= [254]
11:34:19.623===========> MProcessPara.validateUnknownParameter: Process InitialBandaClientSetup - Unknown Parameter: UseDefaultCoA= [254]
11:34:19.623===========> MProcessPara.validateUnknownParameter: Process InitialBandaClientSetup - Unknown Parameter: OrgName= [254]
11:34:19.624===========> MProcessPara.validateUnknownParameter: Process InitialBandaClientSetup - Unknown Parameter: AdminUserName= [254]
11:34:19.624===========> MProcessPara.validateUnknownParameter: Process InitialBandaClientSetup - Unknown Parameter: NormalUserName= [254]
11:34:19.625===========> MProcessPara.validateUnknownParameter: Process InitialBandaClientSetup - Unknown Parameter: AdminUserEmail= [254]
11:34:19.625===========> MProcessPara.validateUnknownParameter: Process InitialBandaClientSetup - Unknown Parameter: NormalUserEmail= [254]
11:34:21.060-----------> Trx.start: Trx in progress Setup_9fdbc0b1-6b9b-4a8c-a279-cf2c0be92c32 [254]
11:34:24.088-----------> MAttributeSet_BH.afterSave: Reset Instance Attribute [254]
11:34:25.411-----------> MChuBoePopulateResponse.set_Value: Classname - Value too long - truncated to length=60 [254]
11:34:32.273===========> DoChuBoePopulate.process:  Loops attempted: 1, Total Classes: 12, Total Methods: 21, Total Errors: 1. [254]
org.adempiere.exceptions.AdempiereException:  Loops attempted: 1, Total Classes: 12, Total Methods: 21, Total Errors: 1.
	at com.chuboe.test.process.DoChuBoePopulate.doIt(DoChuBoePopulate.java:323)
	at org.compiere.process.SvrProcess.process(SvrProcess.java:256)
	at org.compiere.process.SvrProcess.startProcess(SvrProcess.java:164)
	at org.adempiere.util.ProcessUtil.startJavaProcess(ProcessUtil.java:175)
	at org.adempiere.util.ProcessUtil.startJavaProcess(ProcessUtil.java:142)
	at org.compiere.model.MProcess.startClass(MProcess.java:480)
	at org.compiere.model.MProcess.processIt(MProcess.java:389)
	at org.idempiere.adinterface.Process.runProcess(Process.java:363)
	at org.idempiere.adinterface.ModelADServiceImpl.runProcess(ModelADServiceImpl.java:442)
	at java.base/jdk.internal.reflect.NativeMethodAccessorImpl.invoke0(Native Method)
	at java.base/jdk.internal.reflect.NativeMethodAccessorImpl.invoke(NativeMethodAccessorImpl.java:77)
	at java.base/jdk.internal.reflect.DelegatingMethodAccessorImpl.invoke(DelegatingMethodAccessorImpl.java:43)
	at java.base/java.lang.reflect.Method.invoke(Method.java:568)
	at org.apache.cxf.service.invoker.AbstractInvoker.performInvocation(AbstractInvoker.java:179)
	at org.apache.cxf.jaxws.JAXWSMethodInvoker.performInvocation(JAXWSMethodInvoker.java:66)
	at org.apache.cxf.service.invoker.AbstractInvoker.invoke(AbstractInvoker.java:96)
	at org.apache.cxf.jaxws.AbstractJAXWSMethodInvoker.invoke(AbstractJAXWSMethodInvoker.java:232)
	at org.apache.cxf.jaxws.JAXWSMethodInvoker.invoke(JAXWSMethodInvoker.java:85)
	at org.apache.cxf.service.invoker.AbstractInvoker.invoke(AbstractInvoker.java:74)
	at org.apache.cxf.interceptor.ServiceInvokerInterceptor$1.run(ServiceInvokerInterceptor.java:59)
	at java.base/java.util.concurrent.Executors$RunnableAdapter.call(Executors.java:539)

11:34:32.275-----------> ModelADServiceImpl.runProcess: Error running webservice RunTests_GW ->  Loops attempted: 1, Total Classes: 12, Total Methods: 21, Total Errors: 1. [254]
11:34:36.187-----------> BandaGraphQLContextBuilder.<init>: Constructing GraphQL Context [283]
11:34:36.191-----------> BandaGraphQLContextBuilder.buildDataLoaderRegistry: building data registry [283]
11:34:36.273-----------> BandaGraphQLContextBuilder.<init>: Constructing GraphQL Context [255]
11:34:36.275-----------> BandaGraphQLContextBuilder.buildDataLoaderRegistry: building data registry [255]
11:34:36.416-----------> BandaGraphQLContextBuilder.<init>: Constructing GraphQL Context [283]
11:34:36.419-----------> BandaGraphQLContextBuilder.buildDataLoaderRegistry: building data registry [283]
11:34:36.490-----------> BandaGraphQLContextBuilder.<init>: Constructing GraphQL Context [255]
11:34:36.492-----------> BandaGraphQLContextBuilder.buildDataLoaderRegistry: building data registry [255]
11:34:36.627-----------> BandaGraphQLContextBuilder.<init>: Constructing GraphQL Context [283]
11:34:36.629-----------> BandaGraphQLContextBuilder.buildDataLoaderRegistry: building data registry [283]
11:34:36.806-----------> BandaGraphQLContextBuilder.<init>: Constructing GraphQL Context [255]
11:34:36.810-----------> BandaGraphQLContextBuilder.buildDataLoaderRegistry: building data registry [255]
