*** 2024-08-13 06:09:36.151 idempiere Log (CLogFile) ***
06:09:36.150 Adempiere.startup: iDempiere(r) Release 11_2023-12-24 -Smart Suite ERP, CRM and SCM- (c) 1999-2024 iDempiere(r); Implementation: iDempiere - Supported by iDempiere community [24]
06:09:36.152 Ini.loadProperties: /opt/idempiere/idempiere.properties #27 [24]
06:09:36.575-----------> Activator.createHazelCastInstance: Starting hazelcast with configuration from file hazelcast.xml [24]
06:09:37.038-----------> CPSubsystem: [172.18.0.4]:5701 [adempiere.idempiere/postgres:5679] [5.3.1] CP Subsystem is not enabled. CP data structures will operate in UNSAFE mode! Please note that UNSAFE mode will not provide strong consistency guarantees. [24]
06:09:41.525-----------> EMail.setFrom: you @ company.org: javax.mail.internet.AddressException: Local address contains control or whitespace in string ``you @ company.org'' [24]
06:09:41.527-----------> EMail.addTo: you @ company.org: javax.mail.internet.AddressException: Local address contains control or whitespace in string ``you @ company.org'' [24]
06:09:41.527-----------> EMail.isValid: From is invalid=null [24]
06:09:41.528-----------> EMail.isValid: From is invalid=null [24]
06:09:41.531-----------> MClient_BH.sendEMail: Could NOT Send Email: Server started: iDempiere (438b24b4866e:172.18.0.4) to you @ company.org: Invalid Data (System) [24]
06:09:42.339           LoggedSessionListener.contextInitialized: context initialized for 9.6.4 [24]
06:09:42.803-----------> DefaultAnnotationProcessor.fallbackToManualAnnotatedClasses: Unable to detect annotations. Application may fail to deploy. [24]
06:09:59.723-----------> SchemaClassScanner.handleNewType: Cannot find definition for field 'bh_window_id: BigDecimal' on input type 'BH_Voided_ReasonInput' -> org.bandahealth.idempiere.graphql.model.input.I_BH_Voided_ReasonInput. Try adding it manually to the dictionary [24]
06:10:00.207-----------> SchemaClassScanner.handleNewType: Cannot find definition for field 'bh_nextappointmentdate: Date' on input type 'C_BPartnerInput' -> org.bandahealth.idempiere.graphql.model.input.I_C_BPartnerInput. Try adding it manually to the dictionary [24]
06:10:04.616-----------> SchemaClassScanner.handleNewType: Cannot find definition for field 'ad_user_created: Date' on input type 'RV_BPartnerInput' -> org.bandahealth.idempiere.graphql.model.input.I_RV_BPartnerInput. Try adding it manually to the dictionary [24]
06:10:04.616-----------> SchemaClassScanner.handleNewType: Cannot find definition for field 'ad_user_updated: Date' on input type 'RV_BPartnerInput' -> org.bandahealth.idempiere.graphql.model.input.I_RV_BPartnerInput. Try adding it manually to the dictionary [24]
06:10:04.617-----------> SchemaClassScanner.handleNewType: Cannot find definition for field 'c_bp_dunninggrace: Date' on input type 'RV_BPartnerInput' -> org.bandahealth.idempiere.graphql.model.input.I_RV_BPartnerInput. Try adding it manually to the dictionary [24]
06:10:04.618-----------> SchemaClassScanner.handleNewType: Cannot find definition for field 'c_bp_location_created: Date' on input type 'RV_BPartnerInput' -> org.bandahealth.idempiere.graphql.model.input.I_RV_BPartnerInput. Try adding it manually to the dictionary [24]
06:10:04.619-----------> SchemaClassScanner.handleNewType: Cannot find definition for field 'c_bp_location_updated: Date' on input type 'RV_BPartnerInput' -> org.bandahealth.idempiere.graphql.model.input.I_RV_BPartnerInput. Try adding it manually to the dictionary [24]
06:10:04.620-----------> SchemaClassScanner.handleNewType: Cannot find definition for field 'c_location_created: Date' on input type 'RV_BPartnerInput' -> org.bandahealth.idempiere.graphql.model.input.I_RV_BPartnerInput. Try adding it manually to the dictionary [24]
06:10:04.621-----------> SchemaClassScanner.handleNewType: Cannot find definition for field 'c_location_updated: Date' on input type 'RV_BPartnerInput' -> org.bandahealth.idempiere.graphql.model.input.I_RV_BPartnerInput. Try adding it manually to the dictionary [24]
06:10:22.989-----------> AdempiereActivator.installPackage: Installing org.bandahealth.idempiere.rest.test 11.0.0 ... [314]
06:10:22.990-----------> AdempiereActivator.installPackage: org.bandahealth.idempiere.rest.test 11.0.0 installed. [314]
06:10:22.991-----------> AdempiereActivator.installPackage: Installing org.bandahealth.idempiere.base 11.0.0 ... [351]
06:10:22.992-----------> AdempiereActivator.installPackage: org.bandahealth.idempiere.base 11.0.0 installed. [351]
06:10:22.993-----------> AdempiereActivator.installPackage: Installing org.bandahealth.idempiere.graphql.test 11.0.0 ... [356]
06:10:22.993-----------> AdempiereActivator.installPackage: org.bandahealth.idempiere.graphql.test 11.0.0 installed. [356]
06:10:22.995-----------> AdempiereActivator.installPackage: Installing org.bandahealth.idempiere.base.test 11.0.0 ... [355]
06:10:22.995-----------> AdempiereActivator.installPackage: org.bandahealth.idempiere.base.test 11.0.0 installed. [355]
06:10:22.997-----------> AdempiereActivator.installPackage: Installing com.chuboe.test.populate 11.0.0 ... [353]
06:10:22.997-----------> AdempiereActivator.installPackage: com.chuboe.test.populate 11.0.0 installed. [353]
06:10:22.998-----------> AdempiereActivator.installPackage: Installing org.bandahealth.idempiere.report.test 11.0.0 ... [369]
06:10:22.999-----------> AdempiereActivator.installPackage: org.bandahealth.idempiere.report.test 11.0.0 installed. [369]
06:12:23.007-----------> AbstractActivator.installedPackage: 202105131711_SYSTEM_CashierReports.zip [372]
06:12:23.013-----------> AbstractActivator.installedPackage: 202101181614_SYSTEM_CheckUnprocessedPaymentsMenu.zip [372]
06:12:23.015-----------> AbstractActivator.installedPackage: 202109071614_SYSTEM_OclSync.zip [372]
06:12:23.017-----------> AbstractActivator.installedPackage: 202103251539_SYSTEM_FixTranslationColumnConfig.zip [372]
06:12:23.019-----------> AbstractActivator.installedPackage: 202009010002_SYSTEM_BH_SysConfiguration.zip [372]
06:12:23.020-----------> AbstractActivator.installedPackage: 202205181324_SYSTEM_ExpiredProductsListReport.zip [372]
06:12:23.022-----------> AbstractActivator.installedPackage: 202109091843_SYSTEM_ImportProductsAndQuantities.zip [372]
06:12:23.024-----------> AbstractActivator.installedPackage: 202208161457_SYSTEM_ChuckTestingFramework.zip [372]
06:12:23.025-----------> AbstractActivator.installedPackage: 202009010017_SYSTEM_BH_Products.zip [372]
06:12:23.026-----------> AbstractActivator.installedPackage: 202009010007_SYSTEM_BH_ProductInfo.zip [372]
06:12:23.027-----------> AbstractActivator.installedPackage: 202009010006_SYSTEM_BH_TermsOfService.zip [372]
06:12:23.028-----------> AbstractActivator.installedPackage: 202009010018_SYSTEM_BH_ReceiveGoods.zip [372]
06:12:23.029-----------> AbstractActivator.installedPackage: 202103091615_SYSTEM_VisitDateAndReferredFromTo.zip [372]
06:12:23.030-----------> AbstractActivator.installedPackage: 202009010016_SYSTEM_BH_ScheduledReports.zip [372]
06:12:23.031-----------> AbstractActivator.installedPackage: 202103151302_SYSTEM_OrgInfoExtraInfo.zip [372]
06:12:23.032-----------> AbstractActivator.installedPackage: 202011231155_SYSTEM_HomeScreenButtonTranslations-1.0.0.zip [372]
06:12:23.033-----------> AbstractActivator.installedPackage: 202009010001_SYSTEM_BH_TabNavigationButtons.zip [372]
06:12:23.035-----------> AbstractActivator.installedPackage: 202009010012_SYSTEM_BH_GenericSearchInfo.zip [372]
06:12:23.036-----------> AbstractActivator.installedPackage: 202009010020_SYSTEM_BH_BusinessPartner.zip [372]
06:12:23.038-----------> AbstractActivator.installedPackage: 202109100603_SYSTEM_VoidedTransactionsReport.zip [372]
06:12:23.039-----------> AbstractActivator.installedPackage: 202102181606_SYSTEM_AddProcessStageField.zip [372]
06:12:23.040-----------> AbstractActivator.installedPackage: 202104081303_SYSTEM_DeactivationOnWindow.zip [372]
06:12:23.041-----------> AbstractActivator.installedPackage: 202009010011_SYSTEM_BH_Services.zip [372]
06:12:23.043-----------> AbstractActivator.installedPackage: 202204121705_SYSTEM_DailyCashierCollectionsReport.zip [372]
06:12:23.044-----------> AbstractActivator.installedPackage: 202011231735_SYSTEM_TabNavigationButtonTranslations-1.0.0.zip [372]
06:12:23.045-----------> AbstractActivator.installedPackage: 202109201010_SYSTEM_705ReportsRename.zip [372]
06:12:23.046-----------> AbstractActivator.installedPackage: 202009010024_SYSTEM_BH_InitialClientProcess_p2.zip [372]
06:12:23.046-----------> AbstractActivator.installedPackage: 202111231246_SYSTEM_InventoryUpdateReasonColumn.zip [372]
06:12:23.047-----------> AbstractActivator.installedPackage: 202009010013_SYSTEM_BH_SubRoles.zip [372]
06:12:23.048-----------> AbstractActivator.installedPackage: 202110281105_SYSTEM_TriageFieldsAccessWindow.zip [372]
06:12:23.050-----------> AbstractActivator.installedPackage: 202101221229_SYSTEM_AddClinicianField.zip [372]
06:12:23.051-----------> AbstractActivator.installedPackage: 202009010010_SYSTEM_BH_Kibana.zip [372]
06:12:23.052-----------> AbstractActivator.installedPackage: 202009010025_SYSTEM_BH_ProductCategory.zip [372]
06:12:23.053-----------> AbstractActivator.installedPackage: 202009010004_SYSTEM_BH_Reports.zip [372]
06:12:23.054-----------> AbstractActivator.installedPackage: 202106291432_SYSTEM_OpenBalanceReport.zip [372]
06:12:23.055-----------> AbstractActivator.installedPackage: 202009010009_SYSTEM_BH_ServiceDebt.zip [372]
06:12:23.056-----------> AbstractActivator.installedPackage: 202106211025_SYSTEM_CodedDiagnoses.zip [372]
06:12:23.058-----------> AbstractActivator.installedPackage: 202009191308_SYSTEM_DefaultIncludedRoles-1.0.0.zip [372]
06:12:23.059-----------> AbstractActivator.installedPackage: 202112021451_SYSTEM_CodedDiagnosisVoidReasonUpdate.zip [372]
06:12:23.059-----------> AbstractActivator.installedPackage: 202009010023_SYSTEM_BH_InitialClientProcess_p1.zip [372]
06:12:23.060-----------> AbstractActivator.installedPackage: 202009010015_SYSTEM_BH_BaseRoles.zip [372]
06:12:23.061-----------> AbstractActivator.installedPackage: 202009010022_SYSTEM_BH_PaymentBankAccounts.zip [372]
06:12:23.061-----------> AbstractActivator.installedPackage: 202009010005_SYSTEM_BH_Initial_Inventory.zip [372]
06:12:23.062-----------> AbstractActivator.installedPackage: 202009010026_SYSTEM_BH_PatientBilling.zip [372]
06:12:23.063-----------> AbstractActivator.installedPackage: 202009010021_SYSTEM_BH_MyExpenses.zip [372]
06:12:23.063-----------> AbstractActivator.installedPackage: 202009010014_SYSTEM_BH_StockTake.zip [372]
06:12:23.064-----------> AbstractActivator.installedPackage: 202103231235_SYSTEM_ServicesSoldReport.zip [372]
06:12:23.065-----------> AbstractActivator.installedPackage: 202110281105_SYSTEM_TriageRole.zip [372]
06:12:23.065-----------> AbstractActivator.installedPackage: 202108041453_SYSTEM_BillInvoiceReport.zip [372]
06:12:23.066-----------> AbstractActivator.installedPackage: 202105311715_SYSTEM_InsuranceCustomization.zip [372]
06:12:23.067-----------> AbstractActivator.installedPackage: 202101181232_SYSTEM_AddInsurancePaymentModes.zip [372]
06:12:23.068-----------> AbstractActivator.installedPackage: 202011211657_SYSTEM_UIButtonConfigurations-1.0.0.zip [372]
06:12:23.082-----------> PackInApplicationActivator.packIn: Installing 202009010002_SYSTEM_BH_SysConfiguration.zip ... [372]
06:12:23.087-----------> AbstractActivator.installedPackage: 202009010002_SYSTEM_BH_SysConfiguration.zip [372]
06:12:23.389===========> MPackageExpDetail.set_Value: Column not found - AD_Package_Exp_Detail.AD_Workbench_ID [372]
06:12:23.391===========> MPackageExpDetail.saveError: ColumnNotFound - AD_Package_Exp_Detail.AD_Workbench_ID [372]
06:12:23.410===========> MPackageExpDetail.set_Value: Column not found - AD_Package_Exp_Detail.AD_Workbench_ID [372]
06:12:23.410===========> MPackageExpDetail.saveError: ColumnNotFound - AD_Package_Exp_Detail.AD_Workbench_ID [372]
06:12:23.422===========> MPackageExpDetail.set_Value: Column not found - AD_Package_Exp_Detail.AD_Workbench_ID [372]
06:12:23.423===========> MPackageExpDetail.saveError: ColumnNotFound - AD_Package_Exp_Detail.AD_Workbench_ID [372]
06:12:23.433===========> MPackageExpDetail.set_Value: Column not found - AD_Package_Exp_Detail.AD_Workbench_ID [372]
06:12:23.434===========> MPackageExpDetail.saveError: ColumnNotFound - AD_Package_Exp_Detail.AD_Workbench_ID [372]
06:12:23.444===========> MPackageExpDetail.set_Value: Column not found - AD_Package_Exp_Detail.AD_Workbench_ID [372]
06:12:23.445===========> MPackageExpDetail.saveError: ColumnNotFound - AD_Package_Exp_Detail.AD_Workbench_ID [372]
06:12:23.455===========> MPackageExpDetail.set_Value: Column not found - AD_Package_Exp_Detail.AD_Workbench_ID [372]
06:12:23.456===========> MPackageExpDetail.saveError: ColumnNotFound - AD_Package_Exp_Detail.AD_Workbench_ID [372]
06:12:23.464===========> MPackageExpDetail.set_Value: Column not found - AD_Package_Exp_Detail.AD_Workbench_ID [372]
06:12:23.465===========> MPackageExpDetail.saveError: ColumnNotFound - AD_Package_Exp_Detail.AD_Workbench_ID [372]
06:12:23.641-----------> PackInApplicationActivator.packIn: migration/zip_2pack/202009010002_SYSTEM_BH_SysConfiguration.zip installed [372]
06:12:23.641-----------> PackInApplicationActivator.packIn: Installing 202009010004_SYSTEM_BH_Reports.zip ... [372]
06:12:23.642-----------> AbstractActivator.installedPackage: 202009010004_SYSTEM_BH_Reports.zip [372]
06:12:23.925-----------> PackInApplicationActivator.packIn: migration/zip_2pack/202009010004_SYSTEM_BH_Reports.zip installed [372]
06:12:23.925-----------> PackInApplicationActivator.packIn: Installing 202009010005_SYSTEM_BH_Initial_Inventory.zip ... [372]
06:12:23.926-----------> AbstractActivator.installedPackage: 202009010005_SYSTEM_BH_Initial_Inventory.zip [372]
06:12:24.189===========> DisplayType.getSQLDataType: Unhandled Data Type = 1000004 [372]
06:12:24.468===========> DisplayType.getSQLDataType: Unhandled Data Type = 1000004 [372]
06:12:24.780===========> AbstractModelFactory.getPO: (rs) - Table=AD_PrintFormat,Class=class org.compiere.print.MPrintFormat [372]
java.lang.reflect.InvocationTargetException
	at java.base/jdk.internal.reflect.NativeConstructorAccessorImpl.newInstance0(Native Method)
	at java.base/jdk.internal.reflect.NativeConstructorAccessorImpl.newInstance(NativeConstructorAccessorImpl.java:77)
	at java.base/jdk.internal.reflect.DelegatingConstructorAccessorImpl.newInstance(DelegatingConstructorAccessorImpl.java:45)
	at java.base/java.lang.reflect.Constructor.newInstanceWithCaller(Constructor.java:499)
	at java.base/java.lang.reflect.Constructor.newInstance(Constructor.java:480)
	at org.adempiere.base.AbstractModelFactory.getPO(AbstractModelFactory.java:242)
	at org.adempiere.base.AnnotationBasedModelFactory.getPO(AnnotationBasedModelFactory.java:230)
	at org.compiere.model.MTable.getPO(MTable.java:656)
	at org.compiere.model.Query.firstOnly(Query.java:409)
	at org.adempiere.pipo2.POFinder.findPO(POFinder.java:96)
	at org.adempiere.pipo2.AbstractElementHandler.findPO(AbstractElementHandler.java:550)
	at org.adempiere.pipo2.handler.PrintFormatElementHandler.startElement(PrintFormatElementHandler.java:56)
	at org.adempiere.pipo2.PackInHandler.processElement(PackInHandler.java:237)
	at org.adempiere.pipo2.PackInHandler.processElement(PackInHandler.java:253)
	at org.adempiere.pipo2.PackInHandler.processElement(PackInHandler.java:253)
	at org.adempiere.pipo2.PackInHandler.endElement(PackInHandler.java:325)
	at java.xml/com.sun.org.apache.xerces.internal.parsers.AbstractSAXParser.endElement(AbstractSAXParser.java:618)
	at java.xml/com.sun.org.apache.xerces.internal.impl.XMLDocumentFragmentScannerImpl.scanEndElement(XMLDocumentFragmentScannerImpl.java:1728)
	at java.xml/com.sun.org.apache.xerces.internal.impl.XMLDocumentFragmentScannerImpl$FragmentContentDriver.next(XMLDocumentFragmentScannerImpl.java:2899)
	at java.xml/com.sun.org.apache.xerces.internal.impl.XMLDocumentScannerImpl.next(XMLDocumentScannerImpl.java:605)
	at java.xml/com.sun.org.apache.xerces.internal.impl.XMLDocumentFragmentScannerImpl.scanDocument(XMLDocumentFragmentScannerImpl.java:542)
caused by: java.lang.NullPointerException: Cannot invoke "org.compiere.model.MRole.isColumnAccess(int, int, boolean, String)" because "role" is null
	at org.compiere.print.MPrintFormat.getItems(MPrintFormat.java:278)
	at org.compiere.print.MPrintFormat.<init>(MPrintFormat.java:124)
	at java.base/jdk.internal.reflect.NativeConstructorAccessorImpl.newInstance0(Native Method)
	at java.base/jdk.internal.reflect.NativeConstructorAccessorImpl.newInstance(NativeConstructorAccessorImpl.java:77)
	at java.base/jdk.internal.reflect.DelegatingConstructorAccessorImpl.newInstance(DelegatingConstructorAccessorImpl.java:45)
	at java.base/java.lang.reflect.Constructor.newInstanceWithCaller(Constructor.java:499)
	at java.base/java.lang.reflect.Constructor.newInstance(Constructor.java:480)
	at org.adempiere.base.AbstractModelFactory.getPO(AbstractModelFactory.java:242)
	at org.adempiere.base.AnnotationBasedModelFactory.getPO(AnnotationBasedModelFactory.java:230)
	at org.compiere.model.MTable.getPO(MTable.java:656)
	at org.compiere.model.Query.firstOnly(Query.java:409)
	at org.adempiere.pipo2.POFinder.findPO(POFinder.java:96)
	at org.adempiere.pipo2.AbstractElementHandler.findPO(AbstractElementHandler.java:550)
	at org.adempiere.pipo2.handler.PrintFormatElementHandler.startElement(PrintFormatElementHandler.java:56)
	at org.adempiere.pipo2.PackInHandler.processElement(PackInHandler.java:237)
	at org.adempiere.pipo2.PackInHandler.processElement(PackInHandler.java:253)
	at org.adempiere.pipo2.PackInHandler.processElement(PackInHandler.java:253)
	at org.adempiere.pipo2.PackInHandler.endElement(PackInHandler.java:325)
	at java.xml/com.sun.org.apache.xerces.internal.parsers.AbstractSAXParser.endElement(AbstractSAXParser.java:618)
	at java.xml/com.sun.org.apache.xerces.internal.impl.XMLDocumentFragmentScannerImpl.scanEndElement(XMLDocumentFragmentScannerImpl.java:1728)
	at java.xml/com.sun.org.apache.xerces.internal.impl.XMLDocumentFragmentScannerImpl$FragmentContentDriver.next(XMLDocumentFragmentScannerImpl.java:2899)

06:12:24.782===========> AbstractModelFactory.saveError: Error - Table=AD_PrintFormat,Class=class org.compiere.print.MPrintFormat [372]
06:12:24.789===========> AbstractModelFactory.getPO: (rs) - Table=AD_PrintFormat,Class=class org.compiere.print.MPrintFormat [372]
java.lang.reflect.InvocationTargetException
	at java.base/jdk.internal.reflect.NativeConstructorAccessorImpl.newInstance0(Native Method)
	at java.base/jdk.internal.reflect.NativeConstructorAccessorImpl.newInstance(NativeConstructorAccessorImpl.java:77)
	at java.base/jdk.internal.reflect.DelegatingConstructorAccessorImpl.newInstance(DelegatingConstructorAccessorImpl.java:45)
	at java.base/java.lang.reflect.Constructor.newInstanceWithCaller(Constructor.java:499)
	at java.base/java.lang.reflect.Constructor.newInstance(Constructor.java:480)
	at org.adempiere.base.AbstractModelFactory.getPO(AbstractModelFactory.java:242)
	at org.adempiere.base.AbstractModelFactory.getPO(AbstractModelFactory.java:222)
	at org.compiere.model.MTable.getPO(MTable.java:656)
	at org.compiere.model.Query.firstOnly(Query.java:409)
	at org.adempiere.pipo2.POFinder.findPO(POFinder.java:96)
	at org.adempiere.pipo2.AbstractElementHandler.findPO(AbstractElementHandler.java:550)
	at org.adempiere.pipo2.handler.PrintFormatElementHandler.startElement(PrintFormatElementHandler.java:56)
	at org.adempiere.pipo2.PackInHandler.processElement(PackInHandler.java:237)
	at org.adempiere.pipo2.PackInHandler.processElement(PackInHandler.java:253)
	at org.adempiere.pipo2.PackInHandler.processElement(PackInHandler.java:253)
	at org.adempiere.pipo2.PackInHandler.endElement(PackInHandler.java:325)
	at java.xml/com.sun.org.apache.xerces.internal.parsers.AbstractSAXParser.endElement(AbstractSAXParser.java:618)
	at java.xml/com.sun.org.apache.xerces.internal.impl.XMLDocumentFragmentScannerImpl.scanEndElement(XMLDocumentFragmentScannerImpl.java:1728)
	at java.xml/com.sun.org.apache.xerces.internal.impl.XMLDocumentFragmentScannerImpl$FragmentContentDriver.next(XMLDocumentFragmentScannerImpl.java:2899)
	at java.xml/com.sun.org.apache.xerces.internal.impl.XMLDocumentScannerImpl.next(XMLDocumentScannerImpl.java:605)
	at java.xml/com.sun.org.apache.xerces.internal.impl.XMLDocumentFragmentScannerImpl.scanDocument(XMLDocumentFragmentScannerImpl.java:542)
caused by: java.lang.NullPointerException: Cannot invoke "org.compiere.model.MRole.isColumnAccess(int, int, boolean, String)" because "role" is null
	at org.compiere.print.MPrintFormat.getItems(MPrintFormat.java:278)
	at org.compiere.print.MPrintFormat.<init>(MPrintFormat.java:124)
	at java.base/jdk.internal.reflect.NativeConstructorAccessorImpl.newInstance0(Native Method)
	at java.base/jdk.internal.reflect.NativeConstructorAccessorImpl.newInstance(NativeConstructorAccessorImpl.java:77)
	at java.base/jdk.internal.reflect.DelegatingConstructorAccessorImpl.newInstance(DelegatingConstructorAccessorImpl.java:45)
	at java.base/java.lang.reflect.Constructor.newInstanceWithCaller(Constructor.java:499)
	at java.base/java.lang.reflect.Constructor.newInstance(Constructor.java:480)
	at org.adempiere.base.AbstractModelFactory.getPO(AbstractModelFactory.java:242)
	at org.adempiere.base.AbstractModelFactory.getPO(AbstractModelFactory.java:222)
	at org.compiere.model.MTable.getPO(MTable.java:656)
	at org.compiere.model.Query.firstOnly(Query.java:409)
	at org.adempiere.pipo2.POFinder.findPO(POFinder.java:96)
	at org.adempiere.pipo2.AbstractElementHandler.findPO(AbstractElementHandler.java:550)
	at org.adempiere.pipo2.handler.PrintFormatElementHandler.startElement(PrintFormatElementHandler.java:56)
	at org.adempiere.pipo2.PackInHandler.processElement(PackInHandler.java:237)
	at org.adempiere.pipo2.PackInHandler.processElement(PackInHandler.java:253)
	at org.adempiere.pipo2.PackInHandler.processElement(PackInHandler.java:253)
	at org.adempiere.pipo2.PackInHandler.endElement(PackInHandler.java:325)
	at java.xml/com.sun.org.apache.xerces.internal.parsers.AbstractSAXParser.endElement(AbstractSAXParser.java:618)
	at java.xml/com.sun.org.apache.xerces.internal.impl.XMLDocumentFragmentScannerImpl.scanEndElement(XMLDocumentFragmentScannerImpl.java:1728)
	at java.xml/com.sun.org.apache.xerces.internal.impl.XMLDocumentFragmentScannerImpl$FragmentContentDriver.next(XMLDocumentFragmentScannerImpl.java:2899)

06:12:24.790===========> AbstractModelFactory.saveError: Error - Table=AD_PrintFormat,Class=class org.compiere.print.MPrintFormat [372]
06:12:24.793===========> PackIn.importXML: importXML: [372]
java.lang.ClassCastException: class org.adempiere.model.GenericPO cannot be cast to class org.compiere.model.X_AD_PrintFormat (org.adempiere.model.GenericPO and org.compiere.model.X_AD_PrintFormat are in unnamed module of loader org.eclipse.osgi.internal.loader.EquinoxClassLoader @30b774b2)
	at org.adempiere.pipo2.handler.PrintFormatElementHandler.startElement(PrintFormatElementHandler.java:56)
	at org.adempiere.pipo2.PackInHandler.processElement(PackInHandler.java:237)
	at org.adempiere.pipo2.PackInHandler.processElement(PackInHandler.java:253)
	at org.adempiere.pipo2.PackInHandler.processElement(PackInHandler.java:253)
	at org.adempiere.pipo2.PackInHandler.endElement(PackInHandler.java:325)
	at java.xml/com.sun.org.apache.xerces.internal.parsers.AbstractSAXParser.endElement(AbstractSAXParser.java:618)
	at java.xml/com.sun.org.apache.xerces.internal.impl.XMLDocumentFragmentScannerImpl.scanEndElement(XMLDocumentFragmentScannerImpl.java:1728)
	at java.xml/com.sun.org.apache.xerces.internal.impl.XMLDocumentFragmentScannerImpl$FragmentContentDriver.next(XMLDocumentFragmentScannerImpl.java:2899)
	at java.xml/com.sun.org.apache.xerces.internal.impl.XMLDocumentScannerImpl.next(XMLDocumentScannerImpl.java:605)
	at java.xml/com.sun.org.apache.xerces.internal.impl.XMLDocumentFragmentScannerImpl.scanDocument(XMLDocumentFragmentScannerImpl.java:542)
	at java.xml/com.sun.org.apache.xerces.internal.parsers.XML11Configuration.parse(XML11Configuration.java:889)
	at java.xml/com.sun.org.apache.xerces.internal.parsers.XML11Configuration.parse(XML11Configuration.java:825)
	at java.xml/com.sun.org.apache.xerces.internal.parsers.XMLParser.parse(XMLParser.java:141)
	at java.xml/com.sun.org.apache.xerces.internal.parsers.AbstractSAXParser.parse(AbstractSAXParser.java:1224)
	at java.xml/com.sun.org.apache.xerces.internal.jaxp.SAXParserImpl$JAXPSAXParser.parse(SAXParserImpl.java:637)
	at java.xml/com.sun.org.apache.xerces.internal.jaxp.SAXParserImpl.parse(SAXParserImpl.java:326)
	at java.xml/javax.xml.parsers.SAXParser.parse(SAXParser.java:197)
	at org.adempiere.pipo2.PackIn.importXML(PackIn.java:172)
	at org.adempiere.pipo2.PackIn.importXML(PackIn.java:135)
	at org.adempiere.pipo.srv.PipoDictionaryService.merge(PipoDictionaryService.java:110)
	at org.adempiere.plugin.utils.AbstractActivator.merge(AbstractActivator.java:86)

06:12:24.794===========> PackIn.importXML: importXML: [372]
java.lang.RuntimeException: class org.adempiere.model.GenericPO cannot be cast to class org.compiere.model.X_AD_PrintFormat (org.adempiere.model.GenericPO and org.compiere.model.X_AD_PrintFormat are in unnamed module of loader org.eclipse.osgi.internal.loader.EquinoxClassLoader @30b774b2)
	at org.adempiere.pipo2.PackIn.importXML(PackIn.java:187)
	at org.adempiere.pipo2.PackIn.importXML(PackIn.java:135)
	at org.adempiere.pipo.srv.PipoDictionaryService.merge(PipoDictionaryService.java:110)
	at org.adempiere.plugin.utils.AbstractActivator.merge(AbstractActivator.java:86)
	at org.adempiere.plugin.utils.PackInApplicationActivator.packIn(PackInApplicationActivator.java:208)
	at org.adempiere.plugin.utils.PackInApplicationActivator.installPackages(PackInApplicationActivator.java:115)
	at org.adempiere.plugin.utils.PackInApplicationActivator$1.run(PackInApplicationActivator.java:62)
	at java.base/java.util.TimerThread.mainLoop(Timer.java:566)
	at java.base/java.util.TimerThread.run(Timer.java:516)
caused by: java.lang.ClassCastException: class org.adempiere.model.GenericPO cannot be cast to class org.compiere.model.X_AD_PrintFormat (org.adempiere.model.GenericPO and org.compiere.model.X_AD_PrintFormat are in unnamed module of loader org.eclipse.osgi.internal.loader.EquinoxClassLoader @30b774b2)
	at org.adempiere.pipo2.handler.PrintFormatElementHandler.startElement(PrintFormatElementHandler.java:56)
	at org.adempiere.pipo2.PackInHandler.processElement(PackInHandler.java:237)
	at org.adempiere.pipo2.PackInHandler.processElement(PackInHandler.java:253)
	at org.adempiere.pipo2.PackInHandler.processElement(PackInHandler.java:253)
	at org.adempiere.pipo2.PackInHandler.endElement(PackInHandler.java:325)
	at java.xml/com.sun.org.apache.xerces.internal.parsers.AbstractSAXParser.endElement(AbstractSAXParser.java:618)
	at java.xml/com.sun.org.apache.xerces.internal.impl.XMLDocumentFragmentScannerImpl.scanEndElement(XMLDocumentFragmentScannerImpl.java:1728)
	at java.xml/com.sun.org.apache.xerces.internal.impl.XMLDocumentFragmentScannerImpl$FragmentContentDriver.next(XMLDocumentFragmentScannerImpl.java:2899)
	at java.xml/com.sun.org.apache.xerces.internal.impl.XMLDocumentScannerImpl.next(XMLDocumentScannerImpl.java:605)
	at java.xml/com.sun.org.apache.xerces.internal.impl.XMLDocumentFragmentScannerImpl.scanDocument(XMLDocumentFragmentScannerImpl.java:542)
	at java.xml/com.sun.org.apache.xerces.internal.parsers.XML11Configuration.parse(XML11Configuration.java:889)
	at java.xml/com.sun.org.apache.xerces.internal.parsers.XML11Configuration.parse(XML11Configuration.java:825)
	at java.xml/com.sun.org.apache.xerces.internal.parsers.XMLParser.parse(XMLParser.java:141)
	at java.xml/com.sun.org.apache.xerces.internal.parsers.AbstractSAXParser.parse(AbstractSAXParser.java:1224)
	at java.xml/com.sun.org.apache.xerces.internal.jaxp.SAXParserImpl$JAXPSAXParser.parse(SAXParserImpl.java:637)
	at java.xml/com.sun.org.apache.xerces.internal.jaxp.SAXParserImpl.parse(SAXParserImpl.java:326)
	at java.xml/javax.xml.parsers.SAXParser.parse(SAXParser.java:197)
	at org.adempiere.pipo2.PackIn.importXML(PackIn.java:172)
	at org.adempiere.pipo2.PackIn.importXML(PackIn.java:135)
	at org.adempiere.pipo.srv.PipoDictionaryService.merge(PipoDictionaryService.java:110)
	at org.adempiere.plugin.utils.AbstractActivator.merge(AbstractActivator.java:86)

06:12:24.795===========> PipoDictionaryService.merge: importXML: [372]
java.lang.RuntimeException: class org.adempiere.model.GenericPO cannot be cast to class org.compiere.model.X_AD_PrintFormat (org.adempiere.model.GenericPO and org.compiere.model.X_AD_PrintFormat are in unnamed module of loader org.eclipse.osgi.internal.loader.EquinoxClassLoader @30b774b2)
	at org.adempiere.pipo2.PackIn.importXML(PackIn.java:187)
	at org.adempiere.pipo2.PackIn.importXML(PackIn.java:135)
	at org.adempiere.pipo.srv.PipoDictionaryService.merge(PipoDictionaryService.java:110)
	at org.adempiere.plugin.utils.AbstractActivator.merge(AbstractActivator.java:86)
	at org.adempiere.plugin.utils.PackInApplicationActivator.packIn(PackInApplicationActivator.java:208)
	at org.adempiere.plugin.utils.PackInApplicationActivator.installPackages(PackInApplicationActivator.java:115)
	at org.adempiere.plugin.utils.PackInApplicationActivator$1.run(PackInApplicationActivator.java:62)
	at java.base/java.util.TimerThread.mainLoop(Timer.java:566)
	at java.base/java.util.TimerThread.run(Timer.java:516)
caused by: java.lang.ClassCastException: class org.adempiere.model.GenericPO cannot be cast to class org.compiere.model.X_AD_PrintFormat (org.adempiere.model.GenericPO and org.compiere.model.X_AD_PrintFormat are in unnamed module of loader org.eclipse.osgi.internal.loader.EquinoxClassLoader @30b774b2)
	at org.adempiere.pipo2.handler.PrintFormatElementHandler.startElement(PrintFormatElementHandler.java:56)
	at org.adempiere.pipo2.PackInHandler.processElement(PackInHandler.java:237)
	at org.adempiere.pipo2.PackInHandler.processElement(PackInHandler.java:253)
	at org.adempiere.pipo2.PackInHandler.processElement(PackInHandler.java:253)
	at org.adempiere.pipo2.PackInHandler.endElement(PackInHandler.java:325)
	at java.xml/com.sun.org.apache.xerces.internal.parsers.AbstractSAXParser.endElement(AbstractSAXParser.java:618)
	at java.xml/com.sun.org.apache.xerces.internal.impl.XMLDocumentFragmentScannerImpl.scanEndElement(XMLDocumentFragmentScannerImpl.java:1728)
	at java.xml/com.sun.org.apache.xerces.internal.impl.XMLDocumentFragmentScannerImpl$FragmentContentDriver.next(XMLDocumentFragmentScannerImpl.java:2899)
	at java.xml/com.sun.org.apache.xerces.internal.impl.XMLDocumentScannerImpl.next(XMLDocumentScannerImpl.java:605)
	at java.xml/com.sun.org.apache.xerces.internal.impl.XMLDocumentFragmentScannerImpl.scanDocument(XMLDocumentFragmentScannerImpl.java:542)
	at java.xml/com.sun.org.apache.xerces.internal.parsers.XML11Configuration.parse(XML11Configuration.java:889)
	at java.xml/com.sun.org.apache.xerces.internal.parsers.XML11Configuration.parse(XML11Configuration.java:825)
	at java.xml/com.sun.org.apache.xerces.internal.parsers.XMLParser.parse(XMLParser.java:141)
	at java.xml/com.sun.org.apache.xerces.internal.parsers.AbstractSAXParser.parse(AbstractSAXParser.java:1224)
	at java.xml/com.sun.org.apache.xerces.internal.jaxp.SAXParserImpl$JAXPSAXParser.parse(SAXParserImpl.java:637)
	at java.xml/com.sun.org.apache.xerces.internal.jaxp.SAXParserImpl.parse(SAXParserImpl.java:326)
	at java.xml/javax.xml.parsers.SAXParser.parse(SAXParser.java:197)
	at org.adempiere.pipo2.PackIn.importXML(PackIn.java:172)
	at org.adempiere.pipo2.PackIn.importXML(PackIn.java:135)
	at org.adempiere.pipo.srv.PipoDictionaryService.merge(PipoDictionaryService.java:110)
	at org.adempiere.plugin.utils.AbstractActivator.merge(AbstractActivator.java:86)

06:12:24.811-----------> PackInApplicationActivator.packIn: Pack in failed. [372]
java.lang.RuntimeException: class org.adempiere.model.GenericPO cannot be cast to class org.compiere.model.X_AD_PrintFormat (org.adempiere.model.GenericPO and org.compiere.model.X_AD_PrintFormat are in unnamed module of loader org.eclipse.osgi.internal.loader.EquinoxClassLoader @30b774b2)
	at org.adempiere.pipo2.PackIn.importXML(PackIn.java:187)
	at org.adempiere.pipo2.PackIn.importXML(PackIn.java:135)
	at org.adempiere.pipo.srv.PipoDictionaryService.merge(PipoDictionaryService.java:110)
	at org.adempiere.plugin.utils.AbstractActivator.merge(AbstractActivator.java:86)
	at org.adempiere.plugin.utils.PackInApplicationActivator.packIn(PackInApplicationActivator.java:208)
	at org.adempiere.plugin.utils.PackInApplicationActivator.installPackages(PackInApplicationActivator.java:115)
	at org.adempiere.plugin.utils.PackInApplicationActivator$1.run(PackInApplicationActivator.java:62)
	at java.base/java.util.TimerThread.mainLoop(Timer.java:566)
	at java.base/java.util.TimerThread.run(Timer.java:516)
caused by: java.lang.ClassCastException: class org.adempiere.model.GenericPO cannot be cast to class org.compiere.model.X_AD_PrintFormat (org.adempiere.model.GenericPO and org.compiere.model.X_AD_PrintFormat are in unnamed module of loader org.eclipse.osgi.internal.loader.EquinoxClassLoader @30b774b2)
	at org.adempiere.pipo2.handler.PrintFormatElementHandler.startElement(PrintFormatElementHandler.java:56)
	at org.adempiere.pipo2.PackInHandler.processElement(PackInHandler.java:237)
	at org.adempiere.pipo2.PackInHandler.processElement(PackInHandler.java:253)
	at org.adempiere.pipo2.PackInHandler.processElement(PackInHandler.java:253)
	at org.adempiere.pipo2.PackInHandler.endElement(PackInHandler.java:325)
	at java.xml/com.sun.org.apache.xerces.internal.parsers.AbstractSAXParser.endElement(AbstractSAXParser.java:618)
	at java.xml/com.sun.org.apache.xerces.internal.impl.XMLDocumentFragmentScannerImpl.scanEndElement(XMLDocumentFragmentScannerImpl.java:1728)
	at java.xml/com.sun.org.apache.xerces.internal.impl.XMLDocumentFragmentScannerImpl$FragmentContentDriver.next(XMLDocumentFragmentScannerImpl.java:2899)
	at java.xml/com.sun.org.apache.xerces.internal.impl.XMLDocumentScannerImpl.next(XMLDocumentScannerImpl.java:605)
	at java.xml/com.sun.org.apache.xerces.internal.impl.XMLDocumentFragmentScannerImpl.scanDocument(XMLDocumentFragmentScannerImpl.java:542)
	at java.xml/com.sun.org.apache.xerces.internal.parsers.XML11Configuration.parse(XML11Configuration.java:889)
	at java.xml/com.sun.org.apache.xerces.internal.parsers.XML11Configuration.parse(XML11Configuration.java:825)
	at java.xml/com.sun.org.apache.xerces.internal.parsers.XMLParser.parse(XMLParser.java:141)
	at java.xml/com.sun.org.apache.xerces.internal.parsers.AbstractSAXParser.parse(AbstractSAXParser.java:1224)
	at java.xml/com.sun.org.apache.xerces.internal.jaxp.SAXParserImpl$JAXPSAXParser.parse(SAXParserImpl.java:637)
	at java.xml/com.sun.org.apache.xerces.internal.jaxp.SAXParserImpl.parse(SAXParserImpl.java:326)
	at java.xml/javax.xml.parsers.SAXParser.parse(SAXParser.java:197)
	at org.adempiere.pipo2.PackIn.importXML(PackIn.java:172)
	at org.adempiere.pipo2.PackIn.importXML(PackIn.java:135)
	at org.adempiere.pipo.srv.PipoDictionaryService.merge(PipoDictionaryService.java:110)
	at org.adempiere.plugin.utils.AbstractActivator.merge(AbstractActivator.java:86)

06:12:24.812-----------> AbstractActivator.addLog: Failed application of migration/zip_2pack/202009010005_SYSTEM_BH_Initial_Inventory.zip [372]
06:12:24.815-----------> AbstractActivator.addLog: The following packages were not applied: 
202105131711_SYSTEM_CashierReports.zip
202101181614_SYSTEM_CheckUnprocessedPaymentsMenu.zip
202109071614_SYSTEM_OclSync.zip
202103251539_SYSTEM_FixTranslationColumnConfig.zip
202205181324_SYSTEM_ExpiredProductsListReport.zip
202109091843_SYSTEM_ImportProductsAndQuantities.zip
202208161457_SYSTEM_ChuckTestingFramework.zip
202009010017_SYSTEM_BH_Products.zip
202009010007_SYSTEM_BH_ProductInfo.zip
202009010006_SYSTEM_BH_TermsOfService.zip
202009010018_SYSTEM_BH_ReceiveGoods.zip
202103091615_SYSTEM_VisitDateAndReferredFromTo.zip
202009010016_SYSTEM_BH_ScheduledReports.zip
202103151302_SYSTEM_OrgInfoExtraInfo.zip
202011231155_SYSTEM_HomeScreenButtonTranslations-1.0.0.zip
202009010012_SYSTEM_BH_GenericSearchInfo.zip
202009010020_SYSTEM_BH_BusinessPartner.zip
202109100603_SYSTEM_VoidedTransactionsReport.zip
202102181606_SYSTEM_AddProcessStageField.zip
202104081303_SYSTEM_DeactivationOnWindow.zip
202009010011_SYSTEM_BH_Services.zip
202204121705_SYSTEM_DailyCashierCollectionsReport.zip
202011231735_SYSTEM_TabNavigationButtonTranslations-1.0.0.zip
202109201010_SYSTEM_705ReportsRename.zip
202009010024_SYSTEM_BH_InitialClientProcess_p2.zip
202111231246_SYSTEM_InventoryUpdateReasonColumn.zip
202009010013_SYSTEM_BH_SubRoles.zip
202110281105_SYSTEM_TriageFieldsAccessWindow.zip
202101221229_SYSTEM_AddClinicianField.zip
202009010010_SYSTEM_BH_Kibana.zip
202009010025_SYSTEM_BH_ProductCategory.zip
202106291432_SYSTEM_OpenBalanceReport.zip
202009010009_SYSTEM_BH_ServiceDebt.zip
202106211025_SYSTEM_CodedDiagnoses.zip
202009191308_SYSTEM_DefaultIncludedRoles-1.0.0.zip
202112021451_SYSTEM_CodedDiagnosisVoidReasonUpdate.zip
202009010023_SYSTEM_BH_InitialClientProcess_p1.zip
202009010015_SYSTEM_BH_BaseRoles.zip
202009010022_SYSTEM_BH_PaymentBankAccounts.zip
202009010005_SYSTEM_BH_Initial_Inventory.zip
202009010026_SYSTEM_BH_PatientBilling.zip
202009010021_SYSTEM_BH_MyExpenses.zip
202009010014_SYSTEM_BH_StockTake.zip
202103231235_SYSTEM_ServicesSoldReport.zip
202110281105_SYSTEM_TriageRole.zip
202108041453_SYSTEM_BillInvoiceReport.zip
202105311715_SYSTEM_InsuranceCustomization.zip
202101181232_SYSTEM_AddInsurancePaymentModes.zip
202011211657_SYSTEM_UIButtonConfigurations-1.0.0.zip [372]
