*** 2024-07-16 11:42:07.044 idempiere Log (CLogFile) ***
11:42:07.033 Adempiere.startup: iDempiere(r) Release 11_2023-12-24 -Smart Suite ERP, CRM and SCM- (c) 1999-2024 iDempiere(r); Implementation: iDempiere - Supported by iDempiere community [18]
11:42:07.045 Ini.loadProperties: /opt/idempiere/idempiere.properties #27 [18]
11:42:07.731-----------> Activator.createHazelCastInstance: Starting hazelcast with configuration from file hazelcast.xml [18]
11:42:08.479-----------> CPSubsystem: [172.23.0.4]:5701 [adempiere.idempiere/postgres:5679] [5.3.1] CP Subsystem is not enabled. CP data structures will operate in UNSAFE mode! Please note that UNSAFE mode will not provide strong consistency guarantees. [18]
11:42:13.529-----------> EMail.setFrom: you @ company.org: javax.mail.internet.AddressException: Local address contains control or whitespace in string ``you @ company.org'' [18]
11:42:13.532-----------> EMail.addTo: you @ company.org: javax.mail.internet.AddressException: Local address contains control or whitespace in string ``you @ company.org'' [18]
11:42:13.532-----------> EMail.isValid: From is invalid=null [18]
11:42:13.533-----------> EMail.isValid: From is invalid=null [18]
11:42:13.537-----------> MClient_BH.sendEMail: Could NOT Send Email: Server started: iDempiere (5edd645cfc8a:172.23.0.4) to you @ company.org: Invalid Data (System) [18]
11:42:14.448           LoggedSessionListener.contextInitialized: context initialized for 9.6.4 [18]
11:42:15.076-----------> DefaultAnnotationProcessor.fallbackToManualAnnotatedClasses: Unable to detect annotations. Application may fail to deploy. [18]
11:42:30.592-----------> ModelADServiceImpl.validateParameter: Web service type RunTests_GW: constant parameter AD_Process_ID changed to 999999 [294]
11:42:30.693-----------> DefaultProcessFactory.newProcessInstance: com.chuboe.test.process.DoChuBoePopulate [294]
java.lang.ClassNotFoundException: com.chuboe.test.process.DoChuBoePopulate cannot be found by org.adempiere.base_11.0.0.202402092117
	at org.eclipse.osgi.internal.loader.BundleLoader.generateException(BundleLoader.java:541)
	at org.eclipse.osgi.internal.loader.BundleLoader.findClass0(BundleLoader.java:536)
	at org.eclipse.osgi.internal.loader.BundleLoader.findClass(BundleLoader.java:416)
	at org.eclipse.osgi.internal.loader.ModuleClassLoader.loadClass(ModuleClassLoader.java:168)
	at java.base/java.lang.ClassLoader.loadClass(ClassLoader.java:525)
	at org.adempiere.base.DefaultProcessFactory.newProcessInstance(DefaultProcessFactory.java:65)
	at org.adempiere.base.Core.getProcess(Core.java:190)
	at org.adempiere.util.ProcessUtil.startJavaProcess(ProcessUtil.java:162)
	at org.adempiere.util.ProcessUtil.startJavaProcess(ProcessUtil.java:142)
	at org.compiere.model.MProcess.startClass(MProcess.java:480)
	at org.compiere.model.MProcess.processIt(MProcess.java:389)
	at org.idempiere.adinterface.Process.runProcess(Process.java:363)
	at org.idempiere.adinterface.ModelADServiceImpl.runProcess(ModelADServiceImpl.java:442)
	at java.base/jdk.internal.reflect.NativeMethodAccessorImpl.invoke0(Native Method)
	at java.base/jdk.internal.reflect.NativeMethodAccessorImpl.invoke(NativeMethodAccessorImpl.java:77)
	at java.base/jdk.internal.reflect.DelegatingMethodAccessorImpl.invoke(DelegatingMethodAccessorImpl.java:43)
	at java.base/java.lang.reflect.Method.invoke(Method.java:568)
	at org.apache.cxf.service.invoker.AbstractInvoker.performInvocation(AbstractInvoker.java:179)
	at org.apache.cxf.jaxws.JAXWSMethodInvoker.performInvocation(JAXWSMethodInvoker.java:66)
	at org.apache.cxf.service.invoker.AbstractInvoker.invoke(AbstractInvoker.java:96)
	at org.apache.cxf.jaxws.AbstractJAXWSMethodInvoker.invoke(AbstractJAXWSMethodInvoker.java:232)

11:42:30.695-----------> ModelADServiceImpl.runProcess: Error running webservice RunTests_GW -> Failed to create new process instance for com.chuboe.test.process.DoChuBoePopulate [294]
11:42:39.949-----------> ModelADServiceImpl.validateParameter: Web service type RunTests_GW: constant parameter AD_Process_ID changed to 999999 [270]
11:42:39.987-----------> DefaultProcessFactory.newProcessInstance: com.chuboe.test.process.DoChuBoePopulate [270]
java.lang.ClassNotFoundException: com.chuboe.test.process.DoChuBoePopulate cannot be found by org.adempiere.base_11.0.0.202402092117
	at org.eclipse.osgi.internal.loader.BundleLoader.generateException(BundleLoader.java:541)
	at org.eclipse.osgi.internal.loader.BundleLoader.findClass0(BundleLoader.java:536)
	at org.eclipse.osgi.internal.loader.BundleLoader.findClass(BundleLoader.java:416)
	at org.eclipse.osgi.internal.loader.ModuleClassLoader.loadClass(ModuleClassLoader.java:168)
	at java.base/java.lang.ClassLoader.loadClass(ClassLoader.java:525)
	at org.adempiere.base.DefaultProcessFactory.newProcessInstance(DefaultProcessFactory.java:65)
	at org.adempiere.base.Core.getProcess(Core.java:190)
	at org.adempiere.util.ProcessUtil.startJavaProcess(ProcessUtil.java:162)
	at org.adempiere.util.ProcessUtil.startJavaProcess(ProcessUtil.java:142)
	at org.compiere.model.MProcess.startClass(MProcess.java:480)
	at org.compiere.model.MProcess.processIt(MProcess.java:389)
	at org.idempiere.adinterface.Process.runProcess(Process.java:363)
	at org.idempiere.adinterface.ModelADServiceImpl.runProcess(ModelADServiceImpl.java:442)
	at java.base/jdk.internal.reflect.NativeMethodAccessorImpl.invoke0(Native Method)
	at java.base/jdk.internal.reflect.NativeMethodAccessorImpl.invoke(NativeMethodAccessorImpl.java:77)
	at java.base/jdk.internal.reflect.DelegatingMethodAccessorImpl.invoke(DelegatingMethodAccessorImpl.java:43)
	at java.base/java.lang.reflect.Method.invoke(Method.java:568)
	at org.apache.cxf.service.invoker.AbstractInvoker.performInvocation(AbstractInvoker.java:179)
	at org.apache.cxf.jaxws.JAXWSMethodInvoker.performInvocation(JAXWSMethodInvoker.java:66)
	at org.apache.cxf.service.invoker.AbstractInvoker.invoke(AbstractInvoker.java:96)
	at org.apache.cxf.jaxws.AbstractJAXWSMethodInvoker.invoke(AbstractJAXWSMethodInvoker.java:232)

11:42:39.988-----------> ModelADServiceImpl.runProcess: Error running webservice RunTests_GW -> Failed to create new process instance for com.chuboe.test.process.DoChuBoePopulate [270]
11:42:41.647-----------> SchemaClassScanner.handleNewType: Cannot find definition for field 'bh_window_id: BigDecimal' on input type 'BH_Voided_ReasonInput' -> org.bandahealth.idempiere.graphql.model.input.I_BH_Voided_ReasonInput. Try adding it manually to the dictionary [18]
11:42:42.442-----------> SchemaClassScanner.handleNewType: Cannot find definition for field 'bh_nextappointmentdate: Date' on input type 'C_BPartnerInput' -> org.bandahealth.idempiere.graphql.model.input.I_C_BPartnerInput. Try adding it manually to the dictionary [18]
11:42:49.384-----------> SchemaClassScanner.handleNewType: Cannot find definition for field 'ad_user_created: Date' on input type 'RV_BPartnerInput' -> org.bandahealth.idempiere.graphql.model.input.I_RV_BPartnerInput. Try adding it manually to the dictionary [18]
11:42:49.385-----------> SchemaClassScanner.handleNewType: Cannot find definition for field 'ad_user_updated: Date' on input type 'RV_BPartnerInput' -> org.bandahealth.idempiere.graphql.model.input.I_RV_BPartnerInput. Try adding it manually to the dictionary [18]
11:42:49.386-----------> SchemaClassScanner.handleNewType: Cannot find definition for field 'c_bp_dunninggrace: Date' on input type 'RV_BPartnerInput' -> org.bandahealth.idempiere.graphql.model.input.I_RV_BPartnerInput. Try adding it manually to the dictionary [18]
11:42:49.386-----------> SchemaClassScanner.handleNewType: Cannot find definition for field 'c_bp_location_created: Date' on input type 'RV_BPartnerInput' -> org.bandahealth.idempiere.graphql.model.input.I_RV_BPartnerInput. Try adding it manually to the dictionary [18]
11:42:49.387-----------> SchemaClassScanner.handleNewType: Cannot find definition for field 'c_bp_location_updated: Date' on input type 'RV_BPartnerInput' -> org.bandahealth.idempiere.graphql.model.input.I_RV_BPartnerInput. Try adding it manually to the dictionary [18]
11:42:49.387-----------> SchemaClassScanner.handleNewType: Cannot find definition for field 'c_location_created: Date' on input type 'RV_BPartnerInput' -> org.bandahealth.idempiere.graphql.model.input.I_RV_BPartnerInput. Try adding it manually to the dictionary [18]
11:42:49.388-----------> SchemaClassScanner.handleNewType: Cannot find definition for field 'c_location_updated: Date' on input type 'RV_BPartnerInput' -> org.bandahealth.idempiere.graphql.model.input.I_RV_BPartnerInput. Try adding it manually to the dictionary [18]
11:43:01.810-----------> ModelADServiceImpl.validateParameter: Web service type RunTests_GW: constant parameter AD_Process_ID changed to 999999 [285]
11:43:01.849-----------> DefaultProcessFactory.newProcessInstance: com.chuboe.test.process.DoChuBoePopulate [285]
java.lang.ClassNotFoundException: com.chuboe.test.process.DoChuBoePopulate cannot be found by org.adempiere.base_11.0.0.202402092117
	at org.eclipse.osgi.internal.loader.BundleLoader.generateException(BundleLoader.java:541)
	at org.eclipse.osgi.internal.loader.BundleLoader.findClass0(BundleLoader.java:536)
	at org.eclipse.osgi.internal.loader.BundleLoader.findClass(BundleLoader.java:416)
	at org.eclipse.osgi.internal.loader.ModuleClassLoader.loadClass(ModuleClassLoader.java:168)
	at java.base/java.lang.ClassLoader.loadClass(ClassLoader.java:525)
	at org.adempiere.base.DefaultProcessFactory.newProcessInstance(DefaultProcessFactory.java:65)
	at org.adempiere.base.Core.getProcess(Core.java:190)
	at org.adempiere.util.ProcessUtil.startJavaProcess(ProcessUtil.java:162)
	at org.adempiere.util.ProcessUtil.startJavaProcess(ProcessUtil.java:142)
	at org.compiere.model.MProcess.startClass(MProcess.java:480)
	at org.compiere.model.MProcess.processIt(MProcess.java:389)
	at org.idempiere.adinterface.Process.runProcess(Process.java:363)
	at org.idempiere.adinterface.ModelADServiceImpl.runProcess(ModelADServiceImpl.java:442)
	at java.base/jdk.internal.reflect.NativeMethodAccessorImpl.invoke0(Native Method)
	at java.base/jdk.internal.reflect.NativeMethodAccessorImpl.invoke(NativeMethodAccessorImpl.java:77)
	at java.base/jdk.internal.reflect.DelegatingMethodAccessorImpl.invoke(DelegatingMethodAccessorImpl.java:43)
	at java.base/java.lang.reflect.Method.invoke(Method.java:568)
	at org.apache.cxf.service.invoker.AbstractInvoker.performInvocation(AbstractInvoker.java:179)
	at org.apache.cxf.jaxws.JAXWSMethodInvoker.performInvocation(JAXWSMethodInvoker.java:66)
	at org.apache.cxf.service.invoker.AbstractInvoker.invoke(AbstractInvoker.java:96)
	at org.apache.cxf.jaxws.AbstractJAXWSMethodInvoker.invoke(AbstractJAXWSMethodInvoker.java:232)

11:43:01.852-----------> ModelADServiceImpl.runProcess: Error running webservice RunTests_GW -> Failed to create new process instance for com.chuboe.test.process.DoChuBoePopulate [285]
11:43:09.392-----------> AdempiereActivator.installPackage: Installing org.bandahealth.idempiere.base.test 11.0.0 ... [262]
11:43:09.393-----------> AdempiereActivator.installPackage: org.bandahealth.idempiere.base.test 11.0.0 installed. [262]
11:43:09.397-----------> AdempiereActivator.installPackage: Installing org.bandahealth.idempiere.report.test 11.0.0 ... [349]
11:43:09.397-----------> AdempiereActivator.installPackage: org.bandahealth.idempiere.report.test 11.0.0 installed. [349]
11:43:09.399-----------> AdempiereActivator.installPackage: Installing org.bandahealth.idempiere.rest.test 11.0.0 ... [343]
11:43:09.399-----------> AdempiereActivator.installPackage: org.bandahealth.idempiere.rest.test 11.0.0 installed. [343]
11:43:09.401-----------> AdempiereActivator.installPackage: Installing org.bandahealth.idempiere.graphql.test 11.0.0 ... [378]
11:43:09.402-----------> AdempiereActivator.installPackage: org.bandahealth.idempiere.graphql.test 11.0.0 installed. [378]
11:43:09.404-----------> AdempiereActivator.installPackage: Installing org.bandahealth.idempiere.base 11.0.0 ... [304]
11:43:09.404-----------> AdempiereActivator.installPackage: org.bandahealth.idempiere.base 11.0.0 installed. [304]
11:43:09.406-----------> AdempiereActivator.installPackage: Installing com.chuboe.test.populate 11.0.0 ... [345]
11:43:09.407-----------> AdempiereActivator.installPackage: com.chuboe.test.populate 11.0.0 installed. [345]
11:43:25.583-----------> ModelADServiceImpl.validateParameter: Web service type RunTests_GW: constant parameter AD_Process_ID changed to 999999 [279]
11:43:25.655-----------> MChuBoePopulateResponse.set_Value: Classname - Value too long - truncated to length=60 [279]
11:43:25.935-----------> MChuBoePopulateResponse.set_Value: Classname - Value too long - truncated to length=60 [279]
11:43:27.081-----------> MChuBoePopulateResponse.set_Value: Classname - Value too long - truncated to length=60 [279]
11:43:28.386-----------> MCharge_BH.set_Value: Name - Value too long - truncated to length=60 [279]
11:43:30.186-----------> MCharge_BH.set_Value: Name - Value too long - truncated to length=60 [279]
11:43:31.221-----------> MChuBoePopulateResponse.set_Value: Classname - Value too long - truncated to length=60 [279]
11:43:33.182-----------> MChuBoePopulateResponse.set_Value: Classname - Value too long - truncated to length=60 [279]
11:43:33.243-----------> MChuBoePopulateResponse.set_Value: Classname - Value too long - truncated to length=60 [279]
11:43:33.334-----------> MChuBoePopulateResponse.set_Value: Classname - Value too long - truncated to length=60 [279]
11:43:33.680===========> ImportCSVProcess.process: org.adempiere.exceptions.AdempiereException: Field bh_gender not found in tab Business Partner [279]
org.adempiere.exceptions.AdempiereException: Field bh_gender not found in tab Business Partner
	at org.adempiere.impexp.GridTabCSVImporter.throwAdempiereException(GridTabCSVImporter.java:791)
	at org.adempiere.impexp.GridTabCSVImporter.mapCSVHeader(GridTabCSVImporter.java:379)
	at org.adempiere.impexp.GridTabCSVImporter.fileImport(GridTabCSVImporter.java:153)
	at org.idempiere.process.ImportCSVProcess.importFile(ImportCSVProcess.java:150)
	at org.idempiere.process.ImportCSVProcess.doIt(ImportCSVProcess.java:91)
	at org.compiere.process.SvrProcess.process(SvrProcess.java:256)
	at org.compiere.process.SvrProcess.startProcess(SvrProcess.java:164)
	at com.chuboe.test.populate.ChuBoeCreateEntity.runProcess(ChuBoeCreateEntity.java:1003)
	at org.bandahealth.idempiere.base.test.process.ImportBusinessPartnersProcessTest.businessPartnerIsImportedProperly(ImportBusinessPartnersProcessTest.java:133)
	at java.base/jdk.internal.reflect.NativeMethodAccessorImpl.invoke0(Native Method)
	at java.base/jdk.internal.reflect.NativeMethodAccessorImpl.invoke(NativeMethodAccessorImpl.java:77)
	at java.base/jdk.internal.reflect.DelegatingMethodAccessorImpl.invoke(DelegatingMethodAccessorImpl.java:43)
	at java.base/java.lang.reflect.Method.invoke(Method.java:568)
	at com.chuboe.test.process.DoChuBoePopulate.doIt(DoChuBoePopulate.java:245)
	at org.compiere.process.SvrProcess.process(SvrProcess.java:256)
	at org.compiere.process.SvrProcess.startProcess(SvrProcess.java:164)
	at org.adempiere.util.ProcessUtil.startJavaProcess(ProcessUtil.java:175)
	at org.adempiere.util.ProcessUtil.startJavaProcess(ProcessUtil.java:142)
	at org.compiere.model.MProcess.startClass(MProcess.java:480)
	at org.compiere.model.MProcess.processIt(MProcess.java:389)
	at org.idempiere.adinterface.Process.runProcess(Process.java:363)

11:43:33.714-----------> MChuBoePopulateResponse.set_Value: Classname - Value too long - truncated to length=60 [279]
11:43:33.808-----------> ImportProductsProcess.doIt: Set Duplicate Product Names=2 [279]
11:43:33.809-----------> ImportProductsProcess.doIt: Invalid Expiration Lot 1=1 [279]
11:43:33.953-----------> X_BH_I_Product_Quantity.set_Value: Name - Value too long - truncated to length=60 [279]
11:43:34.058===========> DB.executeUpdate: INSERT INTO M_Cost (AD_Client_ID,AD_Org_ID,M_Product_ID,M_CostType_ID,C_AcctSchema_ID,IsActive,Created,CreatedBy,Updated,UpdatedBy,CurrentCostPrice,FutureCostPrice,M_AttributeSetInstance_ID,CumulatedAmt,CumulatedQty,CurrentQty,M_Cost_UU) VALUES (?,?,?,?,?,?,?,?,?,?,?,?,?,?,?,?,?) [SvrProcess_ee257106-f0f0-4158-a07f-e5f1e862118e] [279]
org.postgresql.util.PSQLException: ERROR: null value in column "m_costelement_id" of relation "m_cost" violates not-null constraint
  Detail: Failing row contains (11, 0, 1000543, 100, 101, null, 1000055, Y, 2024-07-16 11:43:34.056, 100, 2024-07-16 11:43:34.056, 100, 2000, 9999999, 19999998000, 9999999, 0.0, null, 0, 0, null, N, 02614d45-759c-4242-b119-25decc135ab9).; State=23502; ErrorCode=0
	at org.postgresql.core.v3.QueryExecutorImpl.receiveErrorResponse(QueryExecutorImpl.java:2712)
	at org.postgresql.core.v3.QueryExecutorImpl.processResults(QueryExecutorImpl.java:2400)
	at org.postgresql.core.v3.QueryExecutorImpl.execute(QueryExecutorImpl.java:367)
	at org.postgresql.jdbc.PgStatement.executeInternal(PgStatement.java:498)
	at org.postgresql.jdbc.PgStatement.execute(PgStatement.java:415)
	at org.postgresql.jdbc.PgPreparedStatement.executeWithFlags(PgPreparedStatement.java:190)
	at org.postgresql.jdbc.PgPreparedStatement.executeUpdate(PgPreparedStatement.java:152)
	at com.zaxxer.hikari.pool.ProxyPreparedStatement.executeUpdate(ProxyPreparedStatement.java:61)
	at com.zaxxer.hikari.pool.HikariProxyPreparedStatement.executeUpdate(HikariProxyPreparedStatement.java)
	at jdk.internal.reflect.GeneratedMethodAccessor128.invoke(Unknown Source)
	at java.base/jdk.internal.reflect.DelegatingMethodAccessorImpl.invoke(DelegatingMethodAccessorImpl.java:43)
	at java.base/java.lang.reflect.Method.invoke(Method.java:568)
	at org.compiere.db.StatementProxy.invoke(StatementProxy.java:138)
	at jdk.proxy2/jdk.proxy2.$Proxy17.executeUpdate(Unknown Source)
	at org.compiere.util.DB.executeUpdate(DB.java:1045)
	at org.compiere.util.DB.executeUpdate(DB.java:1013)
	at org.compiere.model.PO.doInsert(PO.java:3395)
	at org.compiere.model.PO.saveNew(PO.java:3374)
	at org.compiere.model.PO.save(PO.java:2490)
	at org.bandahealth.idempiere.base.process.ImportProductsProcess.createLotAndCost(ImportProductsProcess.java:596)
	at org.bandahealth.idempiere.base.process.ImportProductsProcess.doIt(ImportProductsProcess.java:429)
	at org.compiere.process.SvrProcess.process(SvrProcess.java:256)
	at org.compiere.process.SvrProcess.startProcess(SvrProcess.java:164)

11:43:34.060===========> DB.saveError: DBExecuteError - ERROR: null value in column "m_costelement_id" of relation "m_cost" violates not-null constraint
  Detail: Failing row contains (11, 0, 1000543, 100, 101, null, 1000055, Y, 2024-07-16 11:43:34.056, 100, 2024-07-16 11:43:34.056, 100, 2000, 9999999, 19999998000, 9999999, 0.0, null, 0, 0, null, N, 02614d45-759c-4242-b119-25decc135ab9). [279]
11:43:34.061-----------> MCost.doInsert: [SvrProcess_ee257106-f0f0-4158-a07f-e5f1e862118e]Not inserted - M_Cost [279]
11:43:34.061===========> MCost.saveError: DBExecuteError - DBExecuteError:ERROR: null value in column "m_costelement_id" of relation "m_cost" violates not-null constraint
  Detail: Failing row contains (11, 0, 1000543, 100, 101, null, 1000055, Y, 2024-07-16 11:43:34.056, 100, 2024-07-16 11:43:34.056, 100, 2000, 9999999, 19999998000, 9999999, 0.0, null, 0, 0, null, N, 02614d45-759c-4242-b119-25decc135ab9). [279]
11:43:34.181-----------> MChuBoePopulateResponse.set_Value: Classname - Value too long - truncated to length=60 [279]
11:43:52.024===========> MProcessPara.validateUnknownParameter: Process InitialBandaClientSetup - Unknown Parameter: CoAFile= [279]
11:43:52.026===========> MProcessPara.validateUnknownParameter: Process InitialBandaClientSetup - Unknown Parameter: UseDefaultCoA= [279]
11:43:52.028===========> MProcessPara.validateUnknownParameter: Process InitialBandaClientSetup - Unknown Parameter: OrgName= [279]
11:43:52.030===========> MProcessPara.validateUnknownParameter: Process InitialBandaClientSetup - Unknown Parameter: AdminUserName= [279]
11:43:52.032===========> MProcessPara.validateUnknownParameter: Process InitialBandaClientSetup - Unknown Parameter: NormalUserName= [279]
11:43:52.039===========> MProcessPara.validateUnknownParameter: Process InitialBandaClientSetup - Unknown Parameter: AdminUserEmail= [279]
11:43:52.041===========> MProcessPara.validateUnknownParameter: Process InitialBandaClientSetup - Unknown Parameter: NormalUserEmail= [279]
11:43:52.891-----------> Trx.start: Trx in progress Setup_641e79fd-d659-46d0-a372-04843923ff04 [279]
11:43:55.513-----------> MAttributeSet_BH.afterSave: Reset Instance Attribute [279]
11:43:56.844-----------> MChuBoePopulateResponse.set_Value: Classname - Value too long - truncated to length=60 [279]
