*** 2024-08-12 11:40:33.332 idempiere Log (CLogFile) ***
11:40:33.331 Adempiere.startup: iDempiere(r) Release 11_2023-12-24 -Smart Suite ERP, CRM and SCM- (c) 1999-2024 iDempiere(r); Implementation: iDempiere - Supported by iDempiere community [1]
11:40:33.333 Ini.loadProperties: /opt/idempiere/idempiere.properties #27 [1]
11:40:33.857 SignDatabaseBuildApplication.start: Sign Database Build [1]
11:40:33.857 SignDatabaseBuildApplication.start: ------------------- [1]
11:40:33.858 SignDatabaseBuildApplication.start: Version = 11.0.0.202402092117 [1]
11:40:33.859 SignDatabaseBuildApplication.start: UPDATE AD_System SET LastBuildInfo = ? [1]
11:40:33.870     PreparedStatementProxy.invoke: Aug 12, 2024, 11:40:33 AM UTC,Update,AD_SYSTEM, (begin) [1]
11:40:33.871     HikariPool.logPoolState: HikariPool-1 - After adding stats (total=5, active=1, idle=4, waiting=0) [177]
11:40:33.872     Driver.connect: Connecting with URL: {0} (jdbc:postgresql://postgres:5679/idempiere?encoding=UNICODE&ApplicationName=iDempiere) [177]
11:40:33.872     PgConnection.<init>: PostgreSQL JDBC Driver 42.7.1 [177]
11:40:33.872     PgConnection.setDefaultFetchSize:   setDefaultFetchSize = {0} (0) [177]
11:40:33.873     PgConnection.setPrepareThreshold:   setPrepareThreshold = {0} (5) [177]
11:40:33.873     ConnectionFactoryImpl.openConnectionImpl: Trying to establish a protocol version 3 connection to {0} (postgres:5679) [177]
11:40:33.874     ConnectionFactoryImpl.tryConnect: Receive Buffer Size is {0} (65536) [177]
11:40:33.874     ConnectionFactoryImpl.tryConnect: Send Buffer Size is {0} (43520) [177]
11:40:33.880     PreparedStatementProxy.invoke: Aug 12, 2024, 11:40:33 AM UTC,Update,AD_SYSTEM, (end) [1]
11:40:33.883     HikariPool.call: HikariPool-1 - Added connection org.postgresql.jdbc.PgConnection@3ca88d26 [177]
11:40:33.913     HikariPool.logPoolState: HikariPool-1 - After adding stats (total=6, active=0, idle=6, waiting=0) [177]
11:40:33.914     Driver.connect: Connecting with URL: {0} (jdbc:postgresql://postgres:5679/idempiere?encoding=UNICODE&ApplicationName=iDempiere) [177]
11:40:33.914     PgConnection.<init>: PostgreSQL JDBC Driver 42.7.1 [177]
11:40:33.914     PgConnection.setDefaultFetchSize:   setDefaultFetchSize = {0} (0) [177]
11:40:33.915     PgConnection.setPrepareThreshold:   setPrepareThreshold = {0} (5) [177]
11:40:33.915     ConnectionFactoryImpl.openConnectionImpl: Trying to establish a protocol version 3 connection to {0} (postgres:5679) [177]
11:40:33.916     ConnectionFactoryImpl.tryConnect: Receive Buffer Size is {0} (65536) [177]
11:40:33.916     ConnectionFactoryImpl.tryConnect: Send Buffer Size is {0} (43520) [177]
11:40:33.924     HikariPool.call: HikariPool-1 - Added connection org.postgresql.jdbc.PgConnection@11a0af1f [177]
11:40:33.954     HikariPool.logPoolState: HikariPool-1 - After adding stats (total=7, active=0, idle=7, waiting=0) [177]
11:40:33.955     Driver.connect: Connecting with URL: {0} (jdbc:postgresql://postgres:5679/idempiere?encoding=UNICODE&ApplicationName=iDempiere) [177]
11:40:33.955     PgConnection.<init>: PostgreSQL JDBC Driver 42.7.1 [177]
11:40:33.955     PgConnection.setDefaultFetchSize:   setDefaultFetchSize = {0} (0) [177]
11:40:33.956     PgConnection.setPrepareThreshold:   setPrepareThreshold = {0} (5) [177]
11:40:33.956     ConnectionFactoryImpl.openConnectionImpl: Trying to establish a protocol version 3 connection to {0} (postgres:5679) [177]
11:40:33.956     ConnectionFactoryImpl.tryConnect: Receive Buffer Size is {0} (65536) [177]
11:40:33.957     ConnectionFactoryImpl.tryConnect: Send Buffer Size is {0} (43520) [177]
11:40:33.966     HikariPool.call: HikariPool-1 - Added connection org.postgresql.jdbc.PgConnection@7e6caebb [177]
11:40:33.996     HikariPool.logPoolState: HikariPool-1 - After adding stats (total=8, active=0, idle=8, waiting=0) [177]
11:40:33.996     Driver.connect: Connecting with URL: {0} (jdbc:postgresql://postgres:5679/idempiere?encoding=UNICODE&ApplicationName=iDempiere) [177]
11:40:33.997     PgConnection.<init>: PostgreSQL JDBC Driver 42.7.1 [177]
11:40:33.997     PgConnection.setDefaultFetchSize:   setDefaultFetchSize = {0} (0) [177]
11:40:33.997     PgConnection.setPrepareThreshold:   setPrepareThreshold = {0} (5) [177]
11:40:33.997     ConnectionFactoryImpl.openConnectionImpl: Trying to establish a protocol version 3 connection to {0} (postgres:5679) [177]
11:40:33.998     ConnectionFactoryImpl.tryConnect: Receive Buffer Size is {0} (65536) [177]
11:40:33.998     ConnectionFactoryImpl.tryConnect: Send Buffer Size is {0} (43520) [177]

*** 2024-08-12 11:40:34.001 idempiere Log (CLogFile) ***
