*** 2024-08-13 11:18:20.907 idempiere Log (CLogFile) ***
11:18:20.907 Adempiere.startup: iDempiere(r) Release 11_2023-12-24 -Smart Suite ERP, CRM and SCM- (c) 1999-2024 iDempiere(r); Implementation: iDempiere - Supported by iDempiere community [18]
11:18:20.908 Ini.loadProperties: /opt/idempiere/idempiere.properties #27 [18]
11:18:21.426-----------> Activator.createHazelCastInstance: Starting hazelcast with configuration from file hazelcast.xml [18]
11:18:21.894-----------> CPSubsystem: [172.18.0.4]:5701 [adempiere.idempiere/postgres:5679] [5.3.1] CP Subsystem is not enabled. CP data structures will operate in UNSAFE mode! Please note that UNSAFE mode will not provide strong consistency guarantees. [18]
11:18:26.010-----------> EMail.setFrom: you @ company.org: javax.mail.internet.AddressException: Local address contains control or whitespace in string ``you @ company.org'' [18]
11:18:26.012-----------> EMail.addTo: you @ company.org: javax.mail.internet.AddressException: Local address contains control or whitespace in string ``you @ company.org'' [18]
11:18:26.013-----------> EMail.isValid: From is invalid=null [18]
11:18:26.013-----------> EMail.isValid: From is invalid=null [18]
11:18:26.016-----------> MClient_BH.sendEMail: Could NOT Send Email: Server started: iDempiere (438b24b4866e:172.18.0.4) to you @ company.org: Invalid Data (System) [18]
11:18:26.704           LoggedSessionListener.contextInitialized: context initialized for 9.6.4 [18]
11:18:27.196-----------> DefaultAnnotationProcessor.fallbackToManualAnnotatedClasses: Unable to detect annotations. Application may fail to deploy. [18]
11:18:45.733-----------> SchemaClassScanner.handleNewType: Cannot find definition for field 'bh_window_id: BigDecimal' on input type 'BH_Voided_ReasonInput' -> org.bandahealth.idempiere.graphql.model.input.I_BH_Voided_ReasonInput. Try adding it manually to the dictionary [18]
11:18:46.208-----------> SchemaClassScanner.handleNewType: Cannot find definition for field 'bh_nextappointmentdate: Date' on input type 'C_BPartnerInput' -> org.bandahealth.idempiere.graphql.model.input.I_C_BPartnerInput. Try adding it manually to the dictionary [18]
11:18:50.867-----------> SchemaClassScanner.handleNewType: Cannot find definition for field 'ad_user_created: Date' on input type 'RV_BPartnerInput' -> org.bandahealth.idempiere.graphql.model.input.I_RV_BPartnerInput. Try adding it manually to the dictionary [18]
11:18:50.868-----------> SchemaClassScanner.handleNewType: Cannot find definition for field 'ad_user_updated: Date' on input type 'RV_BPartnerInput' -> org.bandahealth.idempiere.graphql.model.input.I_RV_BPartnerInput. Try adding it manually to the dictionary [18]
11:18:50.868-----------> SchemaClassScanner.handleNewType: Cannot find definition for field 'c_bp_dunninggrace: Date' on input type 'RV_BPartnerInput' -> org.bandahealth.idempiere.graphql.model.input.I_RV_BPartnerInput. Try adding it manually to the dictionary [18]
11:18:50.869-----------> SchemaClassScanner.handleNewType: Cannot find definition for field 'c_bp_location_created: Date' on input type 'RV_BPartnerInput' -> org.bandahealth.idempiere.graphql.model.input.I_RV_BPartnerInput. Try adding it manually to the dictionary [18]
11:18:50.869-----------> SchemaClassScanner.handleNewType: Cannot find definition for field 'c_bp_location_updated: Date' on input type 'RV_BPartnerInput' -> org.bandahealth.idempiere.graphql.model.input.I_RV_BPartnerInput. Try adding it manually to the dictionary [18]
11:18:50.870-----------> SchemaClassScanner.handleNewType: Cannot find definition for field 'c_location_created: Date' on input type 'RV_BPartnerInput' -> org.bandahealth.idempiere.graphql.model.input.I_RV_BPartnerInput. Try adding it manually to the dictionary [18]
11:18:50.870-----------> SchemaClassScanner.handleNewType: Cannot find definition for field 'c_location_updated: Date' on input type 'RV_BPartnerInput' -> org.bandahealth.idempiere.graphql.model.input.I_RV_BPartnerInput. Try adding it manually to the dictionary [18]
11:19:06.465===========> MUser.loadPO: AD_User_ID=190000, SQL=SELECT AD_User_ID,Name,Description,Password,AD_Client_ID,AD_Org_ID,IsActive,Created,CreatedBy,Updated,UpdatedBy,EMail,Supervisor_ID,C_BPartner_ID,Processing,EMailUser,EMailUserPW,C_Greeting_ID,Phone2,Birthday,C_BPartner_Location_ID,Phone,Fax,LastResult,LastContact,Title,Comments,AD_OrgTrx_ID,EMailVerify,LDAPUser,EMailVerifyDate,NotificationType,IsFullBPAccess,C_Job_ID,Value,UserPIN,IsInPayroll,AD_User_UU,Salt,IsSalesLead,C_Location_ID,LeadSource,LeadStatus,LeadSourceDescription,LeadStatusDescription,C_Campaign_ID,SalesRep_ID,BPName,BP_Location_ID,IsMenuAutoExpand,IsLocked,DateAccountLocked,FailedLoginCount,DatePasswordChanged,DateLastLogin,IsNoPasswordReset,IsExpired,SecurityQuestion,Answer,IsAddMailTextAutomatically,R_DefaultMailText_ID,AD_Image_ID,IsNoExpire,IsSupportUser,IsShipTo,IsBillTo,IsVendorLead,AuthenticationType,eve_bpartners,BH_HasAcceptedTermsOfUse,BH_TOS_DATE_ACCEPTED FROM AD_User WHERE AD_User_ID=? [32]
org.postgresql.util.PSQLException: ERROR: column "eve_bpartners" does not exist
  Position: 836; State=42703; ErrorCode=0
	at org.postgresql.core.v3.QueryExecutorImpl.receiveErrorResponse(QueryExecutorImpl.java:2712)
	at org.postgresql.core.v3.QueryExecutorImpl.processResults(QueryExecutorImpl.java:2400)
	at org.postgresql.core.v3.QueryExecutorImpl.execute(QueryExecutorImpl.java:367)
	at org.postgresql.jdbc.PgStatement.executeInternal(PgStatement.java:498)
	at org.postgresql.jdbc.PgStatement.execute(PgStatement.java:415)
	at org.postgresql.jdbc.PgPreparedStatement.executeWithFlags(PgPreparedStatement.java:190)
	at org.postgresql.jdbc.PgPreparedStatement.executeQuery(PgPreparedStatement.java:134)
	at com.zaxxer.hikari.pool.ProxyPreparedStatement.executeQuery(ProxyPreparedStatement.java:52)
	at com.zaxxer.hikari.pool.HikariProxyPreparedStatement.executeQuery(HikariProxyPreparedStatement.java)
	at java.base/jdk.internal.reflect.NativeMethodAccessorImpl.invoke0(Native Method)
	at java.base/jdk.internal.reflect.NativeMethodAccessorImpl.invoke(NativeMethodAccessorImpl.java:77)
	at java.base/jdk.internal.reflect.DelegatingMethodAccessorImpl.invoke(DelegatingMethodAccessorImpl.java:43)
	at java.base/java.lang.reflect.Method.invoke(Method.java:568)
	at org.compiere.db.StatementProxy.invoke(StatementProxy.java:138)
	at jdk.proxy2/jdk.proxy2.$Proxy17.executeQuery(Unknown Source)
	at org.compiere.model.PO.loadPO(PO.java:1584)
	at org.compiere.model.PO.load(PO.java:1506)
	at org.compiere.model.PO.load(PO.java:1457)
	at org.compiere.model.PO.<init>(PO.java:249)
	at org.compiere.model.PO.<init>(PO.java:162)
	at org.compiere.model.X_AD_User.<init>(X_AD_User.java:40)
	at org.compiere.model.MUser.<init>(MUser.java:335)
	at org.compiere.model.MUser.get(MUser.java:156)
	at org.compiere.server.AcctProcessor.doWork(AcctProcessor.java:91)
	at org.compiere.server.AdempiereServer.doRun(AdempiereServer.java:292)
	at org.compiere.server.AdempiereServer.run(AdempiereServer.java:271)
	at org.compiere.server.AdempiereServerMgr$LocalServerController.run(AdempiereServerMgr.java:780)

11:19:06.475===========> MUser.loadPO: AD_User_ID=101, SQL=SELECT AD_User_ID,Name,Description,Password,AD_Client_ID,AD_Org_ID,IsActive,Created,CreatedBy,Updated,UpdatedBy,EMail,Supervisor_ID,C_BPartner_ID,Processing,EMailUser,EMailUserPW,C_Greeting_ID,Phone2,Birthday,C_BPartner_Location_ID,Phone,Fax,LastResult,LastContact,Title,Comments,AD_OrgTrx_ID,EMailVerify,LDAPUser,EMailVerifyDate,NotificationType,IsFullBPAccess,C_Job_ID,Value,UserPIN,IsInPayroll,AD_User_UU,Salt,IsSalesLead,C_Location_ID,LeadSource,LeadStatus,LeadSourceDescription,LeadStatusDescription,C_Campaign_ID,SalesRep_ID,BPName,BP_Location_ID,IsMenuAutoExpand,IsLocked,DateAccountLocked,FailedLoginCount,DatePasswordChanged,DateLastLogin,IsNoPasswordReset,IsExpired,SecurityQuestion,Answer,IsAddMailTextAutomatically,R_DefaultMailText_ID,AD_Image_ID,IsNoExpire,IsSupportUser,IsShipTo,IsBillTo,IsVendorLead,AuthenticationType,eve_bpartners,BH_HasAcceptedTermsOfUse,BH_TOS_DATE_ACCEPTED FROM AD_User WHERE AD_User_ID=? [271]
org.postgresql.util.PSQLException: ERROR: column "eve_bpartners" does not exist
  Position: 836; State=42703; ErrorCode=0
	at org.postgresql.core.v3.QueryExecutorImpl.receiveErrorResponse(QueryExecutorImpl.java:2712)
	at org.postgresql.core.v3.QueryExecutorImpl.processResults(QueryExecutorImpl.java:2400)
	at org.postgresql.core.v3.QueryExecutorImpl.execute(QueryExecutorImpl.java:367)
	at org.postgresql.jdbc.PgStatement.executeInternal(PgStatement.java:498)
	at org.postgresql.jdbc.PgStatement.execute(PgStatement.java:415)
	at org.postgresql.jdbc.PgPreparedStatement.executeWithFlags(PgPreparedStatement.java:190)
	at org.postgresql.jdbc.PgPreparedStatement.executeQuery(PgPreparedStatement.java:134)
	at com.zaxxer.hikari.pool.ProxyPreparedStatement.executeQuery(ProxyPreparedStatement.java:52)
	at com.zaxxer.hikari.pool.HikariProxyPreparedStatement.executeQuery(HikariProxyPreparedStatement.java)
	at java.base/jdk.internal.reflect.NativeMethodAccessorImpl.invoke0(Native Method)
	at java.base/jdk.internal.reflect.NativeMethodAccessorImpl.invoke(NativeMethodAccessorImpl.java:77)
	at java.base/jdk.internal.reflect.DelegatingMethodAccessorImpl.invoke(DelegatingMethodAccessorImpl.java:43)
	at java.base/java.lang.reflect.Method.invoke(Method.java:568)
	at org.compiere.db.StatementProxy.invoke(StatementProxy.java:138)
	at jdk.proxy2/jdk.proxy2.$Proxy17.executeQuery(Unknown Source)
	at org.compiere.model.PO.loadPO(PO.java:1584)
	at org.compiere.model.PO.load(PO.java:1506)
	at org.compiere.model.PO.load(PO.java:1457)
	at org.compiere.model.PO.<init>(PO.java:249)
	at org.compiere.model.PO.<init>(PO.java:162)
	at org.compiere.model.X_AD_User.<init>(X_AD_User.java:40)
	at org.compiere.model.MUser.<init>(MUser.java:335)
	at org.compiere.model.MUser.get(MUser.java:156)
	at org.compiere.server.AcctProcessor.doWork(AcctProcessor.java:91)
	at org.compiere.server.AdempiereServer.doRun(AdempiereServer.java:292)
	at org.compiere.server.AdempiereServer.run(AdempiereServer.java:271)
	at org.compiere.server.AdempiereServerMgr$LocalServerController.run(AdempiereServerMgr.java:780)

11:19:08.876-----------> AdempiereActivator.installPackage: Installing org.bandahealth.idempiere.graphql.test 11.0.0 ... [354]
11:19:08.877-----------> AdempiereActivator.installPackage: org.bandahealth.idempiere.graphql.test 11.0.0 installed. [354]
11:19:08.878-----------> AdempiereActivator.installPackage: Installing org.bandahealth.idempiere.base.test 11.0.0 ... [371]
11:19:08.879-----------> AdempiereActivator.installPackage: org.bandahealth.idempiere.base.test 11.0.0 installed. [371]
11:19:08.880-----------> AdempiereActivator.installPackage: Installing com.chuboe.test.populate 11.0.0 ... [369]
11:19:08.880-----------> AdempiereActivator.installPackage: com.chuboe.test.populate 11.0.0 installed. [369]
11:19:08.882-----------> AdempiereActivator.installPackage: Installing org.bandahealth.idempiere.report.test 11.0.0 ... [385]
11:19:08.882-----------> AdempiereActivator.installPackage: org.bandahealth.idempiere.report.test 11.0.0 installed. [385]
11:19:08.883-----------> AdempiereActivator.installPackage: Installing org.bandahealth.idempiere.rest.test 11.0.0 ... [327]
11:19:08.884-----------> AdempiereActivator.installPackage: org.bandahealth.idempiere.rest.test 11.0.0 installed. [327]
11:19:08.885-----------> AdempiereActivator.installPackage: Installing org.bandahealth.idempiere.base 11.0.0 ... [367]
11:19:08.885-----------> AdempiereActivator.installPackage: org.bandahealth.idempiere.base 11.0.0 installed. [367]
11:19:12.696===========> Query.list: SELECT AD_User_ID,Name,Description,Password,AD_Client_ID,AD_Org_ID,IsActive,Created,CreatedBy,Updated,UpdatedBy,EMail,Supervisor_ID,C_BPartner_ID,Processing,EMailUser,EMailUserPW,C_Greeting_ID,Phone2,Birthday,C_BPartner_Location_ID,Phone,Fax,LastResult,LastContact,Title,Comments,AD_OrgTrx_ID,EMailVerify,LDAPUser,EMailVerifyDate,NotificationType,IsFullBPAccess,C_Job_ID,Value,UserPIN,IsInPayroll,AD_User_UU,Salt,IsSalesLead,C_Location_ID,LeadSource,LeadStatus,LeadSourceDescription,LeadStatusDescription,C_Campaign_ID,SalesRep_ID,BPName,BP_Location_ID,IsMenuAutoExpand,IsLocked,DateAccountLocked,FailedLoginCount,DatePasswordChanged,DateLastLogin,IsNoPasswordReset,IsExpired,SecurityQuestion,Answer,IsAddMailTextAutomatically,R_DefaultMailText_ID,AD_Image_ID,IsNoExpire,IsSupportUser,IsShipTo,IsBillTo,IsVendorLead,AuthenticationType,eve_bpartners,BH_HasAcceptedTermsOfUse,BH_TOS_DATE_ACCEPTED FROM AD_User WHERE (Password IS NOT NULL AND COALESCE(LDAPUser,Name)=?	AND EXISTS (SELECT * FROM AD_User u 	INNER JOIN	AD_Client c ON (u.AD_Client_ID = c.AD_Client_ID)		WHERE (COALESCE(u.AuthenticationType, c.AuthenticationType) IN  ('APO', 'AAS') 	OR COALESCE(u.AuthenticationType, c.AuthenticationType) IS NULL) AND u.AD_User_ID = AD_User.AD_User_ID)  AND EXISTS (SELECT * FROM AD_User_Roles ur         INNER JOIN AD_Role r ON (ur.AD_Role_ID=r.AD_Role_ID)         WHERE ur.AD_User_ID=AD_User.AD_User_ID AND ur.IsActive='Y' AND r.IsActive='Y' AND (r.RoleType IN ('WS') OR r.RoleType IS NULL)) AND  EXISTS (SELECT * FROM AD_Client c         WHERE c.AD_Client_ID=AD_User.AD_Client_ID         AND c.IsActive='Y') AND  AD_User.IsActive='Y') ORDER BY AD_User_ID [348]
org.postgresql.util.PSQLException: ERROR: column "eve_bpartners" does not exist
  Position: 836; State=42703; ErrorCode=0
	at org.postgresql.core.v3.QueryExecutorImpl.receiveErrorResponse(QueryExecutorImpl.java:2712)
	at org.postgresql.core.v3.QueryExecutorImpl.processResults(QueryExecutorImpl.java:2400)
	at org.postgresql.core.v3.QueryExecutorImpl.execute(QueryExecutorImpl.java:367)
	at org.postgresql.jdbc.PgStatement.executeInternal(PgStatement.java:498)
	at org.postgresql.jdbc.PgStatement.execute(PgStatement.java:415)
	at org.postgresql.jdbc.PgPreparedStatement.executeWithFlags(PgPreparedStatement.java:190)
	at org.postgresql.jdbc.PgPreparedStatement.executeQuery(PgPreparedStatement.java:134)
	at com.zaxxer.hikari.pool.ProxyPreparedStatement.executeQuery(ProxyPreparedStatement.java:52)
	at com.zaxxer.hikari.pool.HikariProxyPreparedStatement.executeQuery(HikariProxyPreparedStatement.java)
	at jdk.internal.reflect.GeneratedMethodAccessor100.invoke(Unknown Source)
	at java.base/jdk.internal.reflect.DelegatingMethodAccessorImpl.invoke(DelegatingMethodAccessorImpl.java:43)
	at java.base/java.lang.reflect.Method.invoke(Method.java:568)
	at org.compiere.db.StatementProxy.invoke(StatementProxy.java:138)
	at jdk.proxy2/jdk.proxy2.$Proxy17.executeQuery(Unknown Source)
	at org.compiere.model.Query.createResultSet(Query.java:1002)
	at org.compiere.model.Query.list(Query.java:322)
	at org.compiere.util.Login.getClients(Login.java:1395)
	at org.compiere.util.Login.getClients(Login.java:1276)
	at org.idempiere.webservices.AbstractService.login(AbstractService.java:115)
	at org.idempiere.adinterface.ModelADServiceImpl.runProcess(ModelADServiceImpl.java:406)
	at java.base/jdk.internal.reflect.NativeMethodAccessorImpl.invoke0(Native Method)

11:19:12.699-----------> PhaseInterceptorChain.doDefaultLogging: Application {http://idempiere.org/ADInterface/1_0}ModelADService#{http://idempiere.org/ADInterface/1_0}runProcess has thrown exception, unwinding now [348]
org.apache.cxf.interceptor.Fault: org.postgresql.util.PSQLException: ERROR: column "eve_bpartners" does not exist
  Position: 836
	at org.apache.cxf.service.invoker.AbstractInvoker.createFault(AbstractInvoker.java:162)
	at org.apache.cxf.jaxws.AbstractJAXWSMethodInvoker.createFault(AbstractJAXWSMethodInvoker.java:267)
	at org.apache.cxf.service.invoker.AbstractInvoker.invoke(AbstractInvoker.java:128)
	at org.apache.cxf.jaxws.AbstractJAXWSMethodInvoker.invoke(AbstractJAXWSMethodInvoker.java:232)
	at org.apache.cxf.jaxws.JAXWSMethodInvoker.invoke(JAXWSMethodInvoker.java:85)
	at org.apache.cxf.service.invoker.AbstractInvoker.invoke(AbstractInvoker.java:74)
	at org.apache.cxf.interceptor.ServiceInvokerInterceptor$1.run(ServiceInvokerInterceptor.java:59)
	at java.base/java.util.concurrent.Executors$RunnableAdapter.call(Executors.java:539)
	at java.base/java.util.concurrent.FutureTask.run(FutureTask.java:264)
	at org.apache.cxf.interceptor.ServiceInvokerInterceptor$2.run(ServiceInvokerInterceptor.java:126)
	at org.apache.cxf.workqueue.SynchronousExecutor.execute(SynchronousExecutor.java:37)
	at org.apache.cxf.interceptor.ServiceInvokerInterceptor.handleMessage(ServiceInvokerInterceptor.java:131)
	at org.apache.cxf.phase.PhaseInterceptorChain.doIntercept(PhaseInterceptorChain.java:308)
	at org.apache.cxf.transport.ChainInitiationObserver.onMessage(ChainInitiationObserver.java:121)
	at org.apache.cxf.transport.http.AbstractHTTPDestination.invoke(AbstractHTTPDestination.java:265)
	at org.apache.cxf.transport.servlet.ServletController.invokeDestination(ServletController.java:234)
	at org.apache.cxf.transport.servlet.ServletController.invoke(ServletController.java:208)
	at org.apache.cxf.transport.servlet.ServletController.invoke(ServletController.java:160)
	at org.apache.cxf.transport.servlet.CXFNonSpringServlet.invoke(CXFNonSpringServlet.java:225)
	at org.apache.cxf.transport.servlet.AbstractHTTPServlet.handleRequest(AbstractHTTPServlet.java:298)
	at org.apache.cxf.transport.servlet.AbstractHTTPServlet.doPost(AbstractHTTPServlet.java:217)
caused by: org.adempiere.exceptions.DBException: org.postgresql.util.PSQLException: ERROR: column "eve_bpartners" does not exist
  Position: 836
	at org.compiere.model.Query.list(Query.java:332)
	at org.compiere.util.Login.getClients(Login.java:1395)
	at org.compiere.util.Login.getClients(Login.java:1276)
	at org.idempiere.webservices.AbstractService.login(AbstractService.java:115)
	at org.idempiere.adinterface.ModelADServiceImpl.runProcess(ModelADServiceImpl.java:406)
	at java.base/jdk.internal.reflect.NativeMethodAccessorImpl.invoke0(Native Method)
	at java.base/jdk.internal.reflect.NativeMethodAccessorImpl.invoke(NativeMethodAccessorImpl.java:77)
	at java.base/jdk.internal.reflect.DelegatingMethodAccessorImpl.invoke(DelegatingMethodAccessorImpl.java:43)
	at java.base/java.lang.reflect.Method.invoke(Method.java:568)
	at org.apache.cxf.service.invoker.AbstractInvoker.performInvocation(AbstractInvoker.java:179)
	at org.apache.cxf.jaxws.JAXWSMethodInvoker.performInvocation(JAXWSMethodInvoker.java:66)
	at org.apache.cxf.service.invoker.AbstractInvoker.invoke(AbstractInvoker.java:96)
	at org.apache.cxf.jaxws.AbstractJAXWSMethodInvoker.invoke(AbstractJAXWSMethodInvoker.java:232)
	at org.apache.cxf.jaxws.JAXWSMethodInvoker.invoke(JAXWSMethodInvoker.java:85)
	at org.apache.cxf.service.invoker.AbstractInvoker.invoke(AbstractInvoker.java:74)
	at org.apache.cxf.interceptor.ServiceInvokerInterceptor$1.run(ServiceInvokerInterceptor.java:59)
	at java.base/java.util.concurrent.Executors$RunnableAdapter.call(Executors.java:539)
	at java.base/java.util.concurrent.FutureTask.run(FutureTask.java:264)
	at org.apache.cxf.interceptor.ServiceInvokerInterceptor$2.run(ServiceInvokerInterceptor.java:126)
	at org.apache.cxf.workqueue.SynchronousExecutor.execute(SynchronousExecutor.java:37)
	at org.apache.cxf.interceptor.ServiceInvokerInterceptor.handleMessage(ServiceInvokerInterceptor.java:131)
caused by: org.postgresql.util.PSQLException: ERROR: column "eve_bpartners" does not exist
  Position: 836; State=42703; ErrorCode=0
	at org.postgresql.core.v3.QueryExecutorImpl.receiveErrorResponse(QueryExecutorImpl.java:2712)
	at org.postgresql.core.v3.QueryExecutorImpl.processResults(QueryExecutorImpl.java:2400)
	at org.postgresql.core.v3.QueryExecutorImpl.execute(QueryExecutorImpl.java:367)
	at org.postgresql.jdbc.PgStatement.executeInternal(PgStatement.java:498)
	at org.postgresql.jdbc.PgStatement.execute(PgStatement.java:415)
	at org.postgresql.jdbc.PgPreparedStatement.executeWithFlags(PgPreparedStatement.java:190)
	at org.postgresql.jdbc.PgPreparedStatement.executeQuery(PgPreparedStatement.java:134)
	at com.zaxxer.hikari.pool.ProxyPreparedStatement.executeQuery(ProxyPreparedStatement.java:52)
	at com.zaxxer.hikari.pool.HikariProxyPreparedStatement.executeQuery(HikariProxyPreparedStatement.java)
	at jdk.internal.reflect.GeneratedMethodAccessor100.invoke(Unknown Source)
	at java.base/jdk.internal.reflect.DelegatingMethodAccessorImpl.invoke(DelegatingMethodAccessorImpl.java:43)
	at java.base/java.lang.reflect.Method.invoke(Method.java:568)
	at org.compiere.db.StatementProxy.invoke(StatementProxy.java:138)
	at jdk.proxy2/jdk.proxy2.$Proxy17.executeQuery(Unknown Source)
	at org.compiere.model.Query.createResultSet(Query.java:1002)
	at org.compiere.model.Query.list(Query.java:322)
	at org.compiere.util.Login.getClients(Login.java:1395)
	at org.compiere.util.Login.getClients(Login.java:1276)
	at org.idempiere.webservices.AbstractService.login(AbstractService.java:115)
	at org.idempiere.adinterface.ModelADServiceImpl.runProcess(ModelADServiceImpl.java:406)
	at java.base/jdk.internal.reflect.NativeMethodAccessorImpl.invoke0(Native Method)

11:21:08.877-----------> AbstractActivator.installedPackage: 202105131711_SYSTEM_CashierReports.zip [389]
11:21:08.880-----------> AbstractActivator.installedPackage: 202101181614_SYSTEM_CheckUnprocessedPaymentsMenu.zip [389]
11:21:08.882-----------> AbstractActivator.installedPackage: 202109071614_SYSTEM_OclSync.zip [389]
11:21:08.884-----------> AbstractActivator.installedPackage: 202103251539_SYSTEM_FixTranslationColumnConfig.zip [389]
11:21:08.885-----------> AbstractActivator.installedPackage: 202009010002_SYSTEM_BH_SysConfiguration.zip [389]
11:21:08.887-----------> AbstractActivator.installedPackage: 202205181324_SYSTEM_ExpiredProductsListReport.zip [389]
11:21:08.888-----------> AbstractActivator.installedPackage: 202109091843_SYSTEM_ImportProductsAndQuantities.zip [389]
11:21:08.889-----------> AbstractActivator.installedPackage: 202208161457_SYSTEM_ChuckTestingFramework.zip [389]
11:21:08.891-----------> AbstractActivator.installedPackage: 202009010017_SYSTEM_BH_Products.zip [389]
11:21:08.893-----------> AbstractActivator.installedPackage: 202009010007_SYSTEM_BH_ProductInfo.zip [389]
11:21:08.894-----------> AbstractActivator.installedPackage: 202009010006_SYSTEM_BH_TermsOfService.zip [389]
11:21:08.896-----------> AbstractActivator.installedPackage: 202009010018_SYSTEM_BH_ReceiveGoods.zip [389]
11:21:08.897-----------> AbstractActivator.installedPackage: 202103091615_SYSTEM_VisitDateAndReferredFromTo.zip [389]
11:21:08.898-----------> AbstractActivator.installedPackage: 202009010016_SYSTEM_BH_ScheduledReports.zip [389]
11:21:08.899-----------> AbstractActivator.installedPackage: 202103151302_SYSTEM_OrgInfoExtraInfo.zip [389]
11:21:08.901-----------> AbstractActivator.installedPackage: 202011231155_SYSTEM_HomeScreenButtonTranslations-1.0.0.zip [389]
11:21:08.902-----------> AbstractActivator.installedPackage: 202009010001_SYSTEM_BH_TabNavigationButtons.zip [389]
11:21:08.903-----------> AbstractActivator.installedPackage: 202009010012_SYSTEM_BH_GenericSearchInfo.zip [389]
11:21:08.904-----------> AbstractActivator.installedPackage: 202009010020_SYSTEM_BH_BusinessPartner.zip [389]
11:21:08.906-----------> AbstractActivator.installedPackage: 202109100603_SYSTEM_VoidedTransactionsReport.zip [389]
11:21:08.907-----------> AbstractActivator.installedPackage: 202102181606_SYSTEM_AddProcessStageField.zip [389]
11:21:08.909-----------> AbstractActivator.installedPackage: 202104081303_SYSTEM_DeactivationOnWindow.zip [389]
11:21:08.910-----------> AbstractActivator.installedPackage: 202009010011_SYSTEM_BH_Services.zip [389]
11:21:08.911-----------> AbstractActivator.installedPackage: 202204121705_SYSTEM_DailyCashierCollectionsReport.zip [389]
11:21:08.912-----------> AbstractActivator.installedPackage: 202011231735_SYSTEM_TabNavigationButtonTranslations-1.0.0.zip [389]
11:21:08.913-----------> AbstractActivator.installedPackage: 202109201010_SYSTEM_705ReportsRename.zip [389]
11:21:08.914-----------> AbstractActivator.installedPackage: 202009010024_SYSTEM_BH_InitialClientProcess_p2.zip [389]
11:21:08.915-----------> AbstractActivator.installedPackage: 202111231246_SYSTEM_InventoryUpdateReasonColumn.zip [389]
11:21:08.916-----------> AbstractActivator.installedPackage: 202009010013_SYSTEM_BH_SubRoles.zip [389]
11:21:08.917-----------> AbstractActivator.installedPackage: 202110281105_SYSTEM_TriageFieldsAccessWindow.zip [389]
11:21:08.919-----------> AbstractActivator.installedPackage: 202101221229_SYSTEM_AddClinicianField.zip [389]
11:21:08.919-----------> AbstractActivator.installedPackage: 202009010010_SYSTEM_BH_Kibana.zip [389]
11:21:08.920-----------> AbstractActivator.installedPackage: 202009010025_SYSTEM_BH_ProductCategory.zip [389]
11:21:08.921-----------> AbstractActivator.installedPackage: 202009010004_SYSTEM_BH_Reports.zip [389]
11:21:08.922-----------> AbstractActivator.installedPackage: 202106291432_SYSTEM_OpenBalanceReport.zip [389]
11:21:08.923-----------> AbstractActivator.installedPackage: 202009010009_SYSTEM_BH_ServiceDebt.zip [389]
11:21:08.924-----------> AbstractActivator.installedPackage: 202106211025_SYSTEM_CodedDiagnoses.zip [389]
11:21:08.924-----------> AbstractActivator.installedPackage: 202009191308_SYSTEM_DefaultIncludedRoles-1.0.0.zip [389]
11:21:08.925-----------> AbstractActivator.installedPackage: 202112021451_SYSTEM_CodedDiagnosisVoidReasonUpdate.zip [389]
11:21:08.926-----------> AbstractActivator.installedPackage: 202009010023_SYSTEM_BH_InitialClientProcess_p1.zip [389]
11:21:08.927-----------> AbstractActivator.installedPackage: 202009010015_SYSTEM_BH_BaseRoles.zip [389]
11:21:08.928-----------> AbstractActivator.installedPackage: 202009010022_SYSTEM_BH_PaymentBankAccounts.zip [389]
11:21:08.929-----------> AbstractActivator.installedPackage: 202009010005_SYSTEM_BH_Initial_Inventory.zip [389]
11:21:08.930-----------> AbstractActivator.installedPackage: 202009010026_SYSTEM_BH_PatientBilling.zip [389]
11:21:08.931-----------> AbstractActivator.installedPackage: 202009010021_SYSTEM_BH_MyExpenses.zip [389]
11:21:08.932-----------> AbstractActivator.installedPackage: 202009010014_SYSTEM_BH_StockTake.zip [389]
11:21:08.933-----------> AbstractActivator.installedPackage: 202103231235_SYSTEM_ServicesSoldReport.zip [389]
11:21:08.934-----------> AbstractActivator.installedPackage: 202110281105_SYSTEM_TriageRole.zip [389]
11:21:08.935-----------> AbstractActivator.installedPackage: 202108041453_SYSTEM_BillInvoiceReport.zip [389]
11:21:08.936-----------> AbstractActivator.installedPackage: 202105311715_SYSTEM_InsuranceCustomization.zip [389]
11:21:08.937-----------> AbstractActivator.installedPackage: 202101181232_SYSTEM_AddInsurancePaymentModes.zip [389]
11:21:08.938-----------> AbstractActivator.installedPackage: 202011211657_SYSTEM_UIButtonConfigurations-1.0.0.zip [389]
11:21:08.961-----------> PackInApplicationActivator.packIn: Installing 202009010005_SYSTEM_BH_Initial_Inventory.zip ... [389]
11:21:08.973-----------> AbstractActivator.installedPackage: 202009010005_SYSTEM_BH_Initial_Inventory.zip [389]
11:21:09.362===========> DisplayType.getSQLDataType: Unhandled Data Type = 1000004 [389]
11:21:09.692===========> DisplayType.getSQLDataType: Unhandled Data Type = 1000004 [389]
11:21:10.179===========> AbstractModelFactory.getPO: (rs) - Table=AD_PrintFormat,Class=class org.compiere.print.MPrintFormat [389]
java.lang.reflect.InvocationTargetException
	at java.base/jdk.internal.reflect.NativeConstructorAccessorImpl.newInstance0(Native Method)
	at java.base/jdk.internal.reflect.NativeConstructorAccessorImpl.newInstance(NativeConstructorAccessorImpl.java:77)
	at java.base/jdk.internal.reflect.DelegatingConstructorAccessorImpl.newInstance(DelegatingConstructorAccessorImpl.java:45)
	at java.base/java.lang.reflect.Constructor.newInstanceWithCaller(Constructor.java:499)
	at java.base/java.lang.reflect.Constructor.newInstance(Constructor.java:480)
	at org.adempiere.base.AbstractModelFactory.getPO(AbstractModelFactory.java:242)
	at org.adempiere.base.AnnotationBasedModelFactory.getPO(AnnotationBasedModelFactory.java:230)
	at org.compiere.model.MTable.getPO(MTable.java:656)
	at org.compiere.model.Query.firstOnly(Query.java:409)
	at org.adempiere.pipo2.POFinder.findPO(POFinder.java:96)
	at org.adempiere.pipo2.AbstractElementHandler.findPO(AbstractElementHandler.java:550)
	at org.adempiere.pipo2.handler.PrintFormatElementHandler.startElement(PrintFormatElementHandler.java:56)
	at org.adempiere.pipo2.PackInHandler.processElement(PackInHandler.java:237)
	at org.adempiere.pipo2.PackInHandler.processElement(PackInHandler.java:253)
	at org.adempiere.pipo2.PackInHandler.processElement(PackInHandler.java:253)
	at org.adempiere.pipo2.PackInHandler.endElement(PackInHandler.java:325)
	at java.xml/com.sun.org.apache.xerces.internal.parsers.AbstractSAXParser.endElement(AbstractSAXParser.java:618)
	at java.xml/com.sun.org.apache.xerces.internal.impl.XMLDocumentFragmentScannerImpl.scanEndElement(XMLDocumentFragmentScannerImpl.java:1728)
	at java.xml/com.sun.org.apache.xerces.internal.impl.XMLDocumentFragmentScannerImpl$FragmentContentDriver.next(XMLDocumentFragmentScannerImpl.java:2899)
	at java.xml/com.sun.org.apache.xerces.internal.impl.XMLDocumentScannerImpl.next(XMLDocumentScannerImpl.java:605)
	at java.xml/com.sun.org.apache.xerces.internal.impl.XMLDocumentFragmentScannerImpl.scanDocument(XMLDocumentFragmentScannerImpl.java:542)
caused by: java.lang.NullPointerException: Cannot invoke "org.compiere.model.MRole.isColumnAccess(int, int, boolean, String)" because "role" is null
	at org.compiere.print.MPrintFormat.getItems(MPrintFormat.java:278)
	at org.compiere.print.MPrintFormat.<init>(MPrintFormat.java:124)
	at java.base/jdk.internal.reflect.NativeConstructorAccessorImpl.newInstance0(Native Method)
	at java.base/jdk.internal.reflect.NativeConstructorAccessorImpl.newInstance(NativeConstructorAccessorImpl.java:77)
	at java.base/jdk.internal.reflect.DelegatingConstructorAccessorImpl.newInstance(DelegatingConstructorAccessorImpl.java:45)
	at java.base/java.lang.reflect.Constructor.newInstanceWithCaller(Constructor.java:499)
	at java.base/java.lang.reflect.Constructor.newInstance(Constructor.java:480)
	at org.adempiere.base.AbstractModelFactory.getPO(AbstractModelFactory.java:242)
	at org.adempiere.base.AnnotationBasedModelFactory.getPO(AnnotationBasedModelFactory.java:230)
	at org.compiere.model.MTable.getPO(MTable.java:656)
	at org.compiere.model.Query.firstOnly(Query.java:409)
	at org.adempiere.pipo2.POFinder.findPO(POFinder.java:96)
	at org.adempiere.pipo2.AbstractElementHandler.findPO(AbstractElementHandler.java:550)
	at org.adempiere.pipo2.handler.PrintFormatElementHandler.startElement(PrintFormatElementHandler.java:56)
	at org.adempiere.pipo2.PackInHandler.processElement(PackInHandler.java:237)
	at org.adempiere.pipo2.PackInHandler.processElement(PackInHandler.java:253)
	at org.adempiere.pipo2.PackInHandler.processElement(PackInHandler.java:253)
	at org.adempiere.pipo2.PackInHandler.endElement(PackInHandler.java:325)
	at java.xml/com.sun.org.apache.xerces.internal.parsers.AbstractSAXParser.endElement(AbstractSAXParser.java:618)
	at java.xml/com.sun.org.apache.xerces.internal.impl.XMLDocumentFragmentScannerImpl.scanEndElement(XMLDocumentFragmentScannerImpl.java:1728)
	at java.xml/com.sun.org.apache.xerces.internal.impl.XMLDocumentFragmentScannerImpl$FragmentContentDriver.next(XMLDocumentFragmentScannerImpl.java:2899)

11:21:10.181===========> AbstractModelFactory.saveError: Error - Table=AD_PrintFormat,Class=class org.compiere.print.MPrintFormat [389]
11:21:10.188===========> AbstractModelFactory.getPO: (rs) - Table=AD_PrintFormat,Class=class org.compiere.print.MPrintFormat [389]
java.lang.reflect.InvocationTargetException
	at java.base/jdk.internal.reflect.NativeConstructorAccessorImpl.newInstance0(Native Method)
	at java.base/jdk.internal.reflect.NativeConstructorAccessorImpl.newInstance(NativeConstructorAccessorImpl.java:77)
	at java.base/jdk.internal.reflect.DelegatingConstructorAccessorImpl.newInstance(DelegatingConstructorAccessorImpl.java:45)
	at java.base/java.lang.reflect.Constructor.newInstanceWithCaller(Constructor.java:499)
	at java.base/java.lang.reflect.Constructor.newInstance(Constructor.java:480)
	at org.adempiere.base.AbstractModelFactory.getPO(AbstractModelFactory.java:242)
	at org.adempiere.base.AbstractModelFactory.getPO(AbstractModelFactory.java:222)
	at org.compiere.model.MTable.getPO(MTable.java:656)
	at org.compiere.model.Query.firstOnly(Query.java:409)
	at org.adempiere.pipo2.POFinder.findPO(POFinder.java:96)
	at org.adempiere.pipo2.AbstractElementHandler.findPO(AbstractElementHandler.java:550)
	at org.adempiere.pipo2.handler.PrintFormatElementHandler.startElement(PrintFormatElementHandler.java:56)
	at org.adempiere.pipo2.PackInHandler.processElement(PackInHandler.java:237)
	at org.adempiere.pipo2.PackInHandler.processElement(PackInHandler.java:253)
	at org.adempiere.pipo2.PackInHandler.processElement(PackInHandler.java:253)
	at org.adempiere.pipo2.PackInHandler.endElement(PackInHandler.java:325)
	at java.xml/com.sun.org.apache.xerces.internal.parsers.AbstractSAXParser.endElement(AbstractSAXParser.java:618)
	at java.xml/com.sun.org.apache.xerces.internal.impl.XMLDocumentFragmentScannerImpl.scanEndElement(XMLDocumentFragmentScannerImpl.java:1728)
	at java.xml/com.sun.org.apache.xerces.internal.impl.XMLDocumentFragmentScannerImpl$FragmentContentDriver.next(XMLDocumentFragmentScannerImpl.java:2899)
	at java.xml/com.sun.org.apache.xerces.internal.impl.XMLDocumentScannerImpl.next(XMLDocumentScannerImpl.java:605)
	at java.xml/com.sun.org.apache.xerces.internal.impl.XMLDocumentFragmentScannerImpl.scanDocument(XMLDocumentFragmentScannerImpl.java:542)
caused by: java.lang.NullPointerException: Cannot invoke "org.compiere.model.MRole.isColumnAccess(int, int, boolean, String)" because "role" is null
	at org.compiere.print.MPrintFormat.getItems(MPrintFormat.java:278)
	at org.compiere.print.MPrintFormat.<init>(MPrintFormat.java:124)
	at java.base/jdk.internal.reflect.NativeConstructorAccessorImpl.newInstance0(Native Method)
	at java.base/jdk.internal.reflect.NativeConstructorAccessorImpl.newInstance(NativeConstructorAccessorImpl.java:77)
	at java.base/jdk.internal.reflect.DelegatingConstructorAccessorImpl.newInstance(DelegatingConstructorAccessorImpl.java:45)
	at java.base/java.lang.reflect.Constructor.newInstanceWithCaller(Constructor.java:499)
	at java.base/java.lang.reflect.Constructor.newInstance(Constructor.java:480)
	at org.adempiere.base.AbstractModelFactory.getPO(AbstractModelFactory.java:242)
	at org.adempiere.base.AbstractModelFactory.getPO(AbstractModelFactory.java:222)
	at org.compiere.model.MTable.getPO(MTable.java:656)
	at org.compiere.model.Query.firstOnly(Query.java:409)
	at org.adempiere.pipo2.POFinder.findPO(POFinder.java:96)
	at org.adempiere.pipo2.AbstractElementHandler.findPO(AbstractElementHandler.java:550)
	at org.adempiere.pipo2.handler.PrintFormatElementHandler.startElement(PrintFormatElementHandler.java:56)
	at org.adempiere.pipo2.PackInHandler.processElement(PackInHandler.java:237)
	at org.adempiere.pipo2.PackInHandler.processElement(PackInHandler.java:253)
	at org.adempiere.pipo2.PackInHandler.processElement(PackInHandler.java:253)
	at org.adempiere.pipo2.PackInHandler.endElement(PackInHandler.java:325)
	at java.xml/com.sun.org.apache.xerces.internal.parsers.AbstractSAXParser.endElement(AbstractSAXParser.java:618)
	at java.xml/com.sun.org.apache.xerces.internal.impl.XMLDocumentFragmentScannerImpl.scanEndElement(XMLDocumentFragmentScannerImpl.java:1728)
	at java.xml/com.sun.org.apache.xerces.internal.impl.XMLDocumentFragmentScannerImpl$FragmentContentDriver.next(XMLDocumentFragmentScannerImpl.java:2899)

11:21:10.189===========> AbstractModelFactory.saveError: Error - Table=AD_PrintFormat,Class=class org.compiere.print.MPrintFormat [389]
11:21:10.192===========> PackIn.importXML: importXML: [389]
java.lang.ClassCastException: class org.adempiere.model.GenericPO cannot be cast to class org.compiere.model.X_AD_PrintFormat (org.adempiere.model.GenericPO and org.compiere.model.X_AD_PrintFormat are in unnamed module of loader org.eclipse.osgi.internal.loader.EquinoxClassLoader @6bf30cf)
	at org.adempiere.pipo2.handler.PrintFormatElementHandler.startElement(PrintFormatElementHandler.java:56)
	at org.adempiere.pipo2.PackInHandler.processElement(PackInHandler.java:237)
	at org.adempiere.pipo2.PackInHandler.processElement(PackInHandler.java:253)
	at org.adempiere.pipo2.PackInHandler.processElement(PackInHandler.java:253)
	at org.adempiere.pipo2.PackInHandler.endElement(PackInHandler.java:325)
	at java.xml/com.sun.org.apache.xerces.internal.parsers.AbstractSAXParser.endElement(AbstractSAXParser.java:618)
	at java.xml/com.sun.org.apache.xerces.internal.impl.XMLDocumentFragmentScannerImpl.scanEndElement(XMLDocumentFragmentScannerImpl.java:1728)
	at java.xml/com.sun.org.apache.xerces.internal.impl.XMLDocumentFragmentScannerImpl$FragmentContentDriver.next(XMLDocumentFragmentScannerImpl.java:2899)
	at java.xml/com.sun.org.apache.xerces.internal.impl.XMLDocumentScannerImpl.next(XMLDocumentScannerImpl.java:605)
	at java.xml/com.sun.org.apache.xerces.internal.impl.XMLDocumentFragmentScannerImpl.scanDocument(XMLDocumentFragmentScannerImpl.java:542)
	at java.xml/com.sun.org.apache.xerces.internal.parsers.XML11Configuration.parse(XML11Configuration.java:889)
	at java.xml/com.sun.org.apache.xerces.internal.parsers.XML11Configuration.parse(XML11Configuration.java:825)
	at java.xml/com.sun.org.apache.xerces.internal.parsers.XMLParser.parse(XMLParser.java:141)
	at java.xml/com.sun.org.apache.xerces.internal.parsers.AbstractSAXParser.parse(AbstractSAXParser.java:1224)
	at java.xml/com.sun.org.apache.xerces.internal.jaxp.SAXParserImpl$JAXPSAXParser.parse(SAXParserImpl.java:637)
	at java.xml/com.sun.org.apache.xerces.internal.jaxp.SAXParserImpl.parse(SAXParserImpl.java:326)
	at java.xml/javax.xml.parsers.SAXParser.parse(SAXParser.java:197)
	at org.adempiere.pipo2.PackIn.importXML(PackIn.java:172)
	at org.adempiere.pipo2.PackIn.importXML(PackIn.java:135)
	at org.adempiere.pipo.srv.PipoDictionaryService.merge(PipoDictionaryService.java:110)
	at org.adempiere.plugin.utils.AbstractActivator.merge(AbstractActivator.java:86)

11:21:10.193===========> PackIn.importXML: importXML: [389]
java.lang.RuntimeException: class org.adempiere.model.GenericPO cannot be cast to class org.compiere.model.X_AD_PrintFormat (org.adempiere.model.GenericPO and org.compiere.model.X_AD_PrintFormat are in unnamed module of loader org.eclipse.osgi.internal.loader.EquinoxClassLoader @6bf30cf)
	at org.adempiere.pipo2.PackIn.importXML(PackIn.java:187)
	at org.adempiere.pipo2.PackIn.importXML(PackIn.java:135)
	at org.adempiere.pipo.srv.PipoDictionaryService.merge(PipoDictionaryService.java:110)
	at org.adempiere.plugin.utils.AbstractActivator.merge(AbstractActivator.java:86)
	at org.adempiere.plugin.utils.PackInApplicationActivator.packIn(PackInApplicationActivator.java:208)
	at org.adempiere.plugin.utils.PackInApplicationActivator.installPackages(PackInApplicationActivator.java:115)
	at org.adempiere.plugin.utils.PackInApplicationActivator$1.run(PackInApplicationActivator.java:62)
	at java.base/java.util.TimerThread.mainLoop(Timer.java:566)
	at java.base/java.util.TimerThread.run(Timer.java:516)
caused by: java.lang.ClassCastException: class org.adempiere.model.GenericPO cannot be cast to class org.compiere.model.X_AD_PrintFormat (org.adempiere.model.GenericPO and org.compiere.model.X_AD_PrintFormat are in unnamed module of loader org.eclipse.osgi.internal.loader.EquinoxClassLoader @6bf30cf)
	at org.adempiere.pipo2.handler.PrintFormatElementHandler.startElement(PrintFormatElementHandler.java:56)
	at org.adempiere.pipo2.PackInHandler.processElement(PackInHandler.java:237)
	at org.adempiere.pipo2.PackInHandler.processElement(PackInHandler.java:253)
	at org.adempiere.pipo2.PackInHandler.processElement(PackInHandler.java:253)
	at org.adempiere.pipo2.PackInHandler.endElement(PackInHandler.java:325)
	at java.xml/com.sun.org.apache.xerces.internal.parsers.AbstractSAXParser.endElement(AbstractSAXParser.java:618)
	at java.xml/com.sun.org.apache.xerces.internal.impl.XMLDocumentFragmentScannerImpl.scanEndElement(XMLDocumentFragmentScannerImpl.java:1728)
	at java.xml/com.sun.org.apache.xerces.internal.impl.XMLDocumentFragmentScannerImpl$FragmentContentDriver.next(XMLDocumentFragmentScannerImpl.java:2899)
	at java.xml/com.sun.org.apache.xerces.internal.impl.XMLDocumentScannerImpl.next(XMLDocumentScannerImpl.java:605)
	at java.xml/com.sun.org.apache.xerces.internal.impl.XMLDocumentFragmentScannerImpl.scanDocument(XMLDocumentFragmentScannerImpl.java:542)
	at java.xml/com.sun.org.apache.xerces.internal.parsers.XML11Configuration.parse(XML11Configuration.java:889)
	at java.xml/com.sun.org.apache.xerces.internal.parsers.XML11Configuration.parse(XML11Configuration.java:825)
	at java.xml/com.sun.org.apache.xerces.internal.parsers.XMLParser.parse(XMLParser.java:141)
	at java.xml/com.sun.org.apache.xerces.internal.parsers.AbstractSAXParser.parse(AbstractSAXParser.java:1224)
	at java.xml/com.sun.org.apache.xerces.internal.jaxp.SAXParserImpl$JAXPSAXParser.parse(SAXParserImpl.java:637)
	at java.xml/com.sun.org.apache.xerces.internal.jaxp.SAXParserImpl.parse(SAXParserImpl.java:326)
	at java.xml/javax.xml.parsers.SAXParser.parse(SAXParser.java:197)
	at org.adempiere.pipo2.PackIn.importXML(PackIn.java:172)
	at org.adempiere.pipo2.PackIn.importXML(PackIn.java:135)
	at org.adempiere.pipo.srv.PipoDictionaryService.merge(PipoDictionaryService.java:110)
	at org.adempiere.plugin.utils.AbstractActivator.merge(AbstractActivator.java:86)

11:21:10.196===========> PipoDictionaryService.merge: importXML: [389]
java.lang.RuntimeException: class org.adempiere.model.GenericPO cannot be cast to class org.compiere.model.X_AD_PrintFormat (org.adempiere.model.GenericPO and org.compiere.model.X_AD_PrintFormat are in unnamed module of loader org.eclipse.osgi.internal.loader.EquinoxClassLoader @6bf30cf)
	at org.adempiere.pipo2.PackIn.importXML(PackIn.java:187)
	at org.adempiere.pipo2.PackIn.importXML(PackIn.java:135)
	at org.adempiere.pipo.srv.PipoDictionaryService.merge(PipoDictionaryService.java:110)
	at org.adempiere.plugin.utils.AbstractActivator.merge(AbstractActivator.java:86)
	at org.adempiere.plugin.utils.PackInApplicationActivator.packIn(PackInApplicationActivator.java:208)
	at org.adempiere.plugin.utils.PackInApplicationActivator.installPackages(PackInApplicationActivator.java:115)
	at org.adempiere.plugin.utils.PackInApplicationActivator$1.run(PackInApplicationActivator.java:62)
	at java.base/java.util.TimerThread.mainLoop(Timer.java:566)
	at java.base/java.util.TimerThread.run(Timer.java:516)
caused by: java.lang.ClassCastException: class org.adempiere.model.GenericPO cannot be cast to class org.compiere.model.X_AD_PrintFormat (org.adempiere.model.GenericPO and org.compiere.model.X_AD_PrintFormat are in unnamed module of loader org.eclipse.osgi.internal.loader.EquinoxClassLoader @6bf30cf)
	at org.adempiere.pipo2.handler.PrintFormatElementHandler.startElement(PrintFormatElementHandler.java:56)
	at org.adempiere.pipo2.PackInHandler.processElement(PackInHandler.java:237)
	at org.adempiere.pipo2.PackInHandler.processElement(PackInHandler.java:253)
	at org.adempiere.pipo2.PackInHandler.processElement(PackInHandler.java:253)
	at org.adempiere.pipo2.PackInHandler.endElement(PackInHandler.java:325)
	at java.xml/com.sun.org.apache.xerces.internal.parsers.AbstractSAXParser.endElement(AbstractSAXParser.java:618)
	at java.xml/com.sun.org.apache.xerces.internal.impl.XMLDocumentFragmentScannerImpl.scanEndElement(XMLDocumentFragmentScannerImpl.java:1728)
	at java.xml/com.sun.org.apache.xerces.internal.impl.XMLDocumentFragmentScannerImpl$FragmentContentDriver.next(XMLDocumentFragmentScannerImpl.java:2899)
	at java.xml/com.sun.org.apache.xerces.internal.impl.XMLDocumentScannerImpl.next(XMLDocumentScannerImpl.java:605)
	at java.xml/com.sun.org.apache.xerces.internal.impl.XMLDocumentFragmentScannerImpl.scanDocument(XMLDocumentFragmentScannerImpl.java:542)
	at java.xml/com.sun.org.apache.xerces.internal.parsers.XML11Configuration.parse(XML11Configuration.java:889)
	at java.xml/com.sun.org.apache.xerces.internal.parsers.XML11Configuration.parse(XML11Configuration.java:825)
	at java.xml/com.sun.org.apache.xerces.internal.parsers.XMLParser.parse(XMLParser.java:141)
	at java.xml/com.sun.org.apache.xerces.internal.parsers.AbstractSAXParser.parse(AbstractSAXParser.java:1224)
	at java.xml/com.sun.org.apache.xerces.internal.jaxp.SAXParserImpl$JAXPSAXParser.parse(SAXParserImpl.java:637)
	at java.xml/com.sun.org.apache.xerces.internal.jaxp.SAXParserImpl.parse(SAXParserImpl.java:326)
	at java.xml/javax.xml.parsers.SAXParser.parse(SAXParser.java:197)
	at org.adempiere.pipo2.PackIn.importXML(PackIn.java:172)
	at org.adempiere.pipo2.PackIn.importXML(PackIn.java:135)
	at org.adempiere.pipo.srv.PipoDictionaryService.merge(PipoDictionaryService.java:110)
	at org.adempiere.plugin.utils.AbstractActivator.merge(AbstractActivator.java:86)

11:21:10.226-----------> PackInApplicationActivator.packIn: Pack in failed. [389]
java.lang.RuntimeException: class org.adempiere.model.GenericPO cannot be cast to class org.compiere.model.X_AD_PrintFormat (org.adempiere.model.GenericPO and org.compiere.model.X_AD_PrintFormat are in unnamed module of loader org.eclipse.osgi.internal.loader.EquinoxClassLoader @6bf30cf)
	at org.adempiere.pipo2.PackIn.importXML(PackIn.java:187)
	at org.adempiere.pipo2.PackIn.importXML(PackIn.java:135)
	at org.adempiere.pipo.srv.PipoDictionaryService.merge(PipoDictionaryService.java:110)
	at org.adempiere.plugin.utils.AbstractActivator.merge(AbstractActivator.java:86)
	at org.adempiere.plugin.utils.PackInApplicationActivator.packIn(PackInApplicationActivator.java:208)
	at org.adempiere.plugin.utils.PackInApplicationActivator.installPackages(PackInApplicationActivator.java:115)
	at org.adempiere.plugin.utils.PackInApplicationActivator$1.run(PackInApplicationActivator.java:62)
	at java.base/java.util.TimerThread.mainLoop(Timer.java:566)
	at java.base/java.util.TimerThread.run(Timer.java:516)
caused by: java.lang.ClassCastException: class org.adempiere.model.GenericPO cannot be cast to class org.compiere.model.X_AD_PrintFormat (org.adempiere.model.GenericPO and org.compiere.model.X_AD_PrintFormat are in unnamed module of loader org.eclipse.osgi.internal.loader.EquinoxClassLoader @6bf30cf)
	at org.adempiere.pipo2.handler.PrintFormatElementHandler.startElement(PrintFormatElementHandler.java:56)
	at org.adempiere.pipo2.PackInHandler.processElement(PackInHandler.java:237)
	at org.adempiere.pipo2.PackInHandler.processElement(PackInHandler.java:253)
	at org.adempiere.pipo2.PackInHandler.processElement(PackInHandler.java:253)
	at org.adempiere.pipo2.PackInHandler.endElement(PackInHandler.java:325)
	at java.xml/com.sun.org.apache.xerces.internal.parsers.AbstractSAXParser.endElement(AbstractSAXParser.java:618)
	at java.xml/com.sun.org.apache.xerces.internal.impl.XMLDocumentFragmentScannerImpl.scanEndElement(XMLDocumentFragmentScannerImpl.java:1728)
	at java.xml/com.sun.org.apache.xerces.internal.impl.XMLDocumentFragmentScannerImpl$FragmentContentDriver.next(XMLDocumentFragmentScannerImpl.java:2899)
	at java.xml/com.sun.org.apache.xerces.internal.impl.XMLDocumentScannerImpl.next(XMLDocumentScannerImpl.java:605)
	at java.xml/com.sun.org.apache.xerces.internal.impl.XMLDocumentFragmentScannerImpl.scanDocument(XMLDocumentFragmentScannerImpl.java:542)
	at java.xml/com.sun.org.apache.xerces.internal.parsers.XML11Configuration.parse(XML11Configuration.java:889)
	at java.xml/com.sun.org.apache.xerces.internal.parsers.XML11Configuration.parse(XML11Configuration.java:825)
	at java.xml/com.sun.org.apache.xerces.internal.parsers.XMLParser.parse(XMLParser.java:141)
	at java.xml/com.sun.org.apache.xerces.internal.parsers.AbstractSAXParser.parse(AbstractSAXParser.java:1224)
	at java.xml/com.sun.org.apache.xerces.internal.jaxp.SAXParserImpl$JAXPSAXParser.parse(SAXParserImpl.java:637)
	at java.xml/com.sun.org.apache.xerces.internal.jaxp.SAXParserImpl.parse(SAXParserImpl.java:326)
	at java.xml/javax.xml.parsers.SAXParser.parse(SAXParser.java:197)
	at org.adempiere.pipo2.PackIn.importXML(PackIn.java:172)
	at org.adempiere.pipo2.PackIn.importXML(PackIn.java:135)
	at org.adempiere.pipo.srv.PipoDictionaryService.merge(PipoDictionaryService.java:110)
	at org.adempiere.plugin.utils.AbstractActivator.merge(AbstractActivator.java:86)

11:21:10.227-----------> AbstractActivator.addLog: Failed application of migration/zip_2pack/202009010005_SYSTEM_BH_Initial_Inventory.zip [389]
11:21:10.230-----------> AbstractActivator.addLog: The following packages were not applied: 
202105131711_SYSTEM_CashierReports.zip
202101181614_SYSTEM_CheckUnprocessedPaymentsMenu.zip
202109071614_SYSTEM_OclSync.zip
202103251539_SYSTEM_FixTranslationColumnConfig.zip
202205181324_SYSTEM_ExpiredProductsListReport.zip
202109091843_SYSTEM_ImportProductsAndQuantities.zip
202208161457_SYSTEM_ChuckTestingFramework.zip
202009010017_SYSTEM_BH_Products.zip
202009010007_SYSTEM_BH_ProductInfo.zip
202009010006_SYSTEM_BH_TermsOfService.zip
202009010018_SYSTEM_BH_ReceiveGoods.zip
202103091615_SYSTEM_VisitDateAndReferredFromTo.zip
202009010016_SYSTEM_BH_ScheduledReports.zip
202103151302_SYSTEM_OrgInfoExtraInfo.zip
202011231155_SYSTEM_HomeScreenButtonTranslations-1.0.0.zip
202009010012_SYSTEM_BH_GenericSearchInfo.zip
202009010020_SYSTEM_BH_BusinessPartner.zip
202109100603_SYSTEM_VoidedTransactionsReport.zip
202102181606_SYSTEM_AddProcessStageField.zip
202104081303_SYSTEM_DeactivationOnWindow.zip
202009010011_SYSTEM_BH_Services.zip
202204121705_SYSTEM_DailyCashierCollectionsReport.zip
202011231735_SYSTEM_TabNavigationButtonTranslations-1.0.0.zip
202109201010_SYSTEM_705ReportsRename.zip
202009010024_SYSTEM_BH_InitialClientProcess_p2.zip
202111231246_SYSTEM_InventoryUpdateReasonColumn.zip
202009010013_SYSTEM_BH_SubRoles.zip
202110281105_SYSTEM_TriageFieldsAccessWindow.zip
202101221229_SYSTEM_AddClinicianField.zip
202009010010_SYSTEM_BH_Kibana.zip
202009010025_SYSTEM_BH_ProductCategory.zip
202106291432_SYSTEM_OpenBalanceReport.zip
202009010009_SYSTEM_BH_ServiceDebt.zip
202106211025_SYSTEM_CodedDiagnoses.zip
202009191308_SYSTEM_DefaultIncludedRoles-1.0.0.zip
202112021451_SYSTEM_CodedDiagnosisVoidReasonUpdate.zip
202009010023_SYSTEM_BH_InitialClientProcess_p1.zip
202009010015_SYSTEM_BH_BaseRoles.zip
202009010022_SYSTEM_BH_PaymentBankAccounts.zip
202009010005_SYSTEM_BH_Initial_Inventory.zip
202009010026_SYSTEM_BH_PatientBilling.zip
202009010021_SYSTEM_BH_MyExpenses.zip
202009010014_SYSTEM_BH_StockTake.zip
202103231235_SYSTEM_ServicesSoldReport.zip
202110281105_SYSTEM_TriageRole.zip
202108041453_SYSTEM_BillInvoiceReport.zip
202105311715_SYSTEM_InsuranceCustomization.zip
202101181232_SYSTEM_AddInsurancePaymentModes.zip
202011211657_SYSTEM_UIButtonConfigurations-1.0.0.zip [389]
